223.166.222.109 - - [18/Jul/2018:07:15:07 +0800] "POST /servicesmng/weixinmessage/wx2a2bf351945bc937/message.form?signature=46257e0421b6fdfb25314b5b1d0ea1941755213a&timestamp=1531869307&nonce=781155657&openid=oJr4nwIW7ytWU9z1mIRRX5597ELQ&encrypt_type=aes&msg_signature=45fbf55f55a23a992158afb9d33a3c362d2fc1e1 HTTP/1.1" 200 - "Mozilla/4.0" 0
140.207.54.75 - - [18/Jul/2018:07:15:22 +0800] "POST /servicesmng/weixinmessage/wx2a2bf351945bc937/message.form?signature=b8e3a0ca1a7111a21c16a91819e76bde8f51e915&timestamp=1531869322&nonce=997947724&openid=oJr4nwD0ZD6Xs_qJOpBwxjyOGafI&encrypt_type=aes&msg_signature=7c518bbb03f52a1d07ee878b6e62843f21b397dc HTTP/1.1" 200 - "Mozilla/4.0" 16
140.207.54.75 - - [18/Jul/2018:07:15:26 +0800] "POST /servicesmng/weixinmessage/wx2a2bf351945bc937/message.form?signature=08f72eb56dead4aa88adea42266d9ad45918872d&timestamp=1531869326&nonce=2117761177&openid=oJr4nwD0ZD6Xs_qJOpBwxjyOGafI&encrypt_type=aes&msg_signature=c7d2e1a1214eab026ee5c9bb28c0dc440e456812 HTTP/1.1" 200 - "Mozilla/4.0" 0
140.207.54.76 - - [18/Jul/2018:07:15:38 +0800] "POST /servicesmng/weixinmessage/wx2a2bf351945bc937/message.form?signature=12f033651c50e42b08d282b32a176e3c0b9fdf82&timestamp=1531869338&nonce=651059344&openid=oJr4nwD0ZD6Xs_qJOpBwxjyOGafI&encrypt_type=aes&msg_signature=94662e6d57d5bbe6c245103521ed3ef863e4655d HTTP/1.1" 200 - "Mozilla/4.0" 0
223.166.222.109 - - [18/Jul/2018:07:15:48 +0800] "POST /servicesmng/weixinmessage/wx2a2bf351945bc937/message.form?signature=027d1b3545232d658f2b33f6eb5ed7d7f9b57e6d&timestamp=1531869348&nonce=591333667&openid=oJr4nwIW7ytWU9z1mIRRX5597ELQ&encrypt_type=aes&msg_signature=ed32f952a95b078ef05c0c2fe10fbeae467ba845 HTTP/1.1" 200 - "Mozilla/4.0" 0
140.207.54.79 - - [18/Jul/2018:07:18:29 +0800] "POST /servicesmng/auth/notify.form?signature=2ca6a9918f8dd046c94cd7f50dc310a218116b5b&timestamp=1531869509&nonce=368004550&encrypt_type=aes&msg_signature=2e86e8718a1cd08df9a11406a06d111b066bee57 HTTP/1.1" 200 7 "Mozilla/4.0" 0
223.166.222.109 - - [18/Jul/2018:07:19:38 +0800] "POST /servicesmng/weixinmessage/wx136bbba674ea9fbb/message.form?signature=47599fec6c79e2a0af258258b2569106eff445b6&timestamp=1531869578&nonce=1080532989&openid=odrZbwhxOXQ6aiLkhfx2wFfrWMZI&encrypt_type=aes&msg_signature=d4b3f889f03b665846836fbe767ffa3799c2879e HTTP/1.1" 200 - "Mozilla/4.0" 0
106.17.27.160 - - [18/Jul/2018:07:19:39 +0800] "GET /servicesmng/oauth/wx136bbba674ea9fbb/snsapi_base.form?code=011BLAYM0BwaE32YuFZM0YOnYM0BLAY7&state=http%3A%2F%2Fweixin.hnzaojia.org.cn%2Fweixin%2Floginnew%3Fouri%3DtoDirectories&appid=wx136bbba674ea9fbb HTTP/1.1" 302 - "Mozilla/5.0 (Linux; Android 6.0; NCE-AL10 Build/HUAWEINCE-AL10; wv) AppleWebKit/537.36 (KHTML, like Gecko) Version/4.0 Chrome/57.0.2987.132 MQQBrowser/6.2 TBS/044112 Mobile Safari/537.36 MicroMessenger/6.6.7.1321(0x26060739) NetType/4G Language/zh_CN" 250
106.17.27.160 - - [18/Jul/2018:07:19:41 +0800] "OPTIONS /servicesmng/jsauth/jsapi_sign.form HTTP/1.1" 200 - "Mozilla/5.0 (Linux; Android 6.0; NCE-AL10 Build/HUAWEINCE-AL10; wv) AppleWebKit/537.36 (KHTML, like Gecko) Version/4.0 Chrome/57.0.2987.132 MQQBrowser/6.2 TBS/044112 Mobile Safari/537.36 MicroMessenger/6.6.7.1321(0x26060739) NetType/4G Language/zh_CN" 0
113.96.219.243 - - [18/Jul/2018:07:19:42 +0800] "POST /servicesmng/jsauth/jsapi_sign.form HTTP/1.1" 200 473 "Mozilla/5.0 (Linux; Android 6.0; NCE-AL10 Build/HUAWEINCE-AL10; wv) AppleWebKit/537.36 (KHTML, like Gecko) Version/4.0 Chrome/57.0.2987.132 MQQBrowser/6.2 TBS/044112 Mobile Safari/537.36 MicroMessenger/6.6.7.1321(0x26060739) NetType/4G Language/zh_CN" 0
14.116.142.84 - - [18/Jul/2018:07:20:21 +0800] "GET /servicesmng/jsauth/jsapi_sign.form HTTP/1.1" 415 1048 "Mozilla/5.0 (Linux; Android 6.0; zh-cn; HUAWEI NCE-AL10 Build/HUAWEINCE-AL10) AppleWebKit/537.36 (KHTML, like Gecko) Version/4.0 Mobile Safari/537.36" 0
14.116.142.84 - - [18/Jul/2018:07:20:22 +0800] "POST /servicesmng/jsauth/jsapi_sign.form HTTP/1.1" 200 473 "Mozilla/5.0 (Linux; Android 6.0; zh-cn; HUAWEI NCE-AL10 Build/HUAWEINCE-AL10) AppleWebKit/537.36 (KHTML, like Gecko) Version/4.0 Mobile Safari/537.36" 0
188.246.234.62 - - [18/Jul/2018:07:21:29 +0800] "GET /admin/assets/js/views/login.js HTTP/1.1" 404 1011 "python-requests/2.18.4" 0
188.246.234.62 - - [18/Jul/2018:07:22:17 +0800] "GET /admin/assets/js/views/login.js HTTP/1.1" 404 1011 "python-requests/2.18.4" 0
140.207.54.79 - - [18/Jul/2018:07:23:19 +0800] "POST /servicesmng/weixinmessage/wx2a2bf351945bc937/message.form?signature=cc75e7a51e40aac394d18d705661ab3729ff8252&timestamp=1531869799&nonce=1992122375&openid=oJr4nwLZ7fQJ6vSgFGAO9mOY8UMs&encrypt_type=aes&msg_signature=d37c0fa664654eac52c1b3b4443f0cd34e4a3a5a HTTP/1.1" 200 - "Mozilla/4.0" 0
106.17.27.160 - - [18/Jul/2018:07:23:44 +0800] "GET /servicesmng/bbgMessage/userReply.form?appId=wx4d67ae4842c1b4f8&openId=oIlEEj1O40ngSv8xqlrafPGwj92Y&bmUserId=8a9a45315b7b4093015b7b49d1270000&bmLink=https://wechat.zhdsbang.com/weixin/index.html?ouri=6874073f-a5e8-44b4-8805-12c0b4d9bd42@supplydemand$*appid=wx4d67ae4842c1b4f8$*state=wx4d67ae4842c1b4f8&bmId=76ef9798-098f-407a-95f9-14e4ec6ffe9c&key=aa2cbdd6e556cb8956be9fccd51e2a90&timestamp=1531820967840 HTTP/1.1" 302 - "Mozilla/5.0 (Linux; Android 6.0; NCE-AL10 Build/HUAWEINCE-AL10; wv) AppleWebKit/537.36 (KHTML, like Gecko) Version/4.0 Chrome/57.0.2987.132 MQQBrowser/6.2 TBS/044112 Mobile Safari/537.36 MicroMessenger/6.6.7.1321(0x26060739) NetType/4G Language/zh_CN" 109
106.17.27.160 - - [18/Jul/2018:07:23:47 +0800] "GET /servicesmng/oauth/wx4d67ae4842c1b4f8/snsapi_base.form?code=021PTzvA1vQPnf0R7KyA1KynvA1PTzvQ&state=https%3A%2F%2Fwechat.zhdsbang.com%2Fweixin%2Findex.html%3Fouri%3D6874073f-a5e8-44b4-8805-12c0b4d9bd42%40supplydemand&appid=wx4d67ae4842c1b4f8 HTTP/1.1" 302 - "Mozilla/5.0 (Linux; Android 6.0; NCE-AL10 Build/HUAWEINCE-AL10; wv) AppleWebKit/537.36 (KHTML, like Gecko) Version/4.0 Chrome/57.0.2987.132 MQQBrowser/6.2 TBS/044112 Mobile Safari/537.36 MicroMessenger/6.6.7.1321(0x26060739) NetType/4G Language/zh_CN" 171
106.17.27.160 - - [18/Jul/2018:07:23:48 +0800] "OPTIONS /httpServices/users/organization/getOrgIdByAppId.form HTTP/1.1" 200 - "Mozilla/5.0 (Linux; Android 6.0; NCE-AL10 Build/HUAWEINCE-AL10; wv) AppleWebKit/537.36 (KHTML, like Gecko) Version/4.0 Chrome/57.0.2987.132 MQQBrowser/6.2 TBS/044112 Mobile Safari/537.36 MicroMessenger/6.6.7.1321(0x26060739) NetType/4G Language/zh_CN" 0
106.17.27.160 - - [18/Jul/2018:07:23:48 +0800] "POST /httpServices/users/organization/getOrgIdByAppId.form HTTP/1.1" 200 1577 "Mozilla/5.0 (Linux; Android 6.0; NCE-AL10 Build/HUAWEINCE-AL10; wv) AppleWebKit/537.36 (KHTML, like Gecko) Version/4.0 Chrome/57.0.2987.132 MQQBrowser/6.2 TBS/044112 Mobile Safari/537.36 MicroMessenger/6.6.7.1321(0x26060739) NetType/4G Language/zh_CN" 16
106.17.27.160 - - [18/Jul/2018:07:23:48 +0800] "OPTIONS /httpServices/users/accounts/loginByOpenid.form HTTP/1.1" 200 - "Mozilla/5.0 (Linux; Android 6.0; NCE-AL10 Build/HUAWEINCE-AL10; wv) AppleWebKit/537.36 (KHTML, like Gecko) Version/4.0 Chrome/57.0.2987.132 MQQBrowser/6.2 TBS/044112 Mobile Safari/537.36 MicroMessenger/6.6.7.1321(0x26060739) NetType/4G Language/zh_CN" 0
106.17.27.160 - - [18/Jul/2018:07:23:49 +0800] "POST /httpServices/users/accounts/loginByOpenid.form HTTP/1.1" 200 674 "Mozilla/5.0 (Linux; Android 6.0; NCE-AL10 Build/HUAWEINCE-AL10; wv) AppleWebKit/537.36 (KHTML, like Gecko) Version/4.0 Chrome/57.0.2987.132 MQQBrowser/6.2 TBS/044112 Mobile Safari/537.36 MicroMessenger/6.6.7.1321(0x26060739) NetType/4G Language/zh_CN" 390
106.17.27.160 - - [18/Jul/2018:07:23:50 +0800] "OPTIONS /httpServices/suplydemands/suplydemandType/saveViewRecordsOpen.form HTTP/1.1" 200 - "Mozilla/5.0 (Linux; Android 6.0; NCE-AL10 Build/HUAWEINCE-AL10; wv) AppleWebKit/537.36 (KHTML, like Gecko) Version/4.0 Chrome/57.0.2987.132 MQQBrowser/6.2 TBS/044112 Mobile Safari/537.36 MicroMessenger/6.6.7.1321(0x26060739) NetType/4G Language/zh_CN" 0
106.17.27.160 - - [18/Jul/2018:07:23:50 +0800] "POST /httpServices/suplydemands/suplydemandType/saveViewRecordsOpen.form HTTP/1.1" 200 110 "Mozilla/5.0 (Linux; Android 6.0; NCE-AL10 Build/HUAWEINCE-AL10; wv) AppleWebKit/537.36 (KHTML, like Gecko) Version/4.0 Chrome/57.0.2987.132 MQQBrowser/6.2 TBS/044112 Mobile Safari/537.36 MicroMessenger/6.6.7.1321(0x26060739) NetType/4G Language/zh_CN" 16
106.17.27.160 - - [18/Jul/2018:07:23:50 +0800] "OPTIONS /httpServices/suplydemands/suplydemandType/getSuplydemandDetailsOpen.form HTTP/1.1" 200 - "Mozilla/5.0 (Linux; Android 6.0; NCE-AL10 Build/HUAWEINCE-AL10; wv) AppleWebKit/537.36 (KHTML, like Gecko) Version/4.0 Chrome/57.0.2987.132 MQQBrowser/6.2 TBS/044112 Mobile Safari/537.36 MicroMessenger/6.6.7.1321(0x26060739) NetType/4G Language/zh_CN" 0
106.17.27.160 - - [18/Jul/2018:07:23:51 +0800] "POST /httpServices/suplydemands/suplydemandType/getSuplydemandDetailsOpen.form HTTP/1.1" 200 1475 "Mozilla/5.0 (Linux; Android 6.0; NCE-AL10 Build/HUAWEINCE-AL10; wv) AppleWebKit/537.36 (KHTML, like Gecko) Version/4.0 Chrome/57.0.2987.132 MQQBrowser/6.2 TBS/044112 Mobile Safari/537.36 MicroMessenger/6.6.7.1321(0x26060739) NetType/4G Language/zh_CN" 1078
106.17.27.160 - - [18/Jul/2018:07:23:51 +0800] "OPTIONS /httpServices/suplydemands/SuplydemandRI/getQickSupplyReply.form HTTP/1.1" 200 - "Mozilla/5.0 (Linux; Android 6.0; NCE-AL10 Build/HUAWEINCE-AL10; wv) AppleWebKit/537.36 (KHTML, like Gecko) Version/4.0 Chrome/57.0.2987.132 MQQBrowser/6.2 TBS/044112 Mobile Safari/537.36 MicroMessenger/6.6.7.1321(0x26060739) NetType/4G Language/zh_CN" 0
106.17.27.160 - - [18/Jul/2018:07:23:52 +0800] "POST /httpServices/suplydemands/SuplydemandRI/getQickSupplyReply.form HTTP/1.1" 200 908 "Mozilla/5.0 (Linux; Android 6.0; NCE-AL10 Build/HUAWEINCE-AL10; wv) AppleWebKit/537.36 (KHTML, like Gecko) Version/4.0 Chrome/57.0.2987.132 MQQBrowser/6.2 TBS/044112 Mobile Safari/537.36 MicroMessenger/6.6.7.1321(0x26060739) NetType/4G Language/zh_CN" 15
106.17.27.160 - - [18/Jul/2018:07:23:52 +0800] "OPTIONS /httpServices/suplydemands/SuplydemandRI/getSupplyReply.form HTTP/1.1" 200 - "Mozilla/5.0 (Linux; Android 6.0; NCE-AL10 Build/HUAWEINCE-AL10; wv) AppleWebKit/537.36 (KHTML, like Gecko) Version/4.0 Chrome/57.0.2987.132 MQQBrowser/6.2 TBS/044112 Mobile Safari/537.36 MicroMessenger/6.6.7.1321(0x26060739) NetType/4G Language/zh_CN" 0
106.17.27.160 - - [18/Jul/2018:07:23:52 +0800] "POST /httpServices/suplydemands/SuplydemandRI/getSupplyReply.form HTTP/1.1" 200 98 "Mozilla/5.0 (Linux; Android 6.0; NCE-AL10 Build/HUAWEINCE-AL10; wv) AppleWebKit/537.36 (KHTML, like Gecko) Version/4.0 Chrome/57.0.2987.132 MQQBrowser/6.2 TBS/044112 Mobile Safari/537.36 MicroMessenger/6.6.7.1321(0x26060739) NetType/4G Language/zh_CN" 0
106.17.27.160 - - [18/Jul/2018:07:23:53 +0800] "OPTIONS /servicesmng/jsauth/jsapi_sign.form HTTP/1.1" 200 - "Mozilla/5.0 (Linux; Android 6.0; NCE-AL10 Build/HUAWEINCE-AL10; wv) AppleWebKit/537.36 (KHTML, like Gecko) Version/4.0 Chrome/57.0.2987.132 MQQBrowser/6.2 TBS/044112 Mobile Safari/537.36 MicroMessenger/6.6.7.1321(0x26060739) NetType/4G Language/zh_CN" 0
106.17.27.160 - - [18/Jul/2018:07:23:53 +0800] "POST /servicesmng/jsauth/jsapi_sign.form HTTP/1.1" 200 481 "Mozilla/5.0 (Linux; Android 6.0; NCE-AL10 Build/HUAWEINCE-AL10; wv) AppleWebKit/537.36 (KHTML, like Gecko) Version/4.0 Chrome/57.0.2987.132 MQQBrowser/6.2 TBS/044112 Mobile Safari/537.36 MicroMessenger/6.6.7.1321(0x26060739) NetType/4G Language/zh_CN" 0
106.17.27.160 - - [18/Jul/2018:07:24:00 +0800] "OPTIONS /httpServices/httpmenu/httpmenuController/getMenuByOrgId.form HTTP/1.1" 200 - "Mozilla/5.0 (Linux; Android 6.0; NCE-AL10 Build/HUAWEINCE-AL10; wv) AppleWebKit/537.36 (KHTML, like Gecko) Version/4.0 Chrome/57.0.2987.132 MQQBrowser/6.2 TBS/044112 Mobile Safari/537.36 MicroMessenger/6.6.7.1321(0x26060739) NetType/4G Language/zh_CN" 0
106.17.27.160 - - [18/Jul/2018:07:24:00 +0800] "POST /httpServices/httpmenu/httpmenuController/getMenuByOrgId.form HTTP/1.1" 200 1638 "Mozilla/5.0 (Linux; Android 6.0; NCE-AL10 Build/HUAWEINCE-AL10; wv) AppleWebKit/537.36 (KHTML, like Gecko) Version/4.0 Chrome/57.0.2987.132 MQQBrowser/6.2 TBS/044112 Mobile Safari/537.36 MicroMessenger/6.6.7.1321(0x26060739) NetType/4G Language/zh_CN" 15
106.17.27.160 - - [18/Jul/2018:07:24:00 +0800] "POST /servicesmng/jsauth/jsapi_sign.form HTTP/1.1" 200 438 "Mozilla/5.0 (Linux; Android 6.0; NCE-AL10 Build/HUAWEINCE-AL10; wv) AppleWebKit/537.36 (KHTML, like Gecko) Version/4.0 Chrome/57.0.2987.132 MQQBrowser/6.2 TBS/044112 Mobile Safari/537.36 MicroMessenger/6.6.7.1321(0x26060739) NetType/4G Language/zh_CN" 0
106.17.27.160 - - [18/Jul/2018:07:24:00 +0800] "OPTIONS /httpServices/suplydemands/suplydemandType/getSuplydemandInfosOpen.form HTTP/1.1" 200 - "Mozilla/5.0 (Linux; Android 6.0; NCE-AL10 Build/HUAWEINCE-AL10; wv) AppleWebKit/537.36 (KHTML, like Gecko) Version/4.0 Chrome/57.0.2987.132 MQQBrowser/6.2 TBS/044112 Mobile Safari/537.36 MicroMessenger/6.6.7.1321(0x26060739) NetType/4G Language/zh_CN" 0
106.17.27.160 - - [18/Jul/2018:07:24:01 +0800] "OPTIONS /httpServices/suplydemands/suplydemandType/getSuplydemandSelfType.form HTTP/1.1" 200 - "Mozilla/5.0 (Linux; Android 6.0; NCE-AL10 Build/HUAWEINCE-AL10; wv) AppleWebKit/537.36 (KHTML, like Gecko) Version/4.0 Chrome/57.0.2987.132 MQQBrowser/6.2 TBS/044112 Mobile Safari/537.36 MicroMessenger/6.6.7.1321(0x26060739) NetType/4G Language/zh_CN" 0
106.17.27.160 - - [18/Jul/2018:07:24:01 +0800] "POST /httpServices/suplydemands/suplydemandType/getSuplydemandSelfType.form HTTP/1.1" 200 2884 "Mozilla/5.0 (Linux; Android 6.0; NCE-AL10 Build/HUAWEINCE-AL10; wv) AppleWebKit/537.36 (KHTML, like Gecko) Version/4.0 Chrome/57.0.2987.132 MQQBrowser/6.2 TBS/044112 Mobile Safari/537.36 MicroMessenger/6.6.7.1321(0x26060739) NetType/4G Language/zh_CN" 16
106.17.27.160 - - [18/Jul/2018:07:24:01 +0800] "OPTIONS /httpServices/suplydemands/suplydemandType/getSuplydemandAuditing.form HTTP/1.1" 200 - "Mozilla/5.0 (Linux; Android 6.0; NCE-AL10 Build/HUAWEINCE-AL10; wv) AppleWebKit/537.36 (KHTML, like Gecko) Version/4.0 Chrome/57.0.2987.132 MQQBrowser/6.2 TBS/044112 Mobile Safari/537.36 MicroMessenger/6.6.7.1321(0x26060739) NetType/4G Language/zh_CN" 0
106.17.27.160 - - [18/Jul/2018:07:24:02 +0800] "OPTIONS /httpServices/suplydemands/suplydemandType/getSuplydemandsubscribe.form HTTP/1.1" 200 - "Mozilla/5.0 (Linux; Android 6.0; NCE-AL10 Build/HUAWEINCE-AL10; wv) AppleWebKit/537.36 (KHTML, like Gecko) Version/4.0 Chrome/57.0.2987.132 MQQBrowser/6.2 TBS/044112 Mobile Safari/537.36 MicroMessenger/6.6.7.1321(0x26060739) NetType/4G Language/zh_CN" 0
106.17.27.160 - - [18/Jul/2018:07:24:02 +0800] "POST /httpServices/suplydemands/suplydemandType/getSuplydemandAuditing.form HTTP/1.1" 200 94 "Mozilla/5.0 (Linux; Android 6.0; NCE-AL10 Build/HUAWEINCE-AL10; wv) AppleWebKit/537.36 (KHTML, like Gecko) Version/4.0 Chrome/57.0.2987.132 MQQBrowser/6.2 TBS/044112 Mobile Safari/537.36 MicroMessenger/6.6.7.1321(0x26060739) NetType/4G Language/zh_CN" 16
106.17.27.160 - - [18/Jul/2018:07:24:02 +0800] "POST /httpServices/suplydemands/suplydemandType/getSuplydemandInfosOpen.form HTTP/1.1" 200 18425 "Mozilla/5.0 (Linux; Android 6.0; NCE-AL10 Build/HUAWEINCE-AL10; wv) AppleWebKit/537.36 (KHTML, like Gecko) Version/4.0 Chrome/57.0.2987.132 MQQBrowser/6.2 TBS/044112 Mobile Safari/537.36 MicroMessenger/6.6.7.1321(0x26060739) NetType/4G Language/zh_CN" 1140
106.17.27.160 - - [18/Jul/2018:07:24:02 +0800] "POST /httpServices/suplydemands/suplydemandType/getSuplydemandsubscribe.form HTTP/1.1" 200 4465 "Mozilla/5.0 (Linux; Android 6.0; NCE-AL10 Build/HUAWEINCE-AL10; wv) AppleWebKit/537.36 (KHTML, like Gecko) Version/4.0 Chrome/57.0.2987.132 MQQBrowser/6.2 TBS/044112 Mobile Safari/537.36 MicroMessenger/6.6.7.1321(0x26060739) NetType/4G Language/zh_CN" 16
106.17.27.160 - - [18/Jul/2018:07:24:05 +0800] "POST /servicesmng/jsauth/jsapi_sign.form HTTP/1.1" 200 442 "Mozilla/5.0 (Linux; Android 6.0; NCE-AL10 Build/HUAWEINCE-AL10; wv) AppleWebKit/537.36 (KHTML, like Gecko) Version/4.0 Chrome/57.0.2987.132 MQQBrowser/6.2 TBS/044112 Mobile Safari/537.36 MicroMessenger/6.6.7.1321(0x26060739) NetType/4G Language/zh_CN" 0
106.17.27.160 - - [18/Jul/2018:07:24:06 +0800] "OPTIONS /httpServices/users/viewmodel/getHideMobileFlag.form HTTP/1.1" 200 - "Mozilla/5.0 (Linux; Android 6.0; NCE-AL10 Build/HUAWEINCE-AL10; wv) AppleWebKit/537.36 (KHTML, like Gecko) Version/4.0 Chrome/57.0.2987.132 MQQBrowser/6.2 TBS/044112 Mobile Safari/537.36 MicroMessenger/6.6.7.1321(0x26060739) NetType/4G Language/zh_CN" 0
106.17.27.160 - - [18/Jul/2018:07:24:06 +0800] "POST /httpServices/users/viewmodel/getHideMobileFlag.form HTTP/1.1" 200 107 "Mozilla/5.0 (Linux; Android 6.0; NCE-AL10 Build/HUAWEINCE-AL10; wv) AppleWebKit/537.36 (KHTML, like Gecko) Version/4.0 Chrome/57.0.2987.132 MQQBrowser/6.2 TBS/044112 Mobile Safari/537.36 MicroMessenger/6.6.7.1321(0x26060739) NetType/4G Language/zh_CN" 0
106.17.27.160 - - [18/Jul/2018:07:24:06 +0800] "OPTIONS /httpServices/users/members/getMemberDetails.form HTTP/1.1" 200 - "Mozilla/5.0 (Linux; Android 6.0; NCE-AL10 Build/HUAWEINCE-AL10; wv) AppleWebKit/537.36 (KHTML, like Gecko) Version/4.0 Chrome/57.0.2987.132 MQQBrowser/6.2 TBS/044112 Mobile Safari/537.36 MicroMessenger/6.6.7.1321(0x26060739) NetType/4G Language/zh_CN" 0
106.17.27.160 - - [18/Jul/2018:07:24:06 +0800] "OPTIONS /httpServices/users/members/getMemberCompanys.form HTTP/1.1" 200 - "Mozilla/5.0 (Linux; Android 6.0; NCE-AL10 Build/HUAWEINCE-AL10; wv) AppleWebKit/537.36 (KHTML, like Gecko) Version/4.0 Chrome/57.0.2987.132 MQQBrowser/6.2 TBS/044112 Mobile Safari/537.36 MicroMessenger/6.6.7.1321(0x26060739) NetType/4G Language/zh_CN" 0
106.17.27.160 - - [18/Jul/2018:07:24:06 +0800] "POST /httpServices/users/members/getMemberCompanys.form HTTP/1.1" 200 588 "Mozilla/5.0 (Linux; Android 6.0; NCE-AL10 Build/HUAWEINCE-AL10; wv) AppleWebKit/537.36 (KHTML, like Gecko) Version/4.0 Chrome/57.0.2987.132 MQQBrowser/6.2 TBS/044112 Mobile Safari/537.36 MicroMessenger/6.6.7.1321(0x26060739) NetType/4G Language/zh_CN" 281
140.207.54.80 - - [18/Jul/2018:07:24:07 +0800] "POST /servicesmng/weixinmessage/wx2a2bf351945bc937/message.form?signature=2c19d974f051d6282d4b648beb80afa41206c923&timestamp=1531869847&nonce=1626186572&openid=oJr4nwLZ7fQJ6vSgFGAO9mOY8UMs&encrypt_type=aes&msg_signature=c51bdd83f4eaeff70b7239c21d2b13e26bcae09b HTTP/1.1" 200 - "Mozilla/4.0" 0
106.17.27.160 - - [18/Jul/2018:07:24:07 +0800] "POST /httpServices/users/members/getMemberDetails.form HTTP/1.1" 200 664 "Mozilla/5.0 (Linux; Android 6.0; NCE-AL10 Build/HUAWEINCE-AL10; wv) AppleWebKit/537.36 (KHTML, like Gecko) Version/4.0 Chrome/57.0.2987.132 MQQBrowser/6.2 TBS/044112 Mobile Safari/537.36 MicroMessenger/6.6.7.1321(0x26060739) NetType/4G Language/zh_CN" 1593
223.166.222.109 - - [18/Jul/2018:07:25:52 +0800] "POST /servicesmng/weixinmessage/wxdaae79798c2771d0/message.form?signature=44e0207ff3e38ffe4e14f6f00d1b04fc5d0edb95&timestamp=1531869952&nonce=1792399285&openid=oY4s7xLCN8GhAUw-ZU506yX95CU0&encrypt_type=aes&msg_signature=fddbec836d381bd805a0b06f613156bf9a6a22e9 HTTP/1.1" 200 - "Mozilla/4.0" 0
188.246.234.62 - - [18/Jul/2018:07:26:46 +0800] "GET /error/HTTP_BAD_REQUEST.html.var HTTP/1.0" 404 1013 "-" 0
140.207.54.75 - - [18/Jul/2018:07:27:20 +0800] "POST /servicesmng/weixinmessage/wx2a2bf351945bc937/message.form?signature=13c1685d4da0e1eddb7a243d71fb6f8139566193&timestamp=1531870040&nonce=611040248&openid=oJr4nwLKAdhD0vD0xqa-rkise0hQ&encrypt_type=aes&msg_signature=69edf0698f7dfaea4badfa951c9f03080c71f815 HTTP/1.1" 200 - "Mozilla/4.0" 0
140.207.54.75 - - [18/Jul/2018:07:27:38 +0800] "POST /servicesmng/weixinmessage/wx2a2bf351945bc937/message.form?signature=e4a4425f9481abb3d355da22f0e8b2edcb5ffdb0&timestamp=1531870058&nonce=1885496443&openid=oJr4nwLKAdhD0vD0xqa-rkise0hQ&encrypt_type=aes&msg_signature=8094a89bf8f89b8b826afe5910c5e58a353f7d46 HTTP/1.1" 200 - "Mozilla/4.0" 0
140.207.54.79 - - [18/Jul/2018:07:29:44 +0800] "POST /servicesmng/auth/notify.form?signature=16d421f0875b41833020c2ef760bd34c626e4a34&timestamp=1531870184&nonce=925459921&encrypt_type=aes&msg_signature=60da030aef0ec690c8ea69a096adbf48e84b976c HTTP/1.1" 200 7 "Mozilla/4.0" 0
47.92.148.120 - - [18/Jul/2018:07:29:57 +0800] "GET / HTTP/1.1" 200 11477 "Mozilla/5.0 (X11; Ubuntu; Linux x86_64; rv:36.0) Gecko/20100101 Firefox/36.0" 0
223.166.222.109 - - [18/Jul/2018:07:30:07 +0800] "POST /servicesmng/weixinmessage/wx2a2bf351945bc937/message.form?signature=ca2f3075f1ac46524dfc5aa67aa2f55361ef04f1&timestamp=1531870207&nonce=1661006081&openid=oJr4nwAo9hlJpUEPwqoFRrYTmKGU&encrypt_type=aes&msg_signature=71a8d3f8bed4f1e515fb28335085751b7cf27a87 HTTP/1.1" 200 - "Mozilla/4.0" 0
140.207.54.76 - - [18/Jul/2018:07:30:17 +0800] "POST /servicesmng/weixinmessage/wx2a2bf351945bc937/message.form?signature=9d5610776a3e05aad4eff64083c3ad558c79dec7&timestamp=1531870217&nonce=924348790&openid=oJr4nwLKAdhD0vD0xqa-rkise0hQ&encrypt_type=aes&msg_signature=36904d4f4bae3ddabbf5ad602731b9a4a9b98db3 HTTP/1.1" 200 - "Mozilla/4.0" 16
223.166.222.109 - - [18/Jul/2018:07:33:14 +0800] "POST /servicesmng/weixinmessage/wx07bf81a51358a68f/message.form?signature=96a81bd2a90418c58c355fc58b579ad45345669e&timestamp=1531870394&nonce=2136742379&openid=oPPk0wZ9xDFoVtK3FzeHpbqw5vbs&encrypt_type=aes&msg_signature=74eee600a9eeadb29343c0710ba7280777d90b6f HTTP/1.1" 200 - "Mozilla/4.0" 0
140.207.54.75 - - [18/Jul/2018:07:36:02 +0800] "POST /servicesmng/weixinmessage/wx2a2bf351945bc937/message.form?signature=1fd93e39efe26c6f33e324b44bef326284b6af5a&timestamp=1531870562&nonce=781827642&openid=oJr4nwFiG-NoXQojmseHfyhRV7Vg&encrypt_type=aes&msg_signature=4e10428860e549fd54972334dd712422d63d88de HTTP/1.1" 200 - "Mozilla/4.0" 0
140.207.54.75 - - [18/Jul/2018:07:36:48 +0800] "POST /servicesmng/weixinmessage/wx2a2bf351945bc937/message.form?signature=e694fa02685b13225213acb75bf57df256d61e84&timestamp=1531870608&nonce=2029081971&openid=oJr4nwFiG-NoXQojmseHfyhRV7Vg&encrypt_type=aes&msg_signature=0386fce4a49821237d531e20fa524559e60998f9 HTTP/1.1" 200 - "Mozilla/4.0" 0
140.207.54.76 - - [18/Jul/2018:07:37:57 +0800] "POST /servicesmng/weixinmessage/wx2a2bf351945bc937/message.form?signature=5e3ae5c2b886e45a314fda8b22d17e6c26d6fd2f&timestamp=1531870678&nonce=895180632&openid=oJr4nwFiG-NoXQojmseHfyhRV7Vg&encrypt_type=aes&msg_signature=0ab530753d33531b001e0ed75a86144f1c0509cb HTTP/1.1" 200 - "Mozilla/4.0" 0
140.207.54.79 - - [18/Jul/2018:07:38:32 +0800] "POST /servicesmng/auth/notify.form?signature=2dd76771754fcde8826191ca7dc7605ff4a1d838&timestamp=1531870712&nonce=240087834&encrypt_type=aes&msg_signature=eb17f782fb9f1b0a9eaa15caa60770640a8ad4ad HTTP/1.1" 200 7 "Mozilla/4.0" 0
140.207.54.75 - - [18/Jul/2018:07:38:48 +0800] "POST /servicesmng/weixinmessage/wx2a2bf351945bc937/message.form?signature=46802d4198410f1e588072a7ab8e264b225efbf9&timestamp=1531870728&nonce=1899786948&openid=oJr4nwFiG-NoXQojmseHfyhRV7Vg&encrypt_type=aes&msg_signature=046969c0e10f9f3defe042230b355dba0fb017be HTTP/1.1" 200 - "Mozilla/4.0" 0
140.207.54.76 - - [18/Jul/2018:07:38:48 +0800] "POST /servicesmng/weixinmessage/wx2a2bf351945bc937/message.form?signature=5af7f43c6ab27078771ca5ea347c972ea874553d&timestamp=1531870728&nonce=1103173394&openid=oJr4nwFiG-NoXQojmseHfyhRV7Vg&encrypt_type=aes&msg_signature=4353dc6751930f2f00b7e45c9fede600d1d6192a HTTP/1.1" 200 - "Mozilla/4.0" 0
140.207.54.76 - - [18/Jul/2018:07:38:50 +0800] "POST /servicesmng/weixinmessage/wx2a2bf351945bc937/message.form?signature=c6cac9da133dc41e1985b35bebdcb6a74cd109d4&timestamp=1531870730&nonce=1544238067&openid=oJr4nwFiG-NoXQojmseHfyhRV7Vg&encrypt_type=aes&msg_signature=0a32d010ae9bdb0c4474dec9fc2bc2423ec8d2da HTTP/1.1" 200 - "Mozilla/4.0" 0
140.207.54.76 - - [18/Jul/2018:07:39:02 +0800] "POST /servicesmng/weixinmessage/wx2a2bf351945bc937/message.form?signature=a9c2b9055fad0030f8337df7e1c5ce897b9e6693&timestamp=1531870742&nonce=1564234164&openid=oJr4nwFiG-NoXQojmseHfyhRV7Vg&encrypt_type=aes&msg_signature=69e3826123e4efed484d3ba8bd3dbf97e52d2691 HTTP/1.1" 200 - "Mozilla/4.0" 16
140.207.54.75 - - [18/Jul/2018:07:39:09 +0800] "POST /servicesmng/weixinmessage/wx2a2bf351945bc937/message.form?signature=be0a01e5e1c149d4c3bc97b2ac54438dd2f86720&timestamp=1531870749&nonce=124630734&openid=oJr4nwFiG-NoXQojmseHfyhRV7Vg&encrypt_type=aes&msg_signature=755ea8bf8d0e0135729039792e8652ee55796818 HTTP/1.1" 200 - "Mozilla/4.0" 0
140.207.54.76 - - [18/Jul/2018:07:39:34 +0800] "POST /servicesmng/weixinmessage/wx2a2bf351945bc937/message.form?signature=435fbc34af71a4cdc87683560f4bc46654b48b34&timestamp=1531870774&nonce=541004679&openid=oJr4nwFiG-NoXQojmseHfyhRV7Vg&encrypt_type=aes&msg_signature=1f727127d630eb0f218825f7186f16e0d25bd3e1 HTTP/1.1" 200 - "Mozilla/4.0" 0
140.207.54.75 - - [18/Jul/2018:07:39:50 +0800] "POST /servicesmng/weixinmessage/wx2a2bf351945bc937/message.form?signature=fb146645ddfac36879bcdf765edf173ec2d67984&timestamp=1531870790&nonce=1944451420&openid=oJr4nwFiG-NoXQojmseHfyhRV7Vg&encrypt_type=aes&msg_signature=82aeb169964cb839a3394e09f51be2f73c627de8 HTTP/1.1" 200 - "Mozilla/4.0" 0
113.247.75.239 - - [18/Jul/2018:07:42:11 +0800] "GET /servicesmng/bbgMessage/userReply.form?appId=wx4d67ae4842c1b4f8&openId=oIlEEj5DBBGl7VZBsNwyTydOJZQM&bmUserId=9F155171A79443FC9E404901CE4D9011&bmLink=https://wechat.zhdsbang.com/weixin/views/officework/news/bbgInfosList.html?orgid=f63260365b432eae015b433ce6680001$*state=wx4d67ae4842c1b4f8&bmId=4a0f71a1-9e47-44fd-b725-8e6cf9813cb1&key=01129897abc7d4085661c0ca7e77f853&timestamp=1531821574422 HTTP/1.1" 302 - "Mozilla/5.0 (iPhone; CPU iPhone OS 10_3_2 like Mac OS X) AppleWebKit/603.2.4 (KHTML, like Gecko) Mobile/14F89 MicroMessenger/6.6.5 NetType/WIFI Language/zh_CN" 141
113.247.75.239 - - [18/Jul/2018:07:42:12 +0800] "OPTIONS /httpServices/Information/getInformationIsExistByMonth.form HTTP/1.1" 200 - "Mozilla/5.0 (iPhone; CPU iPhone OS 10_3_2 like Mac OS X) AppleWebKit/603.2.4 (KHTML, like Gecko) Mobile/14F89 MicroMessenger/6.6.5 NetType/WIFI Language/zh_CN" 0
113.247.75.239 - - [18/Jul/2018:07:42:12 +0800] "POST /httpServices/Information/getInformationIsExistByMonth.form HTTP/1.1" 200 237 "Mozilla/5.0 (iPhone; CPU iPhone OS 10_3_2 like Mac OS X) AppleWebKit/603.2.4 (KHTML, like Gecko) Mobile/14F89 MicroMessenger/6.6.5 NetType/WIFI Language/zh_CN" 0
113.247.75.239 - - [18/Jul/2018:07:42:13 +0800] "OPTIONS /httpServices/Information/getInformationNew.form HTTP/1.1" 200 - "Mozilla/5.0 (iPhone; CPU iPhone OS 10_3_2 like Mac OS X) AppleWebKit/603.2.4 (KHTML, like Gecko) Mobile/14F89 MicroMessenger/6.6.5 NetType/WIFI Language/zh_CN" 0
113.247.75.239 - - [18/Jul/2018:07:42:13 +0800] "POST /httpServices/Information/getInformationNew.form HTTP/1.1" 200 98 "Mozilla/5.0 (iPhone; CPU iPhone OS 10_3_2 like Mac OS X) AppleWebKit/603.2.4 (KHTML, like Gecko) Mobile/14F89 MicroMessenger/6.6.5 NetType/WIFI Language/zh_CN" 16
113.247.75.239 - - [18/Jul/2018:07:42:13 +0800] "POST /httpServices/Information/getInformationNew.form HTTP/1.1" 200 1309 "Mozilla/5.0 (iPhone; CPU iPhone OS 10_3_2 like Mac OS X) AppleWebKit/603.2.4 (KHTML, like Gecko) Mobile/14F89 MicroMessenger/6.6.5 NetType/WIFI Language/zh_CN" 15
113.247.75.239 - - [18/Jul/2018:07:42:13 +0800] "OPTIONS /httpServices/users/organization/getOrgIdByAppId.form HTTP/1.1" 200 - "Mozilla/5.0 (iPhone; CPU iPhone OS 10_3_2 like Mac OS X) AppleWebKit/603.2.4 (KHTML, like Gecko) Mobile/14F89 MicroMessenger/6.6.5 NetType/WIFI Language/zh_CN" 0
113.247.75.239 - - [18/Jul/2018:07:42:13 +0800] "POST /httpServices/users/organization/getOrgIdByAppId.form HTTP/1.1" 200 1577 "Mozilla/5.0 (iPhone; CPU iPhone OS 10_3_2 like Mac OS X) AppleWebKit/603.2.4 (KHTML, like Gecko) Mobile/14F89 MicroMessenger/6.6.5 NetType/WIFI Language/zh_CN" 15
113.247.75.239 - - [18/Jul/2018:07:42:14 +0800] "OPTIONS /servicesmng/jsauth/jsapi_sign.form HTTP/1.1" 200 - "Mozilla/5.0 (iPhone; CPU iPhone OS 10_3_2 like Mac OS X) AppleWebKit/603.2.4 (KHTML, like Gecko) Mobile/14F89 MicroMessenger/6.6.5 NetType/WIFI Language/zh_CN" 0
113.247.75.239 - - [18/Jul/2018:07:42:15 +0800] "POST /servicesmng/jsauth/jsapi_sign.form HTTP/1.1" 200 511 "Mozilla/5.0 (iPhone; CPU iPhone OS 10_3_2 like Mac OS X) AppleWebKit/603.2.4 (KHTML, like Gecko) Mobile/14F89 MicroMessenger/6.6.5 NetType/WIFI Language/zh_CN" 688
113.247.75.239 - - [18/Jul/2018:07:42:16 +0800] "POST /servicesmng/jsauth/jsapi_sign.form HTTP/1.1" 200 742 "Mozilla/5.0 (iPhone; CPU iPhone OS 10_3_2 like Mac OS X) AppleWebKit/603.2.4 (KHTML, like Gecko) Mobile/14F89 MicroMessenger/6.6.5 NetType/WIFI Language/zh_CN" 0
113.247.75.239 - - [18/Jul/2018:07:42:16 +0800] "POST /web/bbginfos/superpositionReadCount.form HTTP/1.1" 200 - "Mozilla/5.0 (iPhone; CPU iPhone OS 10_3_2 like Mac OS X) AppleWebKit/603.2.4 (KHTML, like Gecko) Mobile/14F89 MicroMessenger/6.6.5 NetType/WIFI Language/zh_CN" 46
113.247.75.239 - - [18/Jul/2018:07:42:16 +0800] "POST /httpServices/Information/getReadCountInfomation.form HTTP/1.1" 200 14 "Mozilla/5.0 (iPhone; CPU iPhone OS 10_3_2 like Mac OS X) AppleWebKit/603.2.4 (KHTML, like Gecko) Mobile/14F89 MicroMessenger/6.6.5 NetType/WIFI Language/zh_CN" 0
140.207.54.76 - - [18/Jul/2018:07:44:59 +0800] "POST /servicesmng/weixinmessage/wx2a2bf351945bc937/message.form?signature=856ca58194a9284002421892cf3297575b8af702&timestamp=1531871099&nonce=1544467999&openid=oJr4nwMfXy_5K5A5_lELJ-lC4NSc&encrypt_type=aes&msg_signature=8f146ddf8a1d728778fd8544c081bf98ef038af3 HTTP/1.1" 200 - "Mozilla/4.0" 0
223.166.222.109 - - [18/Jul/2018:07:48:26 +0800] "POST /servicesmng/weixinmessage/wx136bbba674ea9fbb/message.form?signature=09f655cdf7a9073e758ad1f16c674f74d2c2c630&timestamp=1531871306&nonce=1399768838&openid=odrZbwhxOXQ6aiLkhfx2wFfrWMZI&encrypt_type=aes&msg_signature=a2b7c8ed614d4a3f3891007558c4efd405f8ddbd HTTP/1.1" 200 - "Mozilla/4.0" 0
140.207.54.79 - - [18/Jul/2018:07:50:25 +0800] "POST /servicesmng/auth/notify.form?signature=ba12a0d0f85318e5991053626c8f6dcf3cd9fecd&timestamp=1531871425&nonce=2053766165&encrypt_type=aes&msg_signature=4a68e041afae7740fb4464f01f3be9d01b638dd3 HTTP/1.1" 200 7 "Mozilla/4.0" 0
223.166.222.109 - - [18/Jul/2018:07:50:52 +0800] "POST /servicesmng/weixinmessage/wx136bbba674ea9fbb/message.form?signature=79595daad0cdcd672e651d1870c4e3cc8bb27f8a&timestamp=1531871452&nonce=51919778&openid=odrZbwhxOXQ6aiLkhfx2wFfrWMZI&encrypt_type=aes&msg_signature=1df7bd4e96b410af974a4350c163047f6a1a5510 HTTP/1.1" 200 - "Mozilla/4.0" 0
138.246.253.5 - - [18/Jul/2018:07:51:09 +0800] "HEAD / HTTP/1.1" 200 - "Mozilla/5.0 (Windows NT 6.1; Win64; x64) AppleWebKit/537.36 (KHTML, like Gecko) Chrome/40.0.2214.85 Safari/537.36" 0
140.207.54.79 - - [18/Jul/2018:07:58:26 +0800] "POST /servicesmng/auth/notify.form?signature=4dc37b66897d1efe600a3ed2542fbc9f2df12a76&timestamp=1531871906&nonce=1913417571&encrypt_type=aes&msg_signature=0ea522dd3dd4a163e7216402758dbf9ab6515379 HTTP/1.1" 200 7 "Mozilla/4.0" 0
140.207.54.79 - - [18/Jul/2018:07:58:26 +0800] "POST /servicesmng/auth/notify.form?signature=52891ea3bc95744c9be226467b4cad67ebcf34ae&timestamp=1531871906&nonce=746681227&encrypt_type=aes&msg_signature=0ba0dcf603ad649195adfd9fb46173a0311348de HTTP/1.1" 200 7 "Mozilla/4.0" 16
140.207.54.75 - - [18/Jul/2018:07:58:56 +0800] "POST /servicesmng/weixinmessage/wx2a2bf351945bc937/message.form?signature=4d100d077679e7d1e126bbb5b75e8f72e111c926&timestamp=1531871936&nonce=566339500&openid=oJr4nwM3LFkjKfJDAh8heOpDoNEQ&encrypt_type=aes&msg_signature=72d4f36db34bf3449eedbd94e8305ce17bf2aa88 HTTP/1.1" 200 - "Mozilla/4.0" 0
207.46.13.199 - - [18/Jul/2018:07:59:00 +0800] "GET /robots.txt HTTP/1.1" 404 971 "Mozilla/5.0 (compatible; bingbot/2.0; +http://www.bing.com/bingbot.htm)" 0
140.207.54.75 - - [18/Jul/2018:07:59:01 +0800] "POST /servicesmng/weixinmessage/wx2a2bf351945bc937/message.form?signature=dfe353b85655085d91d1571b3f39520f0440f535&timestamp=1531871941&nonce=263151942&openid=oJr4nwM3LFkjKfJDAh8heOpDoNEQ&encrypt_type=aes&msg_signature=2e8a2e984618f9f52bef1be42e4e23f19152bc65 HTTP/1.1" 200 - "Mozilla/4.0" 0
207.46.13.199 - - [18/Jul/2018:07:59:02 +0800] "GET /robots.txt HTTP/1.1" 404 971 "Mozilla/5.0 (compatible; bingbot/2.0; +http://www.bing.com/bingbot.htm)" 0
140.207.54.75 - - [18/Jul/2018:07:59:07 +0800] "POST /servicesmng/weixinmessage/wx2a2bf351945bc937/message.form?signature=ff99ea30354a31b613d0dfef2bb623990be1336a&timestamp=1531871947&nonce=1170514580&openid=oJr4nwM3LFkjKfJDAh8heOpDoNEQ&encrypt_type=aes&msg_signature=e269731ec8ff3840874f506fedbea1caa1f66b5b HTTP/1.1" 200 - "Mozilla/4.0" 16
140.207.54.76 - - [18/Jul/2018:07:59:09 +0800] "POST /servicesmng/weixinmessage/wx2a2bf351945bc937/message.form?signature=1a2b8dfe6c403ffb0177c698c0292ef337e7b445&timestamp=1531871949&nonce=807930570&openid=oJr4nwM3LFkjKfJDAh8heOpDoNEQ&encrypt_type=aes&msg_signature=95174a1a2fd3ac55b920ed683a2863b48a72f661 HTTP/1.1" 200 - "Mozilla/4.0" 16
40.77.167.86 - - [18/Jul/2018:07:59:16 +0800] "GET / HTTP/1.1" 200 11582 "Mozilla/5.0 (compatible; bingbot/2.0; +http://www.bing.com/bingbot.htm)" 0
140.207.54.75 - - [18/Jul/2018:07:59:18 +0800] "POST /servicesmng/weixinmessage/wx2a2bf351945bc937/message.form?signature=66120bdae0c0a68d298f906fb1b311edf0e085e0&timestamp=1531871958&nonce=1622222879&openid=oJr4nwM3LFkjKfJDAh8heOpDoNEQ&encrypt_type=aes&msg_signature=3d33211a322a5bbf293400e85a6081dea4e87364 HTTP/1.1" 200 - "Mozilla/4.0" 0
118.178.139.59 - - [18/Jul/2018:08:00:15 +0800] "GET /servicesmng/auth/getAuthAccessToken.form?key=weixin4j_mp_token_wx07bf81a51358a68f&timestamp=1531872015158&timestampKey=9b44571d858f29dc40e1f12624070890 HTTP/1.1" 200 391 "Jakarta Commons-HttpClient/3.1" 422
140.207.54.80 - - [18/Jul/2018:08:00:16 +0800] "POST /servicesmng/weixinmessage/wx07bf81a51358a68f/message.form?signature=2d1fe7e71c870effd05ec91225e3cc1f8ff6b841&timestamp=1531872016&nonce=1210858603&openid=oPPk0wSWjroeFU4Y7lQixZL6_R5c&encrypt_type=aes&msg_signature=08453a1f9c9655a9f4793b4900fd30a1ef78f9bc HTTP/1.1" 200 - "Mozilla/4.0" 0
223.166.222.109 - - [18/Jul/2018:08:00:16 +0800] "POST /servicesmng/weixinmessage/wx07bf81a51358a68f/message.form?signature=b329bda95f7ab0ac9e91f0362d7b8552dee107f1&timestamp=1531872016&nonce=1325114021&openid=oPPk0wVn1onOc6lap79dVxsFjXCs&encrypt_type=aes&msg_signature=87003289221c9d1a2cb80bb8f6d01a618e330336 HTTP/1.1" 200 - "Mozilla/4.0" 0
140.207.54.79 - - [18/Jul/2018:08:00:16 +0800] "POST /servicesmng/weixinmessage/wx07bf81a51358a68f/message.form?signature=6c6afd87b4bfa00aba177a46b577c3b1c8ae24d8&timestamp=1531872016&nonce=2111040405&openid=oPPk0wSWjroeFU4Y7lQixZL6_R5c&encrypt_type=aes&msg_signature=5aeec40d12c6092d6eb76477256bb5960e373a9c HTTP/1.1" 200 - "Mozilla/4.0" 0
118.178.139.59 - - [18/Jul/2018:08:00:16 +0800] "GET /servicesmng/auth/getAuthAccessToken.form?key=weixin4j_mp_token_wx4d67ae4842c1b4f8&timestamp=1531872016689&timestampKey=a498b2a77c1071253dd0637420b269c4 HTTP/1.1" 200 391 "Jakarta Commons-HttpClient/3.1" 281
223.166.222.109 - - [18/Jul/2018:08:00:17 +0800] "POST /servicesmng/weixinmessage/wx4d67ae4842c1b4f8/message.form?signature=6fdff8deae1d0958a59c735f3bcd4242fe52293a&timestamp=1531872017&nonce=954796310&openid=oIlEEj07fyii3WKOSXziqYVYF-Ag&encrypt_type=aes&msg_signature=c910294d8ca67720b45ff0586f2ac0d50e3354d1 HTTP/1.1" 200 - "Mozilla/4.0" 16
140.207.54.80 - - [18/Jul/2018:08:00:17 +0800] "POST /servicesmng/weixinmessage/wx4d67ae4842c1b4f8/message.form?signature=76901dcf0bd861b3aeeef9a0d492b1e6638b325b&timestamp=1531872017&nonce=1261713722&openid=oIlEEj7fqesd69WgiymRftaJnNxM&encrypt_type=aes&msg_signature=d59c0c82e22e35b2b974f086c75276a0f464b99a HTTP/1.1" 200 - "Mozilla/4.0" 0
140.207.54.79 - - [18/Jul/2018:08:00:17 +0800] "POST /servicesmng/weixinmessage/wx4d67ae4842c1b4f8/message.form?signature=8f87383f8cb33c1041eda92ca17474569581a939&timestamp=1531872018&nonce=1012279024&openid=oIlEEj-0CT30BMItpwWY2jNdmlWs&encrypt_type=aes&msg_signature=de345600c7145bfd393bfebf364eaaab4d089866 HTTP/1.1" 200 - "Mozilla/4.0" 31
140.207.54.75 - - [18/Jul/2018:08:00:18 +0800] "POST /servicesmng/weixinmessage/wx4d67ae4842c1b4f8/message.form?signature=4dfff4cca91992ad087b6c8a392812313c41ac2f&timestamp=1531872018&nonce=1940073072&openid=oIlEEj_nQhs4xwCjmND9K_6nn5so&encrypt_type=aes&msg_signature=585571d080959b25165829711340623201aeff40 HTTP/1.1" 200 - "Mozilla/4.0" 0
140.207.54.80 - - [18/Jul/2018:08:00:51 +0800] "POST /servicesmng/weixinmessage/wx2a2bf351945bc937/message.form?signature=87fb46fdcb6c54e93d28e7ec592e33d53939d14d&timestamp=1531872051&nonce=31314774&openid=oJr4nwOZXX8JL72QpVDuxciBu4XM&encrypt_type=aes&msg_signature=8bc1a4ecf45a5aeb6ce8bfbb60ef5237f2b8fdc6 HTTP/1.1" 200 - "Mozilla/4.0" 0
46.249.38.186 - - [18/Jul/2018:08:02:21 +0800] "GET /conf HTTP/1.1" 404 959 "Mozilla/5.0 (Windows NT 6.1) AppleWebKit/537.36 (KHTML, like Gecko) Chrome/41.0.2228.0 Safari/537.36" 0
140.207.54.76 - - [18/Jul/2018:08:05:51 +0800] "POST /servicesmng/weixinmessage/wx560c5b9be9bbff1c/message.form?signature=1d8dfd772ddc38add8a4a270d0701759b5a841d1&timestamp=1531872351&nonce=1487105038&openid=oYogkwble5dsW5KpCX-HHGkUdicc&encrypt_type=aes&msg_signature=5319a9fe9aa1b7cd3e9689b8ab22e91a97beaf9f HTTP/1.1" 200 - "Mozilla/4.0" 0
17.58.99.186 - - [18/Jul/2018:08:06:37 +0800] "GET /robots.txt HTTP/1.1" 404 971 "Mozilla/5.0 (Macintosh; Intel Mac OS X 10_10_1) AppleWebKit/600.2.5 (KHTML, like Gecko) Version/8.0.2 Safari/600.2.5 (Applebot/0.1; +http://www.apple.com/go/applebot)" 0
17.58.99.186 - - [18/Jul/2018:08:06:37 +0800] "GET / HTTP/1.1" 200 11477 "Mozilla/5.0 (Macintosh; Intel Mac OS X 10_10_1) AppleWebKit/600.2.5 (KHTML, like Gecko) Version/8.0.2 Safari/600.2.5 (Applebot/0.1; +http://www.apple.com/go/applebot)" 0
222.247.197.45 - - [18/Jul/2018:08:08:24 +0800] "GET /servicesmng/bbgMessage/userReply.form?appId=wx07bf81a51358a68f&openId=oPPk0wVn1onOc6lap79dVxsFjXCs&bmUserId=8a9a453162bd51200162d7d744740071&bmLink=https://wechat.zhdsbang.com/weixin/index.html?ouri=9ab7489f-0e61-4b6e-8fa2-2e6c9261e2bd@supplydemand$*appid=wx07bf81a51358a68f$*state=wx07bf81a51358a68f&bmId=73359c00-b2c6-456f-86eb-e2742426eae9&key=0a56b4e66f17142510372c382696e5a0&timestamp=1531872016017 HTTP/1.1" 302 - "Mozilla/5.0 (Linux; Android 7.0; PRA-AL00X Build/HONORPRA-AL00X; wv) AppleWebKit/537.36 (KHTML, like Gecko) Version/4.0 Chrome/57.0.2987.132 MQQBrowser/6.2 TBS/044112 Mobile Safari/537.36 MicroMessenger/6.6.7.1321(0x26060739) NetType/WIFI Language/zh_CN" 188
222.247.197.45 - - [18/Jul/2018:08:08:26 +0800] "GET /servicesmng/oauth/wx07bf81a51358a68f/snsapi_base.form?code=081DTfpq0cCvlo1ZCzsq0UHvpq0DTfpW&state=https%3A%2F%2Fwechat.zhdsbang.com%2Fweixin%2Findex.html%3Fouri%3D9ab7489f-0e61-4b6e-8fa2-2e6c9261e2bd%40supplydemand&appid=wx07bf81a51358a68f HTTP/1.1" 302 - "Mozilla/5.0 (Linux; Android 7.0; PRA-AL00X Build/HONORPRA-AL00X; wv) AppleWebKit/537.36 (KHTML, like Gecko) Version/4.0 Chrome/57.0.2987.132 MQQBrowser/6.2 TBS/044112 Mobile Safari/537.36 MicroMessenger/6.6.7.1321(0x26060739) NetType/WIFI Language/zh_CN" 187
222.247.197.45 - - [18/Jul/2018:08:08:26 +0800] "OPTIONS /httpServices/users/organization/getOrgIdByAppId.form HTTP/1.1" 200 - "Mozilla/5.0 (Linux; Android 7.0; PRA-AL00X Build/HONORPRA-AL00X; wv) AppleWebKit/537.36 (KHTML, like Gecko) Version/4.0 Chrome/57.0.2987.132 MQQBrowser/6.2 TBS/044112 Mobile Safari/537.36 MicroMessenger/6.6.7.1321(0x26060739) NetType/WIFI Language/zh_CN" 0
222.247.197.45 - - [18/Jul/2018:08:08:27 +0800] "POST /httpServices/users/organization/getOrgIdByAppId.form HTTP/1.1" 200 634 "Mozilla/5.0 (Linux; Android 7.0; PRA-AL00X Build/HONORPRA-AL00X; wv) AppleWebKit/537.36 (KHTML, like Gecko) Version/4.0 Chrome/57.0.2987.132 MQQBrowser/6.2 TBS/044112 Mobile Safari/537.36 MicroMessenger/6.6.7.1321(0x26060739) NetType/WIFI Language/zh_CN" 47
222.247.197.45 - - [18/Jul/2018:08:08:27 +0800] "OPTIONS /httpServices/users/accounts/loginByOpenid.form HTTP/1.1" 200 - "Mozilla/5.0 (Linux; Android 7.0; PRA-AL00X Build/HONORPRA-AL00X; wv) AppleWebKit/537.36 (KHTML, like Gecko) Version/4.0 Chrome/57.0.2987.132 MQQBrowser/6.2 TBS/044112 Mobile Safari/537.36 MicroMessenger/6.6.7.1321(0x26060739) NetType/WIFI Language/zh_CN" 0
222.247.197.45 - - [18/Jul/2018:08:08:27 +0800] "POST /httpServices/users/accounts/loginByOpenid.form HTTP/1.1" 200 663 "Mozilla/5.0 (Linux; Android 7.0; PRA-AL00X Build/HONORPRA-AL00X; wv) AppleWebKit/537.36 (KHTML, like Gecko) Version/4.0 Chrome/57.0.2987.132 MQQBrowser/6.2 TBS/044112 Mobile Safari/537.36 MicroMessenger/6.6.7.1321(0x26060739) NetType/WIFI Language/zh_CN" 375
222.247.197.45 - - [18/Jul/2018:08:08:28 +0800] "OPTIONS /httpServices/suplydemands/suplydemandType/saveViewRecordsOpen.form HTTP/1.1" 200 - "Mozilla/5.0 (Linux; Android 7.0; PRA-AL00X Build/HONORPRA-AL00X; wv) AppleWebKit/537.36 (KHTML, like Gecko) Version/4.0 Chrome/57.0.2987.132 MQQBrowser/6.2 TBS/044112 Mobile Safari/537.36 MicroMessenger/6.6.7.1321(0x26060739) NetType/WIFI Language/zh_CN" 0
222.247.197.45 - - [18/Jul/2018:08:08:28 +0800] "POST /httpServices/suplydemands/suplydemandType/saveViewRecordsOpen.form HTTP/1.1" 200 110 "Mozilla/5.0 (Linux; Android 7.0; PRA-AL00X Build/HONORPRA-AL00X; wv) AppleWebKit/537.36 (KHTML, like Gecko) Version/4.0 Chrome/57.0.2987.132 MQQBrowser/6.2 TBS/044112 Mobile Safari/537.36 MicroMessenger/6.6.7.1321(0x26060739) NetType/WIFI Language/zh_CN" 15
222.247.197.45 - - [18/Jul/2018:08:08:28 +0800] "OPTIONS /httpServices/suplydemands/suplydemandType/getSuplydemandDetailsOpen.form HTTP/1.1" 200 - "Mozilla/5.0 (Linux; Android 7.0; PRA-AL00X Build/HONORPRA-AL00X; wv) AppleWebKit/537.36 (KHTML, like Gecko) Version/4.0 Chrome/57.0.2987.132 MQQBrowser/6.2 TBS/044112 Mobile Safari/537.36 MicroMessenger/6.6.7.1321(0x26060739) NetType/WIFI Language/zh_CN" 0
222.247.197.45 - - [18/Jul/2018:08:08:29 +0800] "POST /httpServices/suplydemands/suplydemandType/getSuplydemandDetailsOpen.form HTTP/1.1" 200 1721 "Mozilla/5.0 (Linux; Android 7.0; PRA-AL00X Build/HONORPRA-AL00X; wv) AppleWebKit/537.36 (KHTML, like Gecko) Version/4.0 Chrome/57.0.2987.132 MQQBrowser/6.2 TBS/044112 Mobile Safari/537.36 MicroMessenger/6.6.7.1321(0x26060739) NetType/WIFI Language/zh_CN" 1094
222.247.197.45 - - [18/Jul/2018:08:08:30 +0800] "OPTIONS /httpServices/suplydemands/SuplydemandRI/getQickSupplyReply.form HTTP/1.1" 200 - "Mozilla/5.0 (Linux; Android 7.0; PRA-AL00X Build/HONORPRA-AL00X; wv) AppleWebKit/537.36 (KHTML, like Gecko) Version/4.0 Chrome/57.0.2987.132 MQQBrowser/6.2 TBS/044112 Mobile Safari/537.36 MicroMessenger/6.6.7.1321(0x26060739) NetType/WIFI Language/zh_CN" 0
222.247.197.45 - - [18/Jul/2018:08:08:30 +0800] "POST /httpServices/suplydemands/SuplydemandRI/getQickSupplyReply.form HTTP/1.1" 200 908 "Mozilla/5.0 (Linux; Android 7.0; PRA-AL00X Build/HONORPRA-AL00X; wv) AppleWebKit/537.36 (KHTML, like Gecko) Version/4.0 Chrome/57.0.2987.132 MQQBrowser/6.2 TBS/044112 Mobile Safari/537.36 MicroMessenger/6.6.7.1321(0x26060739) NetType/WIFI Language/zh_CN" 15
222.247.197.45 - - [18/Jul/2018:08:08:30 +0800] "OPTIONS /httpServices/suplydemands/SuplydemandRI/getSupplyReply.form HTTP/1.1" 200 - "Mozilla/5.0 (Linux; Android 7.0; PRA-AL00X Build/HONORPRA-AL00X; wv) AppleWebKit/537.36 (KHTML, like Gecko) Version/4.0 Chrome/57.0.2987.132 MQQBrowser/6.2 TBS/044112 Mobile Safari/537.36 MicroMessenger/6.6.7.1321(0x26060739) NetType/WIFI Language/zh_CN" 0
222.247.197.45 - - [18/Jul/2018:08:08:31 +0800] "POST /httpServices/suplydemands/SuplydemandRI/getSupplyReply.form HTTP/1.1" 200 692 "Mozilla/5.0 (Linux; Android 7.0; PRA-AL00X Build/HONORPRA-AL00X; wv) AppleWebKit/537.36 (KHTML, like Gecko) Version/4.0 Chrome/57.0.2987.132 MQQBrowser/6.2 TBS/044112 Mobile Safari/537.36 MicroMessenger/6.6.7.1321(0x26060739) NetType/WIFI Language/zh_CN" 843
222.247.197.45 - - [18/Jul/2018:08:08:32 +0800] "OPTIONS /servicesmng/jsauth/jsapi_sign.form HTTP/1.1" 200 - "Mozilla/5.0 (Linux; Android 7.0; PRA-AL00X Build/HONORPRA-AL00X; wv) AppleWebKit/537.36 (KHTML, like Gecko) Version/4.0 Chrome/57.0.2987.132 MQQBrowser/6.2 TBS/044112 Mobile Safari/537.36 MicroMessenger/6.6.7.1321(0x26060739) NetType/WIFI Language/zh_CN" 0
222.247.197.45 - - [18/Jul/2018:08:08:32 +0800] "POST /servicesmng/jsauth/jsapi_sign.form HTTP/1.1" 200 481 "Mozilla/5.0 (Linux; Android 7.0; PRA-AL00X Build/HONORPRA-AL00X; wv) AppleWebKit/537.36 (KHTML, like Gecko) Version/4.0 Chrome/57.0.2987.132 MQQBrowser/6.2 TBS/044112 Mobile Safari/537.36 MicroMessenger/6.6.7.1321(0x26060739) NetType/WIFI Language/zh_CN" 0
222.247.197.45 - - [18/Jul/2018:08:09:17 +0800] "OPTIONS /httpServices/httpmenu/httpmenuController/getMenuByOrgId.form HTTP/1.1" 200 - "Mozilla/5.0 (Linux; Android 7.0; PRA-AL00X Build/HONORPRA-AL00X; wv) AppleWebKit/537.36 (KHTML, like Gecko) Version/4.0 Chrome/57.0.2987.132 MQQBrowser/6.2 TBS/044112 Mobile Safari/537.36 MicroMessenger/6.6.7.1321(0x26060739) NetType/WIFI Language/zh_CN" 0
222.247.197.45 - - [18/Jul/2018:08:09:17 +0800] "POST /httpServices/httpmenu/httpmenuController/getMenuByOrgId.form HTTP/1.1" 200 1621 "Mozilla/5.0 (Linux; Android 7.0; PRA-AL00X Build/HONORPRA-AL00X; wv) AppleWebKit/537.36 (KHTML, like Gecko) Version/4.0 Chrome/57.0.2987.132 MQQBrowser/6.2 TBS/044112 Mobile Safari/537.36 MicroMessenger/6.6.7.1321(0x26060739) NetType/WIFI Language/zh_CN" 15
222.247.197.45 - - [18/Jul/2018:08:09:18 +0800] "POST /servicesmng/jsauth/jsapi_sign.form HTTP/1.1" 200 481 "Mozilla/5.0 (Linux; Android 7.0; PRA-AL00X Build/HONORPRA-AL00X; wv) AppleWebKit/537.36 (KHTML, like Gecko) Version/4.0 Chrome/57.0.2987.132 MQQBrowser/6.2 TBS/044112 Mobile Safari/537.36 MicroMessenger/6.6.7.1321(0x26060739) NetType/WIFI Language/zh_CN" 0
222.247.197.45 - - [18/Jul/2018:08:09:18 +0800] "OPTIONS /httpServices/suplydemands/suplydemandType/getSuplydemandInfosOpen.form HTTP/1.1" 200 - "Mozilla/5.0 (Linux; Android 7.0; PRA-AL00X Build/HONORPRA-AL00X; wv) AppleWebKit/537.36 (KHTML, like Gecko) Version/4.0 Chrome/57.0.2987.132 MQQBrowser/6.2 TBS/044112 Mobile Safari/537.36 MicroMessenger/6.6.7.1321(0x26060739) NetType/WIFI Language/zh_CN" 0
222.247.197.45 - - [18/Jul/2018:08:09:19 +0800] "OPTIONS /httpServices/suplydemands/suplydemandType/getSuplydemandSelfType.form HTTP/1.1" 200 - "Mozilla/5.0 (Linux; Android 7.0; PRA-AL00X Build/HONORPRA-AL00X; wv) AppleWebKit/537.36 (KHTML, like Gecko) Version/4.0 Chrome/57.0.2987.132 MQQBrowser/6.2 TBS/044112 Mobile Safari/537.36 MicroMessenger/6.6.7.1321(0x26060739) NetType/WIFI Language/zh_CN" 0
222.247.197.45 - - [18/Jul/2018:08:09:19 +0800] "POST /httpServices/suplydemands/suplydemandType/getSuplydemandSelfType.form HTTP/1.1" 200 2884 "Mozilla/5.0 (Linux; Android 7.0; PRA-AL00X Build/HONORPRA-AL00X; wv) AppleWebKit/537.36 (KHTML, like Gecko) Version/4.0 Chrome/57.0.2987.132 MQQBrowser/6.2 TBS/044112 Mobile Safari/537.36 MicroMessenger/6.6.7.1321(0x26060739) NetType/WIFI Language/zh_CN" 15
222.247.197.45 - - [18/Jul/2018:08:09:19 +0800] "OPTIONS /httpServices/suplydemands/suplydemandType/getSuplydemandAuditing.form HTTP/1.1" 200 - "Mozilla/5.0 (Linux; Android 7.0; PRA-AL00X Build/HONORPRA-AL00X; wv) AppleWebKit/537.36 (KHTML, like Gecko) Version/4.0 Chrome/57.0.2987.132 MQQBrowser/6.2 TBS/044112 Mobile Safari/537.36 MicroMessenger/6.6.7.1321(0x26060739) NetType/WIFI Language/zh_CN" 0
222.247.197.45 - - [18/Jul/2018:08:09:19 +0800] "POST /httpServices/suplydemands/suplydemandType/getSuplydemandAuditing.form HTTP/1.1" 200 153 "Mozilla/5.0 (Linux; Android 7.0; PRA-AL00X Build/HONORPRA-AL00X; wv) AppleWebKit/537.36 (KHTML, like Gecko) Version/4.0 Chrome/57.0.2987.132 MQQBrowser/6.2 TBS/044112 Mobile Safari/537.36 MicroMessenger/6.6.7.1321(0x26060739) NetType/WIFI Language/zh_CN" 15
222.247.197.45 - - [18/Jul/2018:08:09:19 +0800] "OPTIONS /httpServices/suplydemands/suplydemandType/getSuplydemandsubscribe.form HTTP/1.1" 200 - "Mozilla/5.0 (Linux; Android 7.0; PRA-AL00X Build/HONORPRA-AL00X; wv) AppleWebKit/537.36 (KHTML, like Gecko) Version/4.0 Chrome/57.0.2987.132 MQQBrowser/6.2 TBS/044112 Mobile Safari/537.36 MicroMessenger/6.6.7.1321(0x26060739) NetType/WIFI Language/zh_CN" 0
222.247.197.45 - - [18/Jul/2018:08:09:19 +0800] "POST /httpServices/suplydemands/suplydemandType/getSuplydemandsubscribe.form HTTP/1.1" 200 4465 "Mozilla/5.0 (Linux; Android 7.0; PRA-AL00X Build/HONORPRA-AL00X; wv) AppleWebKit/537.36 (KHTML, like Gecko) Version/4.0 Chrome/57.0.2987.132 MQQBrowser/6.2 TBS/044112 Mobile Safari/537.36 MicroMessenger/6.6.7.1321(0x26060739) NetType/WIFI Language/zh_CN" 31
222.247.197.45 - - [18/Jul/2018:08:09:19 +0800] "POST /httpServices/suplydemands/suplydemandType/getSuplydemandInfosOpen.form HTTP/1.1" 200 13196 "Mozilla/5.0 (Linux; Android 7.0; PRA-AL00X Build/HONORPRA-AL00X; wv) AppleWebKit/537.36 (KHTML, like Gecko) Version/4.0 Chrome/57.0.2987.132 MQQBrowser/6.2 TBS/044112 Mobile Safari/537.36 MicroMessenger/6.6.7.1321(0x26060739) NetType/WIFI Language/zh_CN" 1203
222.247.197.45 - - [18/Jul/2018:08:09:23 +0800] "POST /httpServices/suplydemands/suplydemandType/getSuplydemandInfosOpen.form HTTP/1.1" 200 89 "Mozilla/5.0 (Linux; Android 7.0; PRA-AL00X Build/HONORPRA-AL00X; wv) AppleWebKit/537.36 (KHTML, like Gecko) Version/4.0 Chrome/57.0.2987.132 MQQBrowser/6.2 TBS/044112 Mobile Safari/537.36 MicroMessenger/6.6.7.1321(0x26060739) NetType/WIFI Language/zh_CN" 1109
222.247.197.45 - - [18/Jul/2018:08:09:28 +0800] "OPTIONS /servicesmng/webim/sign.form HTTP/1.1" 200 - "Mozilla/5.0 (Linux; Android 7.0; PRA-AL00X Build/HONORPRA-AL00X; wv) AppleWebKit/537.36 (KHTML, like Gecko) Version/4.0 Chrome/57.0.2987.132 MQQBrowser/6.2 TBS/044112 Mobile Safari/537.36 MicroMessenger/6.6.7.1321(0x26060739) NetType/WIFI Language/zh_CN" 0
222.247.197.45 - - [18/Jul/2018:08:09:28 +0800] "POST /servicesmng/jsauth/jsapi_sign.form HTTP/1.1" 200 435 "Mozilla/5.0 (Linux; Android 7.0; PRA-AL00X Build/HONORPRA-AL00X; wv) AppleWebKit/537.36 (KHTML, like Gecko) Version/4.0 Chrome/57.0.2987.132 MQQBrowser/6.2 TBS/044112 Mobile Safari/537.36 MicroMessenger/6.6.7.1321(0x26060739) NetType/WIFI Language/zh_CN" 0
