106.17.27.160 - - [18/Jul/2018:08:48:52 +0800] "POST /httpServices/suplydemands/suplydemandType/getSuplydemandSelfType.form HTTP/1.1" 200 2884 "Mozilla/5.0 (Linux; Android 6.0; NCE-AL10 Build/HUAWEINCE-AL10; wv) AppleWebKit/537.36 (KHTML, like Gecko) Version/4.0 Chrome/57.0.2987.132 MQQBrowser/6.2 TBS/044112 Mobile Safari/537.36 MicroMessenger/6.6.7.1321(0x26060739) NetType/4G Language/zh_CN" 312
106.17.27.160 - - [18/Jul/2018:08:48:52 +0800] "OPTIONS /httpServices/suplydemands/suplydemandType/getSuplydemandAuditing.form HTTP/1.1" 200 - "Mozilla/5.0 (Linux; Android 6.0; NCE-AL10 Build/HUAWEINCE-AL10; wv) AppleWebKit/537.36 (KHTML, like Gecko) Version/4.0 Chrome/57.0.2987.132 MQQBrowser/6.2 TBS/044112 Mobile Safari/537.36 MicroMessenger/6.6.7.1321(0x26060739) NetType/4G Language/zh_CN" 0
106.17.27.160 - - [18/Jul/2018:08:48:52 +0800] "OPTIONS /httpServices/suplydemands/suplydemandType/getSuplydemandsubscribe.form HTTP/1.1" 200 - "Mozilla/5.0 (Linux; Android 6.0; NCE-AL10 Build/HUAWEINCE-AL10; wv) AppleWebKit/537.36 (KHTML, like Gecko) Version/4.0 Chrome/57.0.2987.132 MQQBrowser/6.2 TBS/044112 Mobile Safari/537.36 MicroMessenger/6.6.7.1321(0x26060739) NetType/4G Language/zh_CN" 0
106.17.27.160 - - [18/Jul/2018:08:48:52 +0800] "POST /httpServices/suplydemands/suplydemandType/getSuplydemandsubscribe.form HTTP/1.1" 200 4465 "Mozilla/5.0 (Linux; Android 6.0; NCE-AL10 Build/HUAWEINCE-AL10; wv) AppleWebKit/537.36 (KHTML, like Gecko) Version/4.0 Chrome/57.0.2987.132 MQQBrowser/6.2 TBS/044112 Mobile Safari/537.36 MicroMessenger/6.6.7.1321(0x26060739) NetType/4G Language/zh_CN" 15
106.17.27.160 - - [18/Jul/2018:08:48:52 +0800] "POST /httpServices/suplydemands/suplydemandType/getSuplydemandAuditing.form HTTP/1.1" 200 94 "Mozilla/5.0 (Linux; Android 6.0; NCE-AL10 Build/HUAWEINCE-AL10; wv) AppleWebKit/537.36 (KHTML, like Gecko) Version/4.0 Chrome/57.0.2987.132 MQQBrowser/6.2 TBS/044112 Mobile Safari/537.36 MicroMessenger/6.6.7.1321(0x26060739) NetType/4G Language/zh_CN" 15
106.17.27.160 - - [18/Jul/2018:08:48:55 +0800] "OPTIONS /httpServices/suplydemands/suplydemandType/saveViewRecordsOpen.form HTTP/1.1" 200 - "Mozilla/5.0 (Linux; Android 6.0; NCE-AL10 Build/HUAWEINCE-AL10; wv) AppleWebKit/537.36 (KHTML, like Gecko) Version/4.0 Chrome/57.0.2987.132 MQQBrowser/6.2 TBS/044112 Mobile Safari/537.36 MicroMessenger/6.6.7.1321(0x26060739) NetType/4G Language/zh_CN" 0
106.17.27.160 - - [18/Jul/2018:08:48:55 +0800] "POST /httpServices/suplydemands/suplydemandType/saveViewRecordsOpen.form HTTP/1.1" 200 110 "Mozilla/5.0 (Linux; Android 6.0; NCE-AL10 Build/HUAWEINCE-AL10; wv) AppleWebKit/537.36 (KHTML, like Gecko) Version/4.0 Chrome/57.0.2987.132 MQQBrowser/6.2 TBS/044112 Mobile Safari/537.36 MicroMessenger/6.6.7.1321(0x26060739) NetType/4G Language/zh_CN" 15
106.17.27.160 - - [18/Jul/2018:08:48:55 +0800] "OPTIONS /httpServices/suplydemands/suplydemandType/getSuplydemandDetailsOpen.form HTTP/1.1" 200 - "Mozilla/5.0 (Linux; Android 6.0; NCE-AL10 Build/HUAWEINCE-AL10; wv) AppleWebKit/537.36 (KHTML, like Gecko) Version/4.0 Chrome/57.0.2987.132 MQQBrowser/6.2 TBS/044112 Mobile Safari/537.36 MicroMessenger/6.6.7.1321(0x26060739) NetType/4G Language/zh_CN" 0
106.17.27.160 - - [18/Jul/2018:08:48:56 +0800] "POST /httpServices/suplydemands/suplydemandType/getSuplydemandDetailsOpen.form HTTP/1.1" 200 1125 "Mozilla/5.0 (Linux; Android 6.0; NCE-AL10 Build/HUAWEINCE-AL10; wv) AppleWebKit/537.36 (KHTML, like Gecko) Version/4.0 Chrome/57.0.2987.132 MQQBrowser/6.2 TBS/044112 Mobile Safari/537.36 MicroMessenger/6.6.7.1321(0x26060739) NetType/4G Language/zh_CN" 1062
106.17.27.160 - - [18/Jul/2018:08:48:56 +0800] "OPTIONS /httpServices/suplydemands/SuplydemandRI/getQickSupplyReply.form HTTP/1.1" 200 - "Mozilla/5.0 (Linux; Android 6.0; NCE-AL10 Build/HUAWEINCE-AL10; wv) AppleWebKit/537.36 (KHTML, like Gecko) Version/4.0 Chrome/57.0.2987.132 MQQBrowser/6.2 TBS/044112 Mobile Safari/537.36 MicroMessenger/6.6.7.1321(0x26060739) NetType/4G Language/zh_CN" 16
106.17.27.160 - - [18/Jul/2018:08:48:57 +0800] "POST /httpServices/suplydemands/SuplydemandRI/getQickSupplyReply.form HTTP/1.1" 200 908 "Mozilla/5.0 (Linux; Android 6.0; NCE-AL10 Build/HUAWEINCE-AL10; wv) AppleWebKit/537.36 (KHTML, like Gecko) Version/4.0 Chrome/57.0.2987.132 MQQBrowser/6.2 TBS/044112 Mobile Safari/537.36 MicroMessenger/6.6.7.1321(0x26060739) NetType/4G Language/zh_CN" 16
106.17.27.160 - - [18/Jul/2018:08:48:57 +0800] "OPTIONS /httpServices/suplydemands/SuplydemandRI/getSupplyReply.form HTTP/1.1" 200 - "Mozilla/5.0 (Linux; Android 6.0; NCE-AL10 Build/HUAWEINCE-AL10; wv) AppleWebKit/537.36 (KHTML, like Gecko) Version/4.0 Chrome/57.0.2987.132 MQQBrowser/6.2 TBS/044112 Mobile Safari/537.36 MicroMessenger/6.6.7.1321(0x26060739) NetType/4G Language/zh_CN" 0
106.17.27.160 - - [18/Jul/2018:08:48:57 +0800] "POST /httpServices/suplydemands/SuplydemandRI/getSupplyReply.form HTTP/1.1" 200 1272 "Mozilla/5.0 (Linux; Android 6.0; NCE-AL10 Build/HUAWEINCE-AL10; wv) AppleWebKit/537.36 (KHTML, like Gecko) Version/4.0 Chrome/57.0.2987.132 MQQBrowser/6.2 TBS/044112 Mobile Safari/537.36 MicroMessenger/6.6.7.1321(0x26060739) NetType/4G Language/zh_CN" 781
106.17.27.160 - - [18/Jul/2018:08:48:59 +0800] "POST /servicesmng/jsauth/jsapi_sign.form HTTP/1.1" 200 523 "Mozilla/5.0 (Linux; Android 6.0; NCE-AL10 Build/HUAWEINCE-AL10; wv) AppleWebKit/537.36 (KHTML, like Gecko) Version/4.0 Chrome/57.0.2987.132 MQQBrowser/6.2 TBS/044112 Mobile Safari/537.36 MicroMessenger/6.6.7.1321(0x26060739) NetType/4G Language/zh_CN" 0
183.214.94.100 - - [18/Jul/2018:08:49:01 +0800] "OPTIONS /httpServices/httpmenu/httpmenuController/getMenuByOrgId.form HTTP/1.1" 200 - "Mozilla/5.0 (Linux; Android 5.0.2; vivo X6Plus A Build/LRX22G; wv) AppleWebKit/537.36 (KHTML, like Gecko) Version/4.0 Chrome/57.0.2987.132 MQQBrowser/6.2 TBS/044112 Mobile Safari/537.36 MicroMessenger/6.6.6.1300(0x26060638) NetType/WIFI Language/zh_CN" 0
183.214.94.100 - - [18/Jul/2018:08:49:01 +0800] "POST /httpServices/httpmenu/httpmenuController/getMenuByOrgId.form HTTP/1.1" 200 1621 "Mozilla/5.0 (Linux; Android 5.0.2; vivo X6Plus A Build/LRX22G; wv) AppleWebKit/537.36 (KHTML, like Gecko) Version/4.0 Chrome/57.0.2987.132 MQQBrowser/6.2 TBS/044112 Mobile Safari/537.36 MicroMessenger/6.6.6.1300(0x26060638) NetType/WIFI Language/zh_CN" 16
183.214.94.100 - - [18/Jul/2018:08:49:01 +0800] "POST /servicesmng/jsauth/jsapi_sign.form HTTP/1.1" 200 481 "Mozilla/5.0 (Linux; Android 5.0.2; vivo X6Plus A Build/LRX22G; wv) AppleWebKit/537.36 (KHTML, like Gecko) Version/4.0 Chrome/57.0.2987.132 MQQBrowser/6.2 TBS/044112 Mobile Safari/537.36 MicroMessenger/6.6.6.1300(0x26060638) NetType/WIFI Language/zh_CN" 0
183.214.94.100 - - [18/Jul/2018:08:49:02 +0800] "OPTIONS /httpServices/suplydemands/suplydemandType/getSuplydemandInfosOpen.form HTTP/1.1" 200 - "Mozilla/5.0 (Linux; Android 5.0.2; vivo X6Plus A Build/LRX22G; wv) AppleWebKit/537.36 (KHTML, like Gecko) Version/4.0 Chrome/57.0.2987.132 MQQBrowser/6.2 TBS/044112 Mobile Safari/537.36 MicroMessenger/6.6.6.1300(0x26060638) NetType/WIFI Language/zh_CN" 0
106.17.27.160 - - [18/Jul/2018:08:49:02 +0800] "POST /servicesmng/jsauth/jsapi_sign.form HTTP/1.1" 200 438 "Mozilla/5.0 (Linux; Android 6.0; NCE-AL10 Build/HUAWEINCE-AL10; wv) AppleWebKit/537.36 (KHTML, like Gecko) Version/4.0 Chrome/57.0.2987.132 MQQBrowser/6.2 TBS/044112 Mobile Safari/537.36 MicroMessenger/6.6.7.1321(0x26060739) NetType/4G Language/zh_CN" 0
183.214.94.100 - - [18/Jul/2018:08:49:02 +0800] "POST /httpServices/suplydemands/suplydemandType/saveViewRecordsOpen.form HTTP/1.1" 200 110 "Mozilla/5.0 (Linux; Android 5.0.2; vivo X6Plus A Build/LRX22G; wv) AppleWebKit/537.36 (KHTML, like Gecko) Version/4.0 Chrome/57.0.2987.132 MQQBrowser/6.2 TBS/044112 Mobile Safari/537.36 MicroMessenger/6.6.6.1300(0x26060638) NetType/WIFI Language/zh_CN" 203
183.214.94.100 - - [18/Jul/2018:08:49:03 +0800] "POST /httpServices/suplydemands/SuplydemandRI/getQickSupplyReply.form HTTP/1.1" 200 908 "Mozilla/5.0 (Linux; Android 5.0.2; vivo X6Plus A Build/LRX22G; wv) AppleWebKit/537.36 (KHTML, like Gecko) Version/4.0 Chrome/57.0.2987.132 MQQBrowser/6.2 TBS/044112 Mobile Safari/537.36 MicroMessenger/6.6.6.1300(0x26060638) NetType/WIFI Language/zh_CN" 0
106.17.27.160 - - [18/Jul/2018:08:49:04 +0800] "POST /httpServices/suplydemands/suplydemandType/getSuplydemandSelfType.form HTTP/1.1" 200 2884 "Mozilla/5.0 (Linux; Android 6.0; NCE-AL10 Build/HUAWEINCE-AL10; wv) AppleWebKit/537.36 (KHTML, like Gecko) Version/4.0 Chrome/57.0.2987.132 MQQBrowser/6.2 TBS/044112 Mobile Safari/537.36 MicroMessenger/6.6.7.1321(0x26060739) NetType/4G Language/zh_CN" 16
106.17.27.160 - - [18/Jul/2018:08:49:04 +0800] "POST /httpServices/suplydemands/suplydemandType/getSuplydemandAuditing.form HTTP/1.1" 200 94 "Mozilla/5.0 (Linux; Android 6.0; NCE-AL10 Build/HUAWEINCE-AL10; wv) AppleWebKit/537.36 (KHTML, like Gecko) Version/4.0 Chrome/57.0.2987.132 MQQBrowser/6.2 TBS/044112 Mobile Safari/537.36 MicroMessenger/6.6.7.1321(0x26060739) NetType/4G Language/zh_CN" 15
106.17.27.160 - - [18/Jul/2018:08:49:04 +0800] "POST /httpServices/suplydemands/suplydemandType/getSuplydemandsubscribe.form HTTP/1.1" 200 4465 "Mozilla/5.0 (Linux; Android 6.0; NCE-AL10 Build/HUAWEINCE-AL10; wv) AppleWebKit/537.36 (KHTML, like Gecko) Version/4.0 Chrome/57.0.2987.132 MQQBrowser/6.2 TBS/044112 Mobile Safari/537.36 MicroMessenger/6.6.7.1321(0x26060739) NetType/4G Language/zh_CN" 15
183.214.94.100 - - [18/Jul/2018:08:49:05 +0800] "POST /httpServices/suplydemands/suplydemandType/getSuplydemandInfosOpen.form HTTP/1.1" 200 13196 "Mozilla/5.0 (Linux; Android 5.0.2; vivo X6Plus A Build/LRX22G; wv) AppleWebKit/537.36 (KHTML, like Gecko) Version/4.0 Chrome/57.0.2987.132 MQQBrowser/6.2 TBS/044112 Mobile Safari/537.36 MicroMessenger/6.6.6.1300(0x26060638) NetType/WIFI Language/zh_CN" 3312
183.214.94.100 - - [18/Jul/2018:08:49:06 +0800] "POST /httpServices/suplydemands/SuplydemandRI/getSupplyReply.form HTTP/1.1" 200 692 "Mozilla/5.0 (Linux; Android 5.0.2; vivo X6Plus A Build/LRX22G; wv) AppleWebKit/537.36 (KHTML, like Gecko) Version/4.0 Chrome/57.0.2987.132 MQQBrowser/6.2 TBS/044112 Mobile Safari/537.36 MicroMessenger/6.6.6.1300(0x26060638) NetType/WIFI Language/zh_CN" 3328
183.214.94.100 - - [18/Jul/2018:08:49:08 +0800] "POST /httpServices/suplydemands/suplydemandType/getSuplydemandDetailsOpen.form HTTP/1.1" 200 1721 "Mozilla/5.0 (Linux; Android 5.0.2; vivo X6Plus A Build/LRX22G; wv) AppleWebKit/537.36 (KHTML, like Gecko) Version/4.0 Chrome/57.0.2987.132 MQQBrowser/6.2 TBS/044112 Mobile Safari/537.36 MicroMessenger/6.6.6.1300(0x26060638) NetType/WIFI Language/zh_CN" 5063
106.17.27.160 - - [18/Jul/2018:08:49:08 +0800] "POST /httpServices/suplydemands/suplydemandType/getSuplydemandInfosOpen.form HTTP/1.1" 200 18425 "Mozilla/5.0 (Linux; Android 6.0; NCE-AL10 Build/HUAWEINCE-AL10; wv) AppleWebKit/537.36 (KHTML, like Gecko) Version/4.0 Chrome/57.0.2987.132 MQQBrowser/6.2 TBS/044112 Mobile Safari/537.36 MicroMessenger/6.6.7.1321(0x26060739) NetType/4G Language/zh_CN" 5437
140.207.54.80 - - [18/Jul/2018:08:49:09 +0800] "POST /servicesmng/auth/notify.form?signature=d0aae1220bdbb0aedaa469885463f0032c5838b8&timestamp=1531874949&nonce=905163372&encrypt_type=aes&msg_signature=71d6ebf617d28c63e3319f942029bcd9433bd290 HTTP/1.1" 200 7 "Mozilla/4.0" 0
106.17.27.160 - - [18/Jul/2018:08:49:13 +0800] "POST /httpServices/suplydemands/suplydemandType/getSuplydemandInfosOpen.form HTTP/1.1" 200 11036 "Mozilla/5.0 (Linux; Android 6.0; NCE-AL10 Build/HUAWEINCE-AL10; wv) AppleWebKit/537.36 (KHTML, like Gecko) Version/4.0 Chrome/57.0.2987.132 MQQBrowser/6.2 TBS/044112 Mobile Safari/537.36 MicroMessenger/6.6.7.1321(0x26060739) NetType/4G Language/zh_CN" 1140
106.17.27.160 - - [18/Jul/2018:08:49:21 +0800] "POST /httpServices/suplydemands/suplydemandType/getSuplydemandInfosOpen.form HTTP/1.1" 200 17202 "Mozilla/5.0 (Linux; Android 6.0; NCE-AL10 Build/HUAWEINCE-AL10; wv) AppleWebKit/537.36 (KHTML, like Gecko) Version/4.0 Chrome/57.0.2987.132 MQQBrowser/6.2 TBS/044112 Mobile Safari/537.36 MicroMessenger/6.6.7.1321(0x26060739) NetType/4G Language/zh_CN" 1157
106.17.27.160 - - [18/Jul/2018:08:49:24 +0800] "POST /httpServices/suplydemands/suplydemandType/getSuplydemandInfosOpen.form HTTP/1.1" 200 9921 "Mozilla/5.0 (Linux; Android 6.0; NCE-AL10 Build/HUAWEINCE-AL10; wv) AppleWebKit/537.36 (KHTML, like Gecko) Version/4.0 Chrome/57.0.2987.132 MQQBrowser/6.2 TBS/044112 Mobile Safari/537.36 MicroMessenger/6.6.7.1321(0x26060739) NetType/4G Language/zh_CN" 1140
106.17.27.160 - - [18/Jul/2018:08:49:27 +0800] "POST /httpServices/suplydemands/suplydemandType/getSuplydemandInfosOpen.form HTTP/1.1" 200 11159 "Mozilla/5.0 (Linux; Android 6.0; NCE-AL10 Build/HUAWEINCE-AL10; wv) AppleWebKit/537.36 (KHTML, like Gecko) Version/4.0 Chrome/57.0.2987.132 MQQBrowser/6.2 TBS/044112 Mobile Safari/537.36 MicroMessenger/6.6.7.1321(0x26060739) NetType/4G Language/zh_CN" 1140
106.17.27.160 - - [18/Jul/2018:08:49:34 +0800] "OPTIONS /servicesmng/webim/sign.form HTTP/1.1" 200 - "Mozilla/5.0 (Linux; Android 6.0; NCE-AL10 Build/HUAWEINCE-AL10; wv) AppleWebKit/537.36 (KHTML, like Gecko) Version/4.0 Chrome/57.0.2987.132 MQQBrowser/6.2 TBS/044112 Mobile Safari/537.36 MicroMessenger/6.6.7.1321(0x26060739) NetType/4G Language/zh_CN" 0
106.17.27.160 - - [18/Jul/2018:08:49:34 +0800] "POST /servicesmng/jsauth/jsapi_sign.form HTTP/1.1" 200 446 "Mozilla/5.0 (Linux; Android 6.0; NCE-AL10 Build/HUAWEINCE-AL10; wv) AppleWebKit/537.36 (KHTML, like Gecko) Version/4.0 Chrome/57.0.2987.132 MQQBrowser/6.2 TBS/044112 Mobile Safari/537.36 MicroMessenger/6.6.7.1321(0x26060739) NetType/4G Language/zh_CN" 0
106.17.27.160 - - [18/Jul/2018:08:49:34 +0800] "POST /servicesmng/webim/sign.form HTTP/1.1" 200 469 "Mozilla/5.0 (Linux; Android 6.0; NCE-AL10 Build/HUAWEINCE-AL10; wv) AppleWebKit/537.36 (KHTML, like Gecko) Version/4.0 Chrome/57.0.2987.132 MQQBrowser/6.2 TBS/044112 Mobile Safari/537.36 MicroMessenger/6.6.7.1321(0x26060739) NetType/4G Language/zh_CN" 0
106.17.27.160 - - [18/Jul/2018:08:49:35 +0800] "OPTIONS /servicesmng/webim/getUserId.form HTTP/1.1" 200 - "Mozilla/5.0 (Linux; Android 6.0; NCE-AL10 Build/HUAWEINCE-AL10; wv) AppleWebKit/537.36 (KHTML, like Gecko) Version/4.0 Chrome/57.0.2987.132 MQQBrowser/6.2 TBS/044112 Mobile Safari/537.36 MicroMessenger/6.6.7.1321(0x26060739) NetType/4G Language/zh_CN" 0
106.17.27.160 - - [18/Jul/2018:08:49:35 +0800] "POST /servicesmng/webim/getUserId.form HTTP/1.1" 200 1568 "Mozilla/5.0 (Linux; Android 6.0; NCE-AL10 Build/HUAWEINCE-AL10; wv) AppleWebKit/537.36 (KHTML, like Gecko) Version/4.0 Chrome/57.0.2987.132 MQQBrowser/6.2 TBS/044112 Mobile Safari/537.36 MicroMessenger/6.6.7.1321(0x26060739) NetType/4G Language/zh_CN" 31
106.17.27.160 - - [18/Jul/2018:08:49:40 +0800] "POST /servicesmng/webim/sign.form HTTP/1.1" 200 469 "Mozilla/5.0 (Linux; Android 6.0; NCE-AL10 Build/HUAWEINCE-AL10; wv) AppleWebKit/537.36 (KHTML, like Gecko) Version/4.0 Chrome/57.0.2987.132 MQQBrowser/6.2 TBS/044112 Mobile Safari/537.36 MicroMessenger/6.6.7.1321(0x26060739) NetType/4G Language/zh_CN" 0
106.17.27.160 - - [18/Jul/2018:08:49:40 +0800] "POST /servicesmng/jsauth/jsapi_sign.form HTTP/1.1" 200 435 "Mozilla/5.0 (Linux; Android 6.0; NCE-AL10 Build/HUAWEINCE-AL10; wv) AppleWebKit/537.36 (KHTML, like Gecko) Version/4.0 Chrome/57.0.2987.132 MQQBrowser/6.2 TBS/044112 Mobile Safari/537.36 MicroMessenger/6.6.7.1321(0x26060739) NetType/4G Language/zh_CN" 16
106.17.27.160 - - [18/Jul/2018:08:49:40 +0800] "OPTIONS /httpServices/users/viewmodel/getDefaultViewModel.form HTTP/1.1" 200 - "Mozilla/5.0 (Linux; Android 6.0; NCE-AL10 Build/HUAWEINCE-AL10; wv) AppleWebKit/537.36 (KHTML, like Gecko) Version/4.0 Chrome/57.0.2987.132 MQQBrowser/6.2 TBS/044112 Mobile Safari/537.36 MicroMessenger/6.6.7.1321(0x26060739) NetType/4G Language/zh_CN" 0
106.17.27.160 - - [18/Jul/2018:08:49:40 +0800] "POST /httpServices/users/viewmodel/getDefaultViewModel.form HTTP/1.1" 200 184 "Mozilla/5.0 (Linux; Android 6.0; NCE-AL10 Build/HUAWEINCE-AL10; wv) AppleWebKit/537.36 (KHTML, like Gecko) Version/4.0 Chrome/57.0.2987.132 MQQBrowser/6.2 TBS/044112 Mobile Safari/537.36 MicroMessenger/6.6.7.1321(0x26060739) NetType/4G Language/zh_CN" 15
106.17.27.160 - - [18/Jul/2018:08:49:40 +0800] "OPTIONS /httpServices/users/viewmodel/getHideMobileFlag.form HTTP/1.1" 200 - "Mozilla/5.0 (Linux; Android 6.0; NCE-AL10 Build/HUAWEINCE-AL10; wv) AppleWebKit/537.36 (KHTML, like Gecko) Version/4.0 Chrome/57.0.2987.132 MQQBrowser/6.2 TBS/044112 Mobile Safari/537.36 MicroMessenger/6.6.7.1321(0x26060739) NetType/4G Language/zh_CN" 0
106.17.27.160 - - [18/Jul/2018:08:49:40 +0800] "POST /httpServices/users/viewmodel/getHideMobileFlag.form HTTP/1.1" 200 107 "Mozilla/5.0 (Linux; Android 6.0; NCE-AL10 Build/HUAWEINCE-AL10; wv) AppleWebKit/537.36 (KHTML, like Gecko) Version/4.0 Chrome/57.0.2987.132 MQQBrowser/6.2 TBS/044112 Mobile Safari/537.36 MicroMessenger/6.6.7.1321(0x26060739) NetType/4G Language/zh_CN" 0
106.17.27.160 - - [18/Jul/2018:08:49:40 +0800] "OPTIONS /httpServices/httpDYMForm/dynamicFormController/getDYMFilePath.form HTTP/1.1" 200 - "Mozilla/5.0 (Linux; Android 6.0; NCE-AL10 Build/HUAWEINCE-AL10; wv) AppleWebKit/537.36 (KHTML, like Gecko) Version/4.0 Chrome/57.0.2987.132 MQQBrowser/6.2 TBS/044112 Mobile Safari/537.36 MicroMessenger/6.6.7.1321(0x26060739) NetType/4G Language/zh_CN" 0
106.17.27.160 - - [18/Jul/2018:08:49:40 +0800] "OPTIONS /httpServices/users/viewmodel/getViewModelByOrgId.form HTTP/1.1" 200 - "Mozilla/5.0 (Linux; Android 6.0; NCE-AL10 Build/HUAWEINCE-AL10; wv) AppleWebKit/537.36 (KHTML, like Gecko) Version/4.0 Chrome/57.0.2987.132 MQQBrowser/6.2 TBS/044112 Mobile Safari/537.36 MicroMessenger/6.6.7.1321(0x26060739) NetType/4G Language/zh_CN" 0
106.17.27.160 - - [18/Jul/2018:08:49:40 +0800] "OPTIONS /httpServices/office/announcement/getAnnouncements.form HTTP/1.1" 200 - "Mozilla/5.0 (Linux; Android 6.0; NCE-AL10 Build/HUAWEINCE-AL10; wv) AppleWebKit/537.36 (KHTML, like Gecko) Version/4.0 Chrome/57.0.2987.132 MQQBrowser/6.2 TBS/044112 Mobile Safari/537.36 MicroMessenger/6.6.7.1321(0x26060739) NetType/4G Language/zh_CN" 0
106.17.27.160 - - [18/Jul/2018:08:49:40 +0800] "OPTIONS /httpServices/redis/redisController/getCacheDataAll.form HTTP/1.1" 200 - "Mozilla/5.0 (Linux; Android 6.0; NCE-AL10 Build/HUAWEINCE-AL10; wv) AppleWebKit/537.36 (KHTML, like Gecko) Version/4.0 Chrome/57.0.2987.132 MQQBrowser/6.2 TBS/044112 Mobile Safari/537.36 MicroMessenger/6.6.7.1321(0x26060739) NetType/4G Language/zh_CN" 0
106.17.27.160 - - [18/Jul/2018:08:49:40 +0800] "POST /httpServices/users/viewmodel/getViewModelByOrgId.form HTTP/1.1" 200 2218 "Mozilla/5.0 (Linux; Android 6.0; NCE-AL10 Build/HUAWEINCE-AL10; wv) AppleWebKit/537.36 (KHTML, like Gecko) Version/4.0 Chrome/57.0.2987.132 MQQBrowser/6.2 TBS/044112 Mobile Safari/537.36 MicroMessenger/6.6.7.1321(0x26060739) NetType/4G Language/zh_CN" 0
106.17.27.160 - - [18/Jul/2018:08:49:40 +0800] "POST /httpServices/httpDYMForm/dynamicFormController/getDYMFilePath.form HTTP/1.1" 200 190 "Mozilla/5.0 (Linux; Android 6.0; NCE-AL10 Build/HUAWEINCE-AL10; wv) AppleWebKit/537.36 (KHTML, like Gecko) Version/4.0 Chrome/57.0.2987.132 MQQBrowser/6.2 TBS/044112 Mobile Safari/537.36 MicroMessenger/6.6.7.1321(0x26060739) NetType/4G Language/zh_CN" 0
106.17.27.160 - - [18/Jul/2018:08:49:40 +0800] "POST /httpServices/office/announcement/getAnnouncements.form HTTP/1.1" 200 269 "Mozilla/5.0 (Linux; Android 6.0; NCE-AL10 Build/HUAWEINCE-AL10; wv) AppleWebKit/537.36 (KHTML, like Gecko) Version/4.0 Chrome/57.0.2987.132 MQQBrowser/6.2 TBS/044112 Mobile Safari/537.36 MicroMessenger/6.6.7.1321(0x26060739) NetType/4G Language/zh_CN" 0
106.17.27.160 - - [18/Jul/2018:08:49:42 +0800] "POST /httpServices/redis/redisController/getCacheDataAll.form HTTP/1.1" 200 872801 "Mozilla/5.0 (Linux; Android 6.0; NCE-AL10 Build/HUAWEINCE-AL10; wv) AppleWebKit/537.36 (KHTML, like Gecko) Version/4.0 Chrome/57.0.2987.132 MQQBrowser/6.2 TBS/044112 Mobile Safari/537.36 MicroMessenger/6.6.7.1321(0x26060739) NetType/4G Language/zh_CN" 1266
140.207.54.76 - - [18/Jul/2018:08:49:52 +0800] "POST /servicesmng/weixinmessage/wx2a2bf351945bc937/message.form?signature=53ddb38acde2800451699f8fc92157df39466ce4&timestamp=1531874992&nonce=704272272&openid=oJr4nwMY0SZ9UTTtawuHF1metVLk&encrypt_type=aes&msg_signature=235558675f2051a713d9a7ef6fb419fb602a8da5 HTTP/1.1" 200 - "Mozilla/4.0" 0
140.207.54.76 - - [18/Jul/2018:08:49:58 +0800] "POST /servicesmng/weixinmessage/wx2a2bf351945bc937/message.form?signature=fe621bd941311cba10807cb849e98047917631df&timestamp=1531874998&nonce=661413111&openid=oJr4nwMY0SZ9UTTtawuHF1metVLk&encrypt_type=aes&msg_signature=82cc89d1ebf7edd1ea13b302bec9bd15a6e2f345 HTTP/1.1" 200 - "Mozilla/4.0" 31
140.207.54.75 - - [18/Jul/2018:08:50:05 +0800] "POST /servicesmng/weixinmessage/wx2a2bf351945bc937/message.form?signature=b3c3d4b9189d37e1cd6967716ecd80e2108be449&timestamp=1531875005&nonce=1931234663&openid=oJr4nwMY0SZ9UTTtawuHF1metVLk&encrypt_type=aes&msg_signature=3221466e78774632f2e762e00670e0245a0fede0 HTTP/1.1" 200 - "Mozilla/4.0" 0
140.207.54.76 - - [18/Jul/2018:08:50:21 +0800] "POST /servicesmng/weixinmessage/wx136bbba674ea9fbb/message.form?signature=785f450fefcc90193fe71d4521e1c7aca4ce3f9e&timestamp=1531875022&nonce=481578201&openid=odrZbwhtKNj0PDqpcPv--IZLlwIY&encrypt_type=aes&msg_signature=30b8af50e23fef22b507da650bbc76c08dae1278 HTTP/1.1" 200 - "Mozilla/4.0" 0
222.244.254.168 - - [18/Jul/2018:08:50:22 +0800] "GET /servicesmng/oauth/wx136bbba674ea9fbb/snsapi_base.form?code=0215sSKW1tLXIT05lFKW1Y06LW15sSKL&state=http%3A%2F%2Fweixin.hnzaojia.org.cn%2Fweixin%2Floginnew%3Fouri%3DtoDirectories&appid=wx136bbba674ea9fbb HTTP/1.1" 302 - "Mozilla/5.0 (Linux; Android 8.1; MI 8 SE Build/OPM1.171019.019; wv) AppleWebKit/537.36 (KHTML, like Gecko) Version/4.0 Chrome/57.0.2987.132 MQQBrowser/6.2 TBS/044109 Mobile Safari/537.36 MicroMessenger/6.7.1321(0x26070030) NetType/WIFI Language/zh_CN" 172
14.116.133.168 - - [18/Jul/2018:08:50:25 +0800] "POST /servicesmng/jsauth/jsapi_sign.form HTTP/1.1" 200 485 "Mozilla/5.0 (Linux; Android 8.1; MI 8 SE Build/OPM1.171019.019; wv) AppleWebKit/537.36 (KHTML, like Gecko) Version/4.0 Chrome/57.0.2987.132 MQQBrowser/6.2 TBS/044109 Mobile Safari/537.36 MicroMessenger/6.7.1321(0x26070030) NetType/WIFI Language/zh_CN" 0
14.116.133.168 - - [18/Jul/2018:08:50:27 +0800] "POST /servicesmng/jsauth/jsapi_sign.form HTTP/1.1" 200 439 "Mozilla/5.0 (Linux; Android 8.1; MI 8 SE Build/OPM1.171019.019; wv) AppleWebKit/537.36 (KHTML, like Gecko) Version/4.0 Chrome/57.0.2987.132 MQQBrowser/6.2 TBS/044109 Mobile Safari/537.36 MicroMessenger/6.7.1321(0x26070030) NetType/WIFI Language/zh_CN" 0
223.166.222.109 - - [18/Jul/2018:08:50:27 +0800] "POST /servicesmng/weixinmessage/wx4d67ae4842c1b4f8/message.form?signature=fe418f2d7a6d1451d76325248371bf9a69655686&timestamp=1531875027&nonce=458069745&openid=oIlEEj1O40ngSv8xqlrafPGwj92Y&encrypt_type=aes&msg_signature=c88153e46f9715c32c928414fb3efb7b73dff558 HTTP/1.1" 200 - "Mozilla/4.0" 0
222.244.254.168 - - [18/Jul/2018:08:50:32 +0800] "POST /servicesmng/jsauth/jsapi_sign.form HTTP/1.1" 200 438 "Mozilla/5.0 (Linux; Android 8.1; MI 8 SE Build/OPM1.171019.019; wv) AppleWebKit/537.36 (KHTML, like Gecko) Version/4.0 Chrome/57.0.2987.132 MQQBrowser/6.2 TBS/044109 Mobile Safari/537.36 MicroMessenger/6.7.1321(0x26070030) NetType/WIFI Language/zh_CN" 0
14.116.133.168 - - [18/Jul/2018:08:51:17 +0800] "POST /servicesmng/jsauth/jsapi_sign.form HTTP/1.1" 200 439 "Mozilla/5.0 (Linux; Android 8.1; MI 8 SE Build/OPM1.171019.019; wv) AppleWebKit/537.36 (KHTML, like Gecko) Version/4.0 Chrome/57.0.2987.132 MQQBrowser/6.2 TBS/044109 Mobile Safari/537.36 MicroMessenger/6.7.1321(0x26070030) NetType/WIFI Language/zh_CN" 0
223.166.222.109 - - [18/Jul/2018:08:51:25 +0800] "POST /servicesmng/weixinmessage/wx4d67ae4842c1b4f8/message.form?signature=1bec6fdf6e42fd7640ea0397f65923bf2a576da3&timestamp=1531875085&nonce=1023487823&openid=oIlEEj1O40ngSv8xqlrafPGwj92Y&encrypt_type=aes&msg_signature=5e0327193ca7ce358e0576e3a6d295933781343d HTTP/1.1" 200 - "Mozilla/4.0" 0
106.17.27.160 - - [18/Jul/2018:08:51:26 +0800] "GET /servicesmng/oauth/wx4d67ae4842c1b4f8/snsapi_base.form?code=001m67wg29nqXA0AqNzg23Lcwg2m67wU&state=https%3A%2F%2Fwechat.zhdsbang.com%2Fweixin%2Floginnew%3Fouri%3DtoSupplyDemand&appid=wx4d67ae4842c1b4f8 HTTP/1.1" 302 - "Mozilla/5.0 (Linux; Android 6.0; NCE-AL10 Build/HUAWEINCE-AL10; wv) AppleWebKit/537.36 (KHTML, like Gecko) Version/4.0 Chrome/57.0.2987.132 MQQBrowser/6.2 TBS/044112 Mobile Safari/537.36 MicroMessenger/6.6.7.1321(0x26060739) NetType/4G Language/zh_CN" 188
118.178.139.59 - - [18/Jul/2018:08:51:26 +0800] "POST /httpServices/users/organization/getOrgIdByAppId.form HTTP/1.1" 200 1577 "Apache-HttpClient/4.3.5 (java 1.5)" 16
118.178.139.59 - - [18/Jul/2018:08:51:27 +0800] "POST /httpServices/users/accounts/loginByOpenid.form HTTP/1.1" 200 674 "Apache-HttpClient/4.3.5 (java 1.5)" 438
106.17.27.160 - - [18/Jul/2018:08:51:28 +0800] "POST /httpServices/httpmenu/httpmenuController/getMenuByOrgId.form HTTP/1.1" 200 1638 "Mozilla/5.0 (Linux; Android 6.0; NCE-AL10 Build/HUAWEINCE-AL10; wv) AppleWebKit/537.36 (KHTML, like Gecko) Version/4.0 Chrome/57.0.2987.132 MQQBrowser/6.2 TBS/044112 Mobile Safari/537.36 MicroMessenger/6.6.7.1321(0x26060739) NetType/4G Language/zh_CN" 16
106.17.27.160 - - [18/Jul/2018:08:51:28 +0800] "POST /servicesmng/jsauth/jsapi_sign.form HTTP/1.1" 200 438 "Mozilla/5.0 (Linux; Android 6.0; NCE-AL10 Build/HUAWEINCE-AL10; wv) AppleWebKit/537.36 (KHTML, like Gecko) Version/4.0 Chrome/57.0.2987.132 MQQBrowser/6.2 TBS/044112 Mobile Safari/537.36 MicroMessenger/6.6.7.1321(0x26060739) NetType/4G Language/zh_CN" 0
106.17.27.160 - - [18/Jul/2018:08:51:30 +0800] "POST /httpServices/suplydemands/suplydemandType/getSuplydemandSelfType.form HTTP/1.1" 200 2884 "Mozilla/5.0 (Linux; Android 6.0; NCE-AL10 Build/HUAWEINCE-AL10; wv) AppleWebKit/537.36 (KHTML, like Gecko) Version/4.0 Chrome/57.0.2987.132 MQQBrowser/6.2 TBS/044112 Mobile Safari/537.36 MicroMessenger/6.6.7.1321(0x26060739) NetType/4G Language/zh_CN" 47
106.17.27.160 - - [18/Jul/2018:08:51:30 +0800] "POST /httpServices/suplydemands/suplydemandType/getSuplydemandInfosOpen.form HTTP/1.1" 200 18425 "Mozilla/5.0 (Linux; Android 6.0; NCE-AL10 Build/HUAWEINCE-AL10; wv) AppleWebKit/537.36 (KHTML, like Gecko) Version/4.0 Chrome/57.0.2987.132 MQQBrowser/6.2 TBS/044112 Mobile Safari/537.36 MicroMessenger/6.6.7.1321(0x26060739) NetType/4G Language/zh_CN" 1234
106.17.27.160 - - [18/Jul/2018:08:51:30 +0800] "POST /httpServices/suplydemands/suplydemandType/getSuplydemandAuditing.form HTTP/1.1" 200 94 "Mozilla/5.0 (Linux; Android 6.0; NCE-AL10 Build/HUAWEINCE-AL10; wv) AppleWebKit/537.36 (KHTML, like Gecko) Version/4.0 Chrome/57.0.2987.132 MQQBrowser/6.2 TBS/044112 Mobile Safari/537.36 MicroMessenger/6.6.7.1321(0x26060739) NetType/4G Language/zh_CN" 15
106.17.27.160 - - [18/Jul/2018:08:51:30 +0800] "POST /httpServices/suplydemands/suplydemandType/getSuplydemandsubscribe.form HTTP/1.1" 200 4465 "Mozilla/5.0 (Linux; Android 6.0; NCE-AL10 Build/HUAWEINCE-AL10; wv) AppleWebKit/537.36 (KHTML, like Gecko) Version/4.0 Chrome/57.0.2987.132 MQQBrowser/6.2 TBS/044112 Mobile Safari/537.36 MicroMessenger/6.6.7.1321(0x26060739) NetType/4G Language/zh_CN" 32
140.207.54.79 - - [18/Jul/2018:08:51:32 +0800] "POST /servicesmng/weixinmessage/wx2a2bf351945bc937/message.form?signature=1d0142915dc6d64c6ae3658866cb631fdeb2a339&timestamp=1531875092&nonce=1823462108&openid=oJr4nwB_kW-J_5i-uJTxY6Q90ySw&encrypt_type=aes&msg_signature=13d41128fee054ddca2ba513c8412ff73797f9b4 HTTP/1.1" 200 - "Mozilla/4.0" 0
106.17.27.160 - - [18/Jul/2018:08:51:33 +0800] "POST /httpServices/suplydemands/suplydemandType/getSuplydemandInfosOpen.form HTTP/1.1" 200 11062 "Mozilla/5.0 (Linux; Android 6.0; NCE-AL10 Build/HUAWEINCE-AL10; wv) AppleWebKit/537.36 (KHTML, like Gecko) Version/4.0 Chrome/57.0.2987.132 MQQBrowser/6.2 TBS/044112 Mobile Safari/537.36 MicroMessenger/6.6.7.1321(0x26060739) NetType/4G Language/zh_CN" 1125
140.207.54.79 - - [18/Jul/2018:08:51:49 +0800] "POST /servicesmng/weixinmessage/wx2a2bf351945bc937/message.form?signature=ca21c7d3f368ab28a84e3a7dc084776350d7d969&timestamp=1531875109&nonce=598641337&openid=oJr4nwP8-nMg-bn1tXmJ6Ycp7THs&encrypt_type=aes&msg_signature=f931aa85828e724828f1f7a2f60395a58d021ef9 HTTP/1.1" 200 - "Mozilla/4.0" 0
106.17.27.160 - - [18/Jul/2018:08:51:57 +0800] "GET /servicesmng/bbgMessage/userReply.form?appId=wx4d67ae4842c1b4f8&openId=oIlEEj1O40ngSv8xqlrafPGwj92Y&bmUserId=8a9a45315b7b4093015b7b49d1270000&bmLink=https://wechat.zhdsbang.com/weixin/index.html?ouri=6874073f-a5e8-44b4-8805-12c0b4d9bd42@supplydemand$*appid=wx4d67ae4842c1b4f8$*state=wx4d67ae4842c1b4f8&bmId=76ef9798-098f-407a-95f9-14e4ec6ffe9c&key=aa2cbdd6e556cb8956be9fccd51e2a90&timestamp=1531820967840 HTTP/1.1" 302 - "Mozilla/5.0 (Linux; Android 6.0; NCE-AL10 Build/HUAWEINCE-AL10; wv) AppleWebKit/537.36 (KHTML, like Gecko) Version/4.0 Chrome/57.0.2987.132 MQQBrowser/6.2 TBS/044112 Mobile Safari/537.36 MicroMessenger/6.6.7.1321(0x26060739) NetType/4G Language/zh_CN" 156
106.17.27.160 - - [18/Jul/2018:08:51:59 +0800] "GET /servicesmng/oauth/wx4d67ae4842c1b4f8/snsapi_base.form?code=081woV7A0c9GUf1benaA0nUI7A0woV7S&state=https%3A%2F%2Fwechat.zhdsbang.com%2Fweixin%2Findex.html%3Fouri%3D6874073f-a5e8-44b4-8805-12c0b4d9bd42%40supplydemand&appid=wx4d67ae4842c1b4f8 HTTP/1.1" 302 - "Mozilla/5.0 (Linux; Android 6.0; NCE-AL10 Build/HUAWEINCE-AL10; wv) AppleWebKit/537.36 (KHTML, like Gecko) Version/4.0 Chrome/57.0.2987.132 MQQBrowser/6.2 TBS/044112 Mobile Safari/537.36 MicroMessenger/6.6.7.1321(0x26060739) NetType/4G Language/zh_CN" 156
106.17.27.160 - - [18/Jul/2018:08:51:59 +0800] "OPTIONS /httpServices/users/organization/getOrgIdByAppId.form HTTP/1.1" 200 - "Mozilla/5.0 (Linux; Android 6.0; NCE-AL10 Build/HUAWEINCE-AL10; wv) AppleWebKit/537.36 (KHTML, like Gecko) Version/4.0 Chrome/57.0.2987.132 MQQBrowser/6.2 TBS/044112 Mobile Safari/537.36 MicroMessenger/6.6.7.1321(0x26060739) NetType/4G Language/zh_CN" 0
106.17.27.160 - - [18/Jul/2018:08:51:59 +0800] "POST /httpServices/users/organization/getOrgIdByAppId.form HTTP/1.1" 200 1577 "Mozilla/5.0 (Linux; Android 6.0; NCE-AL10 Build/HUAWEINCE-AL10; wv) AppleWebKit/537.36 (KHTML, like Gecko) Version/4.0 Chrome/57.0.2987.132 MQQBrowser/6.2 TBS/044112 Mobile Safari/537.36 MicroMessenger/6.6.7.1321(0x26060739) NetType/4G Language/zh_CN" 15
106.17.27.160 - - [18/Jul/2018:08:52:00 +0800] "OPTIONS /httpServices/users/accounts/loginByOpenid.form HTTP/1.1" 200 - "Mozilla/5.0 (Linux; Android 6.0; NCE-AL10 Build/HUAWEINCE-AL10; wv) AppleWebKit/537.36 (KHTML, like Gecko) Version/4.0 Chrome/57.0.2987.132 MQQBrowser/6.2 TBS/044112 Mobile Safari/537.36 MicroMessenger/6.6.7.1321(0x26060739) NetType/4G Language/zh_CN" 16
106.17.27.160 - - [18/Jul/2018:08:52:00 +0800] "POST /httpServices/users/accounts/loginByOpenid.form HTTP/1.1" 200 674 "Mozilla/5.0 (Linux; Android 6.0; NCE-AL10 Build/HUAWEINCE-AL10; wv) AppleWebKit/537.36 (KHTML, like Gecko) Version/4.0 Chrome/57.0.2987.132 MQQBrowser/6.2 TBS/044112 Mobile Safari/537.36 MicroMessenger/6.6.7.1321(0x26060739) NetType/4G Language/zh_CN" 391
106.17.27.160 - - [18/Jul/2018:08:52:01 +0800] "POST /httpServices/suplydemands/suplydemandType/saveViewRecordsOpen.form HTTP/1.1" 200 110 "Mozilla/5.0 (Linux; Android 6.0; NCE-AL10 Build/HUAWEINCE-AL10; wv) AppleWebKit/537.36 (KHTML, like Gecko) Version/4.0 Chrome/57.0.2987.132 MQQBrowser/6.2 TBS/044112 Mobile Safari/537.36 MicroMessenger/6.6.7.1321(0x26060739) NetType/4G Language/zh_CN" 15
106.17.27.160 - - [18/Jul/2018:08:52:02 +0800] "POST /httpServices/suplydemands/suplydemandType/getSuplydemandDetailsOpen.form HTTP/1.1" 200 1475 "Mozilla/5.0 (Linux; Android 6.0; NCE-AL10 Build/HUAWEINCE-AL10; wv) AppleWebKit/537.36 (KHTML, like Gecko) Version/4.0 Chrome/57.0.2987.132 MQQBrowser/6.2 TBS/044112 Mobile Safari/537.36 MicroMessenger/6.6.7.1321(0x26060739) NetType/4G Language/zh_CN" 1093
106.17.27.160 - - [18/Jul/2018:08:52:02 +0800] "POST /httpServices/suplydemands/SuplydemandRI/getQickSupplyReply.form HTTP/1.1" 200 908 "Mozilla/5.0 (Linux; Android 6.0; NCE-AL10 Build/HUAWEINCE-AL10; wv) AppleWebKit/537.36 (KHTML, like Gecko) Version/4.0 Chrome/57.0.2987.132 MQQBrowser/6.2 TBS/044112 Mobile Safari/537.36 MicroMessenger/6.6.7.1321(0x26060739) NetType/4G Language/zh_CN" 15
106.17.27.160 - - [18/Jul/2018:08:52:03 +0800] "POST /httpServices/suplydemands/SuplydemandRI/getSupplyReply.form HTTP/1.1" 200 98 "Mozilla/5.0 (Linux; Android 6.0; NCE-AL10 Build/HUAWEINCE-AL10; wv) AppleWebKit/537.36 (KHTML, like Gecko) Version/4.0 Chrome/57.0.2987.132 MQQBrowser/6.2 TBS/044112 Mobile Safari/537.36 MicroMessenger/6.6.7.1321(0x26060739) NetType/4G Language/zh_CN" 0
106.17.27.160 - - [18/Jul/2018:08:52:04 +0800] "POST /servicesmng/jsauth/jsapi_sign.form HTTP/1.1" 200 481 "Mozilla/5.0 (Linux; Android 6.0; NCE-AL10 Build/HUAWEINCE-AL10; wv) AppleWebKit/537.36 (KHTML, like Gecko) Version/4.0 Chrome/57.0.2987.132 MQQBrowser/6.2 TBS/044112 Mobile Safari/537.36 MicroMessenger/6.6.7.1321(0x26060739) NetType/4G Language/zh_CN" 0
140.207.54.76 - - [18/Jul/2018:08:52:04 +0800] "POST /servicesmng/weixinmessage/wx136bbba674ea9fbb/message.form?signature=ef1565473c81c9ecf9caaf6edf8f41e1baafab69&timestamp=1531875124&nonce=746709106&openid=odrZbwhtKNj0PDqpcPv--IZLlwIY&encrypt_type=aes&msg_signature=ad1caa441cfd0ce1d21550152a280a44dd7a363c HTTP/1.1" 200 - "Mozilla/4.0" 0
222.244.254.168 - - [18/Jul/2018:08:52:04 +0800] "GET /servicesmng/oauth/wx136bbba674ea9fbb/snsapi_base.form?code=081VIgwm09u8rk15bsym0fd0wm0VIgwt&state=http%3A%2F%2Fweixin.hnzaojia.org.cn%2Fweixin%2Floginnew%3Fouri%3DtoDirectories&appid=wx136bbba674ea9fbb HTTP/1.1" 302 - "Mozilla/5.0 (Linux; Android 8.1; MI 8 SE Build/OPM1.171019.019; wv) AppleWebKit/537.36 (KHTML, like Gecko) Version/4.0 Chrome/57.0.2987.132 MQQBrowser/6.2 TBS/044109 Mobile Safari/537.36 MicroMessenger/6.7.1321(0x26070030) NetType/WIFI Language/zh_CN" 187
14.116.133.168 - - [18/Jul/2018:08:52:07 +0800] "POST /servicesmng/jsauth/jsapi_sign.form HTTP/1.1" 200 485 "Mozilla/5.0 (Linux; Android 8.1; MI 8 SE Build/OPM1.171019.019; wv) AppleWebKit/537.36 (KHTML, like Gecko) Version/4.0 Chrome/57.0.2987.132 MQQBrowser/6.2 TBS/044109 Mobile Safari/537.36 MicroMessenger/6.7.1321(0x26070030) NetType/WIFI Language/zh_CN" 0
106.17.27.160 - - [18/Jul/2018:08:52:07 +0800] "POST /httpServices/httpmenu/httpmenuController/getMenuByOrgId.form HTTP/1.1" 200 1638 "Mozilla/5.0 (Linux; Android 6.0; NCE-AL10 Build/HUAWEINCE-AL10; wv) AppleWebKit/537.36 (KHTML, like Gecko) Version/4.0 Chrome/57.0.2987.132 MQQBrowser/6.2 TBS/044112 Mobile Safari/537.36 MicroMessenger/6.6.7.1321(0x26060739) NetType/4G Language/zh_CN" 46
106.17.27.160 - - [18/Jul/2018:08:52:08 +0800] "POST /servicesmng/jsauth/jsapi_sign.form HTTP/1.1" 200 481 "Mozilla/5.0 (Linux; Android 6.0; NCE-AL10 Build/HUAWEINCE-AL10; wv) AppleWebKit/537.36 (KHTML, like Gecko) Version/4.0 Chrome/57.0.2987.132 MQQBrowser/6.2 TBS/044112 Mobile Safari/537.36 MicroMessenger/6.6.7.1321(0x26060739) NetType/4G Language/zh_CN" 0
106.17.27.160 - - [18/Jul/2018:08:52:09 +0800] "POST /httpServices/suplydemands/suplydemandType/getSuplydemandSelfType.form HTTP/1.1" 200 2884 "Mozilla/5.0 (Linux; Android 6.0; NCE-AL10 Build/HUAWEINCE-AL10; wv) AppleWebKit/537.36 (KHTML, like Gecko) Version/4.0 Chrome/57.0.2987.132 MQQBrowser/6.2 TBS/044112 Mobile Safari/537.36 MicroMessenger/6.6.7.1321(0x26060739) NetType/4G Language/zh_CN" 31
106.17.27.160 - - [18/Jul/2018:08:52:09 +0800] "POST /httpServices/suplydemands/suplydemandType/getSuplydemandInfosOpen.form HTTP/1.1" 200 18425 "Mozilla/5.0 (Linux; Android 6.0; NCE-AL10 Build/HUAWEINCE-AL10; wv) AppleWebKit/537.36 (KHTML, like Gecko) Version/4.0 Chrome/57.0.2987.132 MQQBrowser/6.2 TBS/044112 Mobile Safari/537.36 MicroMessenger/6.6.7.1321(0x26060739) NetType/4G Language/zh_CN" 1156
106.17.27.160 - - [18/Jul/2018:08:52:09 +0800] "POST /httpServices/suplydemands/suplydemandType/getSuplydemandAuditing.form HTTP/1.1" 200 94 "Mozilla/5.0 (Linux; Android 6.0; NCE-AL10 Build/HUAWEINCE-AL10; wv) AppleWebKit/537.36 (KHTML, like Gecko) Version/4.0 Chrome/57.0.2987.132 MQQBrowser/6.2 TBS/044112 Mobile Safari/537.36 MicroMessenger/6.6.7.1321(0x26060739) NetType/4G Language/zh_CN" 15
106.17.27.160 - - [18/Jul/2018:08:52:09 +0800] "POST /httpServices/suplydemands/suplydemandType/getSuplydemandsubscribe.form HTTP/1.1" 200 4465 "Mozilla/5.0 (Linux; Android 6.0; NCE-AL10 Build/HUAWEINCE-AL10; wv) AppleWebKit/537.36 (KHTML, like Gecko) Version/4.0 Chrome/57.0.2987.132 MQQBrowser/6.2 TBS/044112 Mobile Safari/537.36 MicroMessenger/6.6.7.1321(0x26060739) NetType/4G Language/zh_CN" 31
140.207.54.79 - - [18/Jul/2018:08:52:14 +0800] "POST /servicesmng/weixinmessage/wx2a2bf351945bc937/message.form?signature=6589978c2d7b2710893c6a0d5884aa29b8ab5216&timestamp=1531875134&nonce=1430149694&openid=oJr4nwB_kW-J_5i-uJTxY6Q90ySw&encrypt_type=aes&msg_signature=9f3d86616c4f0b671849c92bf9fdcd8f14c9c209 HTTP/1.1" 200 - "Mozilla/4.0" 0
106.17.27.160 - - [18/Jul/2018:08:52:16 +0800] "OPTIONS /httpServices/httpDYMForm/dynamicFormController/getDYMFormByType.form HTTP/1.1" 200 - "Mozilla/5.0 (Linux; Android 6.0; NCE-AL10 Build/HUAWEINCE-AL10; wv) AppleWebKit/537.36 (KHTML, like Gecko) Version/4.0 Chrome/57.0.2987.132 MQQBrowser/6.2 TBS/044112 Mobile Safari/537.36 MicroMessenger/6.6.7.1321(0x26060739) NetType/4G Language/zh_CN" 0
106.17.27.160 - - [18/Jul/2018:08:52:16 +0800] "OPTIONS /httpServices/users/members/getMemberDetails.form HTTP/1.1" 200 - "Mozilla/5.0 (Linux; Android 6.0; NCE-AL10 Build/HUAWEINCE-AL10; wv) AppleWebKit/537.36 (KHTML, like Gecko) Version/4.0 Chrome/57.0.2987.132 MQQBrowser/6.2 TBS/044112 Mobile Safari/537.36 MicroMessenger/6.6.7.1321(0x26060739) NetType/4G Language/zh_CN" 0
106.17.27.160 - - [18/Jul/2018:08:52:16 +0800] "POST /httpServices/httpDYMForm/dynamicFormController/getDYMFormByType.form HTTP/1.1" 200 8770 "Mozilla/5.0 (Linux; Android 6.0; NCE-AL10 Build/HUAWEINCE-AL10; wv) AppleWebKit/537.36 (KHTML, like Gecko) Version/4.0 Chrome/57.0.2987.132 MQQBrowser/6.2 TBS/044112 Mobile Safari/537.36 MicroMessenger/6.6.7.1321(0x26060739) NetType/4G Language/zh_CN" 31
106.17.27.160 - - [18/Jul/2018:08:52:17 +0800] "POST /httpServices/httpDYMForm/dynamicFormController/getDYMFormByType.form HTTP/1.1" 200 8934 "Mozilla/5.0 (Linux; Android 6.0; NCE-AL10 Build/HUAWEINCE-AL10; wv) AppleWebKit/537.36 (KHTML, like Gecko) Version/4.0 Chrome/57.0.2987.132 MQQBrowser/6.2 TBS/044112 Mobile Safari/537.36 MicroMessenger/6.6.7.1321(0x26060739) NetType/4G Language/zh_CN" 31
106.17.27.160 - - [18/Jul/2018:08:52:17 +0800] "POST /httpServices/httpDYMForm/dynamicFormController/getDYMFormByType.form HTTP/1.1" 200 1474 "Mozilla/5.0 (Linux; Android 6.0; NCE-AL10 Build/HUAWEINCE-AL10; wv) AppleWebKit/537.36 (KHTML, like Gecko) Version/4.0 Chrome/57.0.2987.132 MQQBrowser/6.2 TBS/044112 Mobile Safari/537.36 MicroMessenger/6.6.7.1321(0x26060739) NetType/4G Language/zh_CN" 15
106.17.27.160 - - [18/Jul/2018:08:52:17 +0800] "OPTIONS /httpServices/initiation/checkIsMemberAuditor.form HTTP/1.1" 200 - "Mozilla/5.0 (Linux; Android 6.0; NCE-AL10 Build/HUAWEINCE-AL10; wv) AppleWebKit/537.36 (KHTML, like Gecko) Version/4.0 Chrome/57.0.2987.132 MQQBrowser/6.2 TBS/044112 Mobile Safari/537.36 MicroMessenger/6.6.7.1321(0x26060739) NetType/4G Language/zh_CN" 0
106.17.27.160 - - [18/Jul/2018:08:52:17 +0800] "POST /httpServices/initiation/checkIsMemberAuditor.form HTTP/1.1" 200 96 "Mozilla/5.0 (Linux; Android 6.0; NCE-AL10 Build/HUAWEINCE-AL10; wv) AppleWebKit/537.36 (KHTML, like Gecko) Version/4.0 Chrome/57.0.2987.132 MQQBrowser/6.2 TBS/044112 Mobile Safari/537.36 MicroMessenger/6.6.7.1321(0x26060739) NetType/4G Language/zh_CN" 15
106.17.27.160 - - [18/Jul/2018:08:52:19 +0800] "POST /httpServices/users/members/getMemberDetails.form HTTP/1.1" 200 873 "Mozilla/5.0 (Linux; Android 6.0; NCE-AL10 Build/HUAWEINCE-AL10; wv) AppleWebKit/537.36 (KHTML, like Gecko) Version/4.0 Chrome/57.0.2987.132 MQQBrowser/6.2 TBS/044112 Mobile Safari/537.36 MicroMessenger/6.6.7.1321(0x26060739) NetType/4G Language/zh_CN" 1187
106.17.27.160 - - [18/Jul/2018:08:52:23 +0800] "POST /servicesmng/jsauth/jsapi_sign.form HTTP/1.1" 200 455 "Mozilla/5.0 (Linux; Android 6.0; NCE-AL10 Build/HUAWEINCE-AL10; wv) AppleWebKit/537.36 (KHTML, like Gecko) Version/4.0 Chrome/57.0.2987.132 MQQBrowser/6.2 TBS/044112 Mobile Safari/537.36 MicroMessenger/6.6.7.1321(0x26060739) NetType/4G Language/zh_CN" 0
106.17.27.160 - - [18/Jul/2018:08:52:23 +0800] "OPTIONS /httpServices/users/organization/getOrgBirAreaDefaultSetting.form HTTP/1.1" 200 - "Mozilla/5.0 (Linux; Android 6.0; NCE-AL10 Build/HUAWEINCE-AL10; wv) AppleWebKit/537.36 (KHTML, like Gecko) Version/4.0 Chrome/57.0.2987.132 MQQBrowser/6.2 TBS/044112 Mobile Safari/537.36 MicroMessenger/6.6.7.1321(0x26060739) NetType/4G Language/zh_CN" 0
106.17.27.160 - - [18/Jul/2018:08:52:23 +0800] "POST /httpServices/users/organization/getOrgBirAreaDefaultSetting.form HTTP/1.1" 200 145 "Mozilla/5.0 (Linux; Android 6.0; NCE-AL10 Build/HUAWEINCE-AL10; wv) AppleWebKit/537.36 (KHTML, like Gecko) Version/4.0 Chrome/57.0.2987.132 MQQBrowser/6.2 TBS/044112 Mobile Safari/537.36 MicroMessenger/6.6.7.1321(0x26060739) NetType/4G Language/zh_CN" 16
106.17.27.160 - - [18/Jul/2018:08:52:23 +0800] "OPTIONS /httpServices/httpDYMForm/dynamicFormController/getDYMDataByType.form HTTP/1.1" 200 - "Mozilla/5.0 (Linux; Android 6.0; NCE-AL10 Build/HUAWEINCE-AL10; wv) AppleWebKit/537.36 (KHTML, like Gecko) Version/4.0 Chrome/57.0.2987.132 MQQBrowser/6.2 TBS/044112 Mobile Safari/537.36 MicroMessenger/6.6.7.1321(0x26060739) NetType/4G Language/zh_CN" 0
106.17.27.160 - - [18/Jul/2018:08:52:24 +0800] "POST /httpServices/httpDYMForm/dynamicFormController/getDYMDataByType.form HTTP/1.1" 200 9362 "Mozilla/5.0 (Linux; Android 6.0; NCE-AL10 Build/HUAWEINCE-AL10; wv) AppleWebKit/537.36 (KHTML, like Gecko) Version/4.0 Chrome/57.0.2987.132 MQQBrowser/6.2 TBS/044112 Mobile Safari/537.36 MicroMessenger/6.6.7.1321(0x26060739) NetType/4G Language/zh_CN" 62
106.17.27.160 - - [18/Jul/2018:08:52:24 +0800] "POST /httpServices/httpDYMForm/dynamicFormController/getDYMFilePath.form HTTP/1.1" 200 198 "Mozilla/5.0 (Linux; Android 6.0; NCE-AL10 Build/HUAWEINCE-AL10; wv) AppleWebKit/537.36 (KHTML, like Gecko) Version/4.0 Chrome/57.0.2987.132 MQQBrowser/6.2 TBS/044112 Mobile Safari/537.36 MicroMessenger/6.6.7.1321(0x26060739) NetType/4G Language/zh_CN" 0
106.17.27.160 - - [18/Jul/2018:08:52:24 +0800] "POST /httpServices/httpDYMForm/dynamicFormController/getDYMFilePath.form HTTP/1.1" 200 198 "Mozilla/5.0 (Linux; Android 6.0; NCE-AL10 Build/HUAWEINCE-AL10; wv) AppleWebKit/537.36 (KHTML, like Gecko) Version/4.0 Chrome/57.0.2987.132 MQQBrowser/6.2 TBS/044112 Mobile Safari/537.36 MicroMessenger/6.6.7.1321(0x26060739) NetType/4G Language/zh_CN" 16
106.17.27.160 - - [18/Jul/2018:08:52:24 +0800] "POST /httpServices/httpDYMForm/dynamicFormController/getDYMFilePath.form HTTP/1.1" 200 99 "Mozilla/5.0 (Linux; Android 6.0; NCE-AL10 Build/HUAWEINCE-AL10; wv) AppleWebKit/537.36 (KHTML, like Gecko) Version/4.0 Chrome/57.0.2987.132 MQQBrowser/6.2 TBS/044112 Mobile Safari/537.36 MicroMessenger/6.6.7.1321(0x26060739) NetType/4G Language/zh_CN" 16
106.17.27.160 - - [18/Jul/2018:08:52:24 +0800] "POST /httpServices/httpDYMForm/dynamicFormController/getDYMFilePath.form HTTP/1.1" 200 299 "Mozilla/5.0 (Linux; Android 6.0; NCE-AL10 Build/HUAWEINCE-AL10; wv) AppleWebKit/537.36 (KHTML, like Gecko) Version/4.0 Chrome/57.0.2987.132 MQQBrowser/6.2 TBS/044112 Mobile Safari/537.36 MicroMessenger/6.6.7.1321(0x26060739) NetType/4G Language/zh_CN" 15
106.17.27.160 - - [18/Jul/2018:08:52:41 +0800] "POST /httpServices/httpDYMForm/dynamicFormController/getDYMFormByType.form HTTP/1.1" 200 8770 "Mozilla/5.0 (Linux; Android 6.0; NCE-AL10 Build/HUAWEINCE-AL10; wv) AppleWebKit/537.36 (KHTML, like Gecko) Version/4.0 Chrome/57.0.2987.132 MQQBrowser/6.2 TBS/044112 Mobile Safari/537.36 MicroMessenger/6.6.7.1321(0x26060739) NetType/4G Language/zh_CN" 47
106.17.27.160 - - [18/Jul/2018:08:52:41 +0800] "POST /httpServices/httpDYMForm/dynamicFormController/getDYMFormByType.form HTTP/1.1" 200 8934 "Mozilla/5.0 (Linux; Android 6.0; NCE-AL10 Build/HUAWEINCE-AL10; wv) AppleWebKit/537.36 (KHTML, like Gecko) Version/4.0 Chrome/57.0.2987.132 MQQBrowser/6.2 TBS/044112 Mobile Safari/537.36 MicroMessenger/6.6.7.1321(0x26060739) NetType/4G Language/zh_CN" 31
106.17.27.160 - - [18/Jul/2018:08:52:42 +0800] "POST /httpServices/httpDYMForm/dynamicFormController/getDYMFormByType.form HTTP/1.1" 200 1474 "Mozilla/5.0 (Linux; Android 6.0; NCE-AL10 Build/HUAWEINCE-AL10; wv) AppleWebKit/537.36 (KHTML, like Gecko) Version/4.0 Chrome/57.0.2987.132 MQQBrowser/6.2 TBS/044112 Mobile Safari/537.36 MicroMessenger/6.6.7.1321(0x26060739) NetType/4G Language/zh_CN" 16
106.17.27.160 - - [18/Jul/2018:08:52:42 +0800] "POST /httpServices/initiation/checkIsMemberAuditor.form HTTP/1.1" 200 96 "Mozilla/5.0 (Linux; Android 6.0; NCE-AL10 Build/HUAWEINCE-AL10; wv) AppleWebKit/537.36 (KHTML, like Gecko) Version/4.0 Chrome/57.0.2987.132 MQQBrowser/6.2 TBS/044112 Mobile Safari/537.36 MicroMessenger/6.6.7.1321(0x26060739) NetType/4G Language/zh_CN" 0
14.116.133.168 - - [18/Jul/2018:08:52:42 +0800] "POST /servicesmng/jsauth/jsapi_sign.form HTTP/1.1" 200 437 "Mozilla/5.0 (Linux; Android 8.1; MI 8 SE Build/OPM1.171019.019; wv) AppleWebKit/537.36 (KHTML, like Gecko) Version/4.0 Chrome/57.0.2987.132 MQQBrowser/6.2 TBS/044109 Mobile Safari/537.36 MicroMessenger/6.7.1321(0x26070030) NetType/WIFI Language/zh_CN" 0
106.17.27.160 - - [18/Jul/2018:08:52:42 +0800] "POST /httpServices/users/members/getMemberDetails.form HTTP/1.1" 200 873 "Mozilla/5.0 (Linux; Android 6.0; NCE-AL10 Build/HUAWEINCE-AL10; wv) AppleWebKit/537.36 (KHTML, like Gecko) Version/4.0 Chrome/57.0.2987.132 MQQBrowser/6.2 TBS/044112 Mobile Safari/537.36 MicroMessenger/6.6.7.1321(0x26060739) NetType/4G Language/zh_CN" 1328
140.207.54.76 - - [18/Jul/2018:08:52:44 +0800] "POST /servicesmng/weixinmessage/wx2a2bf351945bc937/message.form?signature=b989e44a8dbf81890a7d24788875e061be20941f&timestamp=1531875164&nonce=280909635&openid=oJr4nwFJWIUGM96UYWrdR3oV_lPQ&encrypt_type=aes&msg_signature=b2a15f412acf211428fe9293d9bc176fa2251f8f HTTP/1.1" 200 - "Mozilla/4.0" 0
140.207.54.79 - - [18/Jul/2018:08:52:45 +0800] "POST /servicesmng/weixinmessage/wx2a2bf351945bc937/message.form?signature=d70586321baec83c4399cc7859443997e73ac79c&timestamp=1531875165&nonce=2132985275&openid=oJr4nwH_kelO7ZsEDz0MyVRSo_DQ&encrypt_type=aes&msg_signature=43c0eda0667a23d3d4b283a447ae0cbcfb9caad6 HTTP/1.1" 200 - "Mozilla/4.0" 0
14.116.133.168 - - [18/Jul/2018:08:52:50 +0800] "POST /servicesmng/jsauth/jsapi_sign.form HTTP/1.1" 200 543 "Mozilla/5.0 (Linux; Android 8.1; MI 8 SE Build/OPM1.171019.019; wv) AppleWebKit/537.36 (KHTML, like Gecko) Version/4.0 Chrome/57.0.2987.132 MQQBrowser/6.2 TBS/044109 Mobile Safari/537.36 MicroMessenger/6.7.1321(0x26070030) NetType/WIFI Language/zh_CN" 0
140.207.54.80 - - [18/Jul/2018:08:52:54 +0800] "POST /servicesmng/weixinmessage/wx2a2bf351945bc937/message.form?signature=7ff04d4abab3029d23c9477de74af3da98302082&timestamp=1531875174&nonce=1340538864&openid=oJr4nwB_kW-J_5i-uJTxY6Q90ySw&encrypt_type=aes&msg_signature=a976bc02ab50f9fefc23cedd147c2c983ede2235 HTTP/1.1" 200 - "Mozilla/4.0" 0
14.116.133.168 - - [18/Jul/2018:08:53:00 +0800] "POST /servicesmng/jsauth/jsapi_sign.form HTTP/1.1" 200 437 "Mozilla/5.0 (Linux; Android 8.1; MI 8 SE Build/OPM1.171019.019; wv) AppleWebKit/537.36 (KHTML, like Gecko) Version/4.0 Chrome/57.0.2987.132 MQQBrowser/6.2 TBS/044109 Mobile Safari/537.36 MicroMessenger/6.7.1321(0x26070030) NetType/WIFI Language/zh_CN" 0
14.116.133.168 - - [18/Jul/2018:08:53:01 +0800] "POST /servicesmng/jsauth/jsapi_sign.form HTTP/1.1" 200 543 "Mozilla/5.0 (Linux; Android 8.1; MI 8 SE Build/OPM1.171019.019; wv) AppleWebKit/537.36 (KHTML, like Gecko) Version/4.0 Chrome/57.0.2987.132 MQQBrowser/6.2 TBS/044109 Mobile Safari/537.36 MicroMessenger/6.7.1321(0x26070030) NetType/WIFI Language/zh_CN" 0
14.116.133.168 - - [18/Jul/2018:08:53:03 +0800] "POST /servicesmng/jsauth/jsapi_sign.form HTTP/1.1" 200 437 "Mozilla/5.0 (Linux; Android 8.1; MI 8 SE Build/OPM1.171019.019; wv) AppleWebKit/537.36 (KHTML, like Gecko) Version/4.0 Chrome/57.0.2987.132 MQQBrowser/6.2 TBS/044109 Mobile Safari/537.36 MicroMessenger/6.7.1321(0x26070030) NetType/WIFI Language/zh_CN" 0
140.207.54.80 - - [18/Jul/2018:08:53:03 +0800] "POST /servicesmng/weixinmessage/wx2a2bf351945bc937/message.form?signature=5fdaccd7ce6d3f774350ed5b47899e4ee4ba7ef7&timestamp=1531875183&nonce=884524269&openid=oJr4nwH_kelO7ZsEDz0MyVRSo_DQ&encrypt_type=aes&msg_signature=4f72afef17ceb10dc08ec711a661e010d1f49031 HTTP/1.1" 200 - "Mozilla/4.0" 0
14.116.133.168 - - [18/Jul/2018:08:53:08 +0800] "POST /servicesmng/jsauth/jsapi_sign.form HTTP/1.1" 200 543 "Mozilla/5.0 (Linux; Android 8.1; MI 8 SE Build/OPM1.171019.019; wv) AppleWebKit/537.36 (KHTML, like Gecko) Version/4.0 Chrome/57.0.2987.132 MQQBrowser/6.2 TBS/044109 Mobile Safari/537.36 MicroMessenger/6.7.1321(0x26070030) NetType/WIFI Language/zh_CN" 0
223.166.222.109 - - [18/Jul/2018:08:54:25 +0800] "POST /servicesmng/weixinmessage/wx136bbba674ea9fbb/message.form?signature=f7df4eb1052849abc7735e1b0f5e5df22547646f&timestamp=1531875265&nonce=400134115&openid=odrZbwhxOXQ6aiLkhfx2wFfrWMZI&encrypt_type=aes&msg_signature=fd3dd64cd4ccd44647da6cdccc3dc560ba307a36 HTTP/1.1" 200 - "Mozilla/4.0" 0
