106.19.213.81 - - [18/Jul/2018:08:38:41 +0800] "GET /servicesmng/oauth/wx13f3334de06dbb7e/snsapi_base.form?code=033zXt140lObNC1fhq040kKy140zXt1O&state=https%3A%2F%2Fwechat.zhdsbang.com%2Fweixin%2Floginnew%3Fouri%3DtoDirectories&appid=wx13f3334de06dbb7e HTTP/1.1" 302 - "Mozilla/5.0 (iPhone; CPU iPhone OS 11_4 like Mac OS X) AppleWebKit/605.1.15 (KHTML, like Gecko) Mobile/15F79 MicroMessenger/6.7.0 NetType/4G Language/zh_CN" 328
118.178.139.59 - - [18/Jul/2018:08:38:43 +0800] "POST /httpServices/users/organization/getOrgIdByAppId.form HTTP/1.1" 200 654 "Apache-HttpClient/4.3.5 (java 1.5)" 15
118.178.139.59 - - [18/Jul/2018:08:38:43 +0800] "POST /httpServices/users/accounts/loginByOpenid.form HTTP/1.1" 200 118 "Apache-HttpClient/4.3.5 (java 1.5)" 15
101.226.225.84 - - [18/Jul/2018:08:38:44 +0800] "GET /servicesmng/oauth/wx4cc0ee7a85657baa/snsapi_base.form?code=061t9aBG0Z5tXj2zNABG0jP2BG0t9aBN&state=http%3A%2F%2Fweixin.zhdsbang.com%2Fweixin%2Floginnew%3Fouri%3DtoSupplyDemand&appid=wx4cc0ee7a85657baa HTTP/1.1" 302 - "Mozilla/5.0 (Linux; Android 8.0; FLA-AL10 Build/HUAWEIFLA-AL10; wv) AppleWebKit/537.36 (KHTML, like Gecko) Version/4.0 Chrome/57.0.2987.132 MQQBrowser/6.2 TBS/044112 Mobile Safari/537.36 MicroMessenger/6.6.7.1321(0x26060736) NetType/4G Language/zh_CN" 156
118.178.139.59 - - [18/Jul/2018:08:38:44 +0800] "POST /httpServices/users/organization/getOrgIdByAppId.form HTTP/1.1" 200 661 "Apache-HttpClient/4.3.5 (java 1.5)" 16
118.178.139.59 - - [18/Jul/2018:08:38:45 +0800] "POST /httpServices/users/accounts/loginByOpenid.form HTTP/1.1" 200 630 "Apache-HttpClient/4.3.5 (java 1.5)" 406
124.160.215.73 - - [18/Jul/2018:08:38:46 +0800] "OPTIONS /httpServices/httpmenu/httpmenuController/getMenuByOrgId.form HTTP/1.1" 200 - "Mozilla/5.0 (Linux; Android 8.0; FLA-AL10 Build/HUAWEIFLA-AL10; wv) AppleWebKit/537.36 (KHTML, like Gecko) Version/4.0 Chrome/57.0.2987.132 MQQBrowser/6.2 TBS/044112 Mobile Safari/537.36 MicroMessenger/6.6.7.1321(0x26060736) NetType/4G Language/zh_CN" 0
124.160.215.73 - - [18/Jul/2018:08:38:46 +0800] "POST /httpServices/httpmenu/httpmenuController/getMenuByOrgId.form HTTP/1.1" 200 1601 "Mozilla/5.0 (Linux; Android 8.0; FLA-AL10 Build/HUAWEIFLA-AL10; wv) AppleWebKit/537.36 (KHTML, like Gecko) Version/4.0 Chrome/57.0.2987.132 MQQBrowser/6.2 TBS/044112 Mobile Safari/537.36 MicroMessenger/6.6.7.1321(0x26060736) NetType/4G Language/zh_CN" 15
124.160.215.73 - - [18/Jul/2018:08:38:46 +0800] "OPTIONS /servicesmng/jsauth/jsapi_sign.form HTTP/1.1" 200 - "Mozilla/5.0 (Linux; Android 8.0; FLA-AL10 Build/HUAWEIFLA-AL10; wv) AppleWebKit/537.36 (KHTML, like Gecko) Version/4.0 Chrome/57.0.2987.132 MQQBrowser/6.2 TBS/044112 Mobile Safari/537.36 MicroMessenger/6.6.7.1321(0x26060736) NetType/4G Language/zh_CN" 0
124.160.215.73 - - [18/Jul/2018:08:38:46 +0800] "OPTIONS /httpServices/suplydemands/suplydemandType/getSuplydemandInfosOpen.form HTTP/1.1" 200 - "Mozilla/5.0 (Linux; Android 8.0; FLA-AL10 Build/HUAWEIFLA-AL10; wv) AppleWebKit/537.36 (KHTML, like Gecko) Version/4.0 Chrome/57.0.2987.132 MQQBrowser/6.2 TBS/044112 Mobile Safari/537.36 MicroMessenger/6.6.7.1321(0x26060736) NetType/4G Language/zh_CN" 0
124.160.215.73 - - [18/Jul/2018:08:38:46 +0800] "POST /servicesmng/jsauth/jsapi_sign.form HTTP/1.1" 200 437 "Mozilla/5.0 (Linux; Android 8.0; FLA-AL10 Build/HUAWEIFLA-AL10; wv) AppleWebKit/537.36 (KHTML, like Gecko) Version/4.0 Chrome/57.0.2987.132 MQQBrowser/6.2 TBS/044112 Mobile Safari/537.36 MicroMessenger/6.6.7.1321(0x26060736) NetType/4G Language/zh_CN" 0
124.160.215.73 - - [18/Jul/2018:08:38:47 +0800] "OPTIONS /httpServices/suplydemands/suplydemandType/getSuplydemandSelfType.form HTTP/1.1" 200 - "Mozilla/5.0 (Linux; Android 8.0; FLA-AL10 Build/HUAWEIFLA-AL10; wv) AppleWebKit/537.36 (KHTML, like Gecko) Version/4.0 Chrome/57.0.2987.132 MQQBrowser/6.2 TBS/044112 Mobile Safari/537.36 MicroMessenger/6.6.7.1321(0x26060736) NetType/4G Language/zh_CN" 0
124.160.215.73 - - [18/Jul/2018:08:38:47 +0800] "POST /httpServices/suplydemands/suplydemandType/getSuplydemandSelfType.form HTTP/1.1" 200 2884 "Mozilla/5.0 (Linux; Android 8.0; FLA-AL10 Build/HUAWEIFLA-AL10; wv) AppleWebKit/537.36 (KHTML, like Gecko) Version/4.0 Chrome/57.0.2987.132 MQQBrowser/6.2 TBS/044112 Mobile Safari/537.36 MicroMessenger/6.6.7.1321(0x26060736) NetType/4G Language/zh_CN" 16
124.160.215.73 - - [18/Jul/2018:08:38:47 +0800] "OPTIONS /httpServices/suplydemands/suplydemandType/getSuplydemandAuditing.form HTTP/1.1" 200 - "Mozilla/5.0 (Linux; Android 8.0; FLA-AL10 Build/HUAWEIFLA-AL10; wv) AppleWebKit/537.36 (KHTML, like Gecko) Version/4.0 Chrome/57.0.2987.132 MQQBrowser/6.2 TBS/044112 Mobile Safari/537.36 MicroMessenger/6.6.7.1321(0x26060736) NetType/4G Language/zh_CN" 0
124.160.215.73 - - [18/Jul/2018:08:38:47 +0800] "POST /httpServices/suplydemands/suplydemandType/getSuplydemandAuditing.form HTTP/1.1" 200 153 "Mozilla/5.0 (Linux; Android 8.0; FLA-AL10 Build/HUAWEIFLA-AL10; wv) AppleWebKit/537.36 (KHTML, like Gecko) Version/4.0 Chrome/57.0.2987.132 MQQBrowser/6.2 TBS/044112 Mobile Safari/537.36 MicroMessenger/6.6.7.1321(0x26060736) NetType/4G Language/zh_CN" 0
124.160.215.73 - - [18/Jul/2018:08:38:47 +0800] "OPTIONS /httpServices/suplydemands/suplydemandType/getSuplydemandsubscribe.form HTTP/1.1" 200 - "Mozilla/5.0 (Linux; Android 8.0; FLA-AL10 Build/HUAWEIFLA-AL10; wv) AppleWebKit/537.36 (KHTML, like Gecko) Version/4.0 Chrome/57.0.2987.132 MQQBrowser/6.2 TBS/044112 Mobile Safari/537.36 MicroMessenger/6.6.7.1321(0x26060736) NetType/4G Language/zh_CN" 0
106.19.213.81 - - [18/Jul/2018:08:38:47 +0800] "OPTIONS /servicesmng/jsauth/jsapi_sign.form HTTP/1.1" 200 - "Mozilla/5.0 (iPhone; CPU iPhone OS 11_4 like Mac OS X) AppleWebKit/605.1.15 (KHTML, like Gecko) Mobile/15F79 MicroMessenger/6.7.0 NetType/4G Language/zh_CN" 0
124.160.215.73 - - [18/Jul/2018:08:38:47 +0800] "POST /httpServices/suplydemands/suplydemandType/getSuplydemandInfosOpen.form HTTP/1.1" 200 3117 "Mozilla/5.0 (Linux; Android 8.0; FLA-AL10 Build/HUAWEIFLA-AL10; wv) AppleWebKit/537.36 (KHTML, like Gecko) Version/4.0 Chrome/57.0.2987.132 MQQBrowser/6.2 TBS/044112 Mobile Safari/537.36 MicroMessenger/6.6.7.1321(0x26060736) NetType/4G Language/zh_CN" 1140
124.160.215.73 - - [18/Jul/2018:08:38:48 +0800] "POST /httpServices/suplydemands/suplydemandType/getSuplydemandsubscribe.form HTTP/1.1" 200 105 "Mozilla/5.0 (Linux; Android 8.0; FLA-AL10 Build/HUAWEIFLA-AL10; wv) AppleWebKit/537.36 (KHTML, like Gecko) Version/4.0 Chrome/57.0.2987.132 MQQBrowser/6.2 TBS/044112 Mobile Safari/537.36 MicroMessenger/6.6.7.1321(0x26060736) NetType/4G Language/zh_CN" 31
106.19.213.81 - - [18/Jul/2018:08:38:48 +0800] "POST /servicesmng/jsauth/jsapi_sign.form HTTP/1.1" 200 465 "Mozilla/5.0 (iPhone; CPU iPhone OS 11_4 like Mac OS X) AppleWebKit/605.1.15 (KHTML, like Gecko) Mobile/15F79 MicroMessenger/6.7.0 NetType/4G Language/zh_CN" 0
223.166.222.109 - - [18/Jul/2018:08:39:00 +0800] "POST /servicesmng/weixinmessage/wx136bbba674ea9fbb/message.form?signature=c381934f73e0174f83f00fc36ddb20121c4ef04b&timestamp=1531874340&nonce=1349068626&openid=odrZbwhxOXQ6aiLkhfx2wFfrWMZI&encrypt_type=aes&msg_signature=ac9a8375bc5882c9f9f5dababaa7b60e3631f845 HTTP/1.1" 200 - "Mozilla/4.0" 0
106.17.27.160 - - [18/Jul/2018:08:39:01 +0800] "GET /servicesmng/oauth/wx136bbba674ea9fbb/snsapi_base.form?code=021LYN990f6NEw17yqc90X5G990LYN9P&state=http%3A%2F%2Fweixin.hnzaojia.org.cn%2Fweixin%2Floginnew%3Fouri%3DtoDirectories&appid=wx136bbba674ea9fbb HTTP/1.1" 302 - "Mozilla/5.0 (Linux; Android 6.0; NCE-AL10 Build/HUAWEINCE-AL10; wv) AppleWebKit/537.36 (KHTML, like Gecko) Version/4.0 Chrome/57.0.2987.132 MQQBrowser/6.2 TBS/044112 Mobile Safari/537.36 MicroMessenger/6.6.7.1321(0x26060739) NetType/4G Language/zh_CN" 156
113.96.219.243 - - [18/Jul/2018:08:39:04 +0800] "POST /servicesmng/jsauth/jsapi_sign.form HTTP/1.1" 200 484 "Mozilla/5.0 (Linux; Android 6.0; NCE-AL10 Build/HUAWEINCE-AL10; wv) AppleWebKit/537.36 (KHTML, like Gecko) Version/4.0 Chrome/57.0.2987.132 MQQBrowser/6.2 TBS/044112 Mobile Safari/537.36 MicroMessenger/6.6.7.1321(0x26060739) NetType/4G Language/zh_CN" 0
14.116.133.168 - - [18/Jul/2018:08:39:16 +0800] "POST /servicesmng/jsauth/jsapi_sign.form HTTP/1.1" 200 437 "Mozilla/5.0 (Linux; Android 8.1; MI 8 SE Build/OPM1.171019.019; wv) AppleWebKit/537.36 (KHTML, like Gecko) Version/4.0 Chrome/57.0.2987.132 MQQBrowser/6.2 TBS/044109 Mobile Safari/537.36 MicroMessenger/6.7.1321(0x26070030) NetType/WIFI Language/zh_CN" 0
218.75.215.22 - - [18/Jul/2018:08:39:31 +0800] "OPTIONS /httpServices/users/organization/getOrgInfosByOrgId.form HTTP/1.1" 200 - "Mozilla/5.0 (Windows NT 10.0; Win64; x64; rv:61.0) Gecko/20100101 Firefox/61.0" 0
218.75.215.22 - - [18/Jul/2018:08:39:31 +0800] "POST /httpServices/users/organization/getOrgInfosByOrgId.form HTTP/1.1" 200 1028 "Mozilla/5.0 (Windows NT 10.0; Win64; x64; rv:61.0) Gecko/20100101 Firefox/61.0" 31
118.178.139.59 - - [18/Jul/2018:08:39:45 +0800] "POST /httpServices/users/organization/getOrgIdByAppId.form HTTP/1.1" 200 661 "Apache-HttpClient/4.3.5 (java 1.5)" 16
118.178.139.59 - - [18/Jul/2018:08:39:45 +0800] "POST /httpServices/users/accounts/loginByOpenid.form HTTP/1.1" 200 630 "Apache-HttpClient/4.3.5 (java 1.5)" 391
140.207.54.79 - - [18/Jul/2018:08:40:01 +0800] "POST /servicesmng/weixinmessage/wx2a2bf351945bc937/message.form?signature=f1cb31f30353ff7dcce9799e75006394f28bd643&timestamp=1531874401&nonce=665830742&openid=oJr4nwBKtVXb-XFX0Qn3pow6vDL4&encrypt_type=aes&msg_signature=8d2ccafa4d5c8aee861466b1b808e9b1b0722227 HTTP/1.1" 200 - "Mozilla/4.0" 0
222.244.254.168 - - [18/Jul/2018:08:40:37 +0800] "POST /servicesmng/jsauth/jsapi_sign.form HTTP/1.1" 200 448 "Mozilla/5.0 (Linux; Android 8.1; MI 8 SE Build/OPM1.171019.019; wv) AppleWebKit/537.36 (KHTML, like Gecko) Version/4.0 Chrome/57.0.2987.132 MQQBrowser/6.2 TBS/044109 Mobile Safari/537.36 MicroMessenger/6.7.1321(0x26070030) NetType/WIFI Language/zh_CN" 0
140.207.54.79 - - [18/Jul/2018:08:40:50 +0800] "POST /servicesmng/auth/notify.form?signature=66b7d4a1e18dbaa79c3d6f0867083f0a154455f5&timestamp=1531874450&nonce=117402675&encrypt_type=aes&msg_signature=be31be0440664895b8e0920392f828eded0b596e HTTP/1.1" 200 7 "Mozilla/4.0" 0
14.116.133.168 - - [18/Jul/2018:08:40:51 +0800] "POST /servicesmng/jsauth/jsapi_sign.form HTTP/1.1" 200 437 "Mozilla/5.0 (Linux; Android 8.1; MI 8 SE Build/OPM1.171019.019; wv) AppleWebKit/537.36 (KHTML, like Gecko) Version/4.0 Chrome/57.0.2987.132 MQQBrowser/6.2 TBS/044109 Mobile Safari/537.36 MicroMessenger/6.7.1321(0x26070030) NetType/WIFI Language/zh_CN" 0
222.244.254.168 - - [18/Jul/2018:08:40:55 +0800] "POST /servicesmng/jsauth/jsapi_sign.form HTTP/1.1" 200 448 "Mozilla/5.0 (Linux; Android 8.1; MI 8 SE Build/OPM1.171019.019; wv) AppleWebKit/537.36 (KHTML, like Gecko) Version/4.0 Chrome/57.0.2987.132 MQQBrowser/6.2 TBS/044109 Mobile Safari/537.36 MicroMessenger/6.7.1321(0x26070030) NetType/WIFI Language/zh_CN" 31
14.116.133.168 - - [18/Jul/2018:08:41:07 +0800] "POST /servicesmng/jsauth/jsapi_sign.form HTTP/1.1" 200 437 "Mozilla/5.0 (Linux; Android 8.1; MI 8 SE Build/OPM1.171019.019; wv) AppleWebKit/537.36 (KHTML, like Gecko) Version/4.0 Chrome/57.0.2987.132 MQQBrowser/6.2 TBS/044109 Mobile Safari/537.36 MicroMessenger/6.7.1321(0x26070030) NetType/WIFI Language/zh_CN" 0
113.96.219.243 - - [18/Jul/2018:08:41:07 +0800] "POST /servicesmng/jsauth/jsapi_sign.form HTTP/1.1" 200 433 "Mozilla/5.0 (Linux; Android 6.0; NCE-AL10 Build/HUAWEINCE-AL10; wv) AppleWebKit/537.36 (KHTML, like Gecko) Version/4.0 Chrome/57.0.2987.132 MQQBrowser/6.2 TBS/044112 Mobile Safari/537.36 MicroMessenger/6.6.7.1321(0x26060739) NetType/4G Language/zh_CN" 0
14.116.133.168 - - [18/Jul/2018:08:41:22 +0800] "POST /servicesmng/jsauth/jsapi_sign.form HTTP/1.1" 200 433 "Mozilla/5.0 (Linux; Android 8.1; MI 8 SE Build/OPM1.171019.019; wv) AppleWebKit/537.36 (KHTML, like Gecko) Version/4.0 Chrome/57.0.2987.132 MQQBrowser/6.2 TBS/044109 Mobile Safari/537.36 MicroMessenger/6.7.1321(0x26070030) NetType/WIFI Language/zh_CN" 0
14.116.133.168 - - [18/Jul/2018:08:41:26 +0800] "POST /servicesmng/jsauth/jsapi_sign.form HTTP/1.1" 200 437 "Mozilla/5.0 (Linux; Android 8.1; MI 8 SE Build/OPM1.171019.019; wv) AppleWebKit/537.36 (KHTML, like Gecko) Version/4.0 Chrome/57.0.2987.132 MQQBrowser/6.2 TBS/044109 Mobile Safari/537.36 MicroMessenger/6.7.1321(0x26070030) NetType/WIFI Language/zh_CN" 0
14.116.133.168 - - [18/Jul/2018:08:41:42 +0800] "POST /servicesmng/jsauth/jsapi_sign.form HTTP/1.1" 200 437 "Mozilla/5.0 (Linux; Android 8.1; MI 8 SE Build/OPM1.171019.019; wv) AppleWebKit/537.36 (KHTML, like Gecko) Version/4.0 Chrome/57.0.2987.132 MQQBrowser/6.2 TBS/044109 Mobile Safari/537.36 MicroMessenger/6.7.1321(0x26070030) NetType/WIFI Language/zh_CN" 0
14.116.133.168 - - [18/Jul/2018:08:41:45 +0800] "POST /servicesmng/jsauth/jsapi_sign.form HTTP/1.1" 200 437 "Mozilla/5.0 (Linux; Android 8.1; MI 8 SE Build/OPM1.171019.019; wv) AppleWebKit/537.36 (KHTML, like Gecko) Version/4.0 Chrome/57.0.2987.132 MQQBrowser/6.2 TBS/044109 Mobile Safari/537.36 MicroMessenger/6.7.1321(0x26070030) NetType/WIFI Language/zh_CN" 0
140.207.54.80 - - [18/Jul/2018:08:41:48 +0800] "POST /servicesmng/weixinmessage/wx2a2bf351945bc937/message.form?signature=8bc5e4180a488336decc8bbe999d29e49b17a99f&timestamp=1531874508&nonce=2100853507&openid=oJr4nwH_kelO7ZsEDz0MyVRSo_DQ&encrypt_type=aes&msg_signature=1ac032bc92d082e6866e0d46dbb7a117526a2f8a HTTP/1.1" 200 - "Mozilla/4.0" 0
14.116.133.168 - - [18/Jul/2018:08:41:49 +0800] "POST /servicesmng/jsauth/jsapi_sign.form HTTP/1.1" 200 433 "Mozilla/5.0 (Linux; Android 8.1; MI 8 SE Build/OPM1.171019.019; wv) AppleWebKit/537.36 (KHTML, like Gecko) Version/4.0 Chrome/57.0.2987.132 MQQBrowser/6.2 TBS/044109 Mobile Safari/537.36 MicroMessenger/6.7.1321(0x26070030) NetType/WIFI Language/zh_CN" 0
113.96.219.243 - - [18/Jul/2018:08:41:58 +0800] "POST /servicesmng/jsauth/jsapi_sign.form HTTP/1.1" 200 437 "Mozilla/5.0 (Linux; Android 6.0; NCE-AL10 Build/HUAWEINCE-AL10; wv) AppleWebKit/537.36 (KHTML, like Gecko) Version/4.0 Chrome/57.0.2987.132 MQQBrowser/6.2 TBS/044112 Mobile Safari/537.36 MicroMessenger/6.6.7.1321(0x26060739) NetType/4G Language/zh_CN" 0
140.207.54.79 - - [18/Jul/2018:08:41:58 +0800] "POST /servicesmng/weixinmessage/wx2a2bf351945bc937/message.form?signature=1814c3bc319a3128a725c20a2d8f7291d0413c89&timestamp=1531874518&nonce=1974288804&openid=oJr4nwH_kelO7ZsEDz0MyVRSo_DQ&encrypt_type=aes&msg_signature=94c52b1f0750f2bb708064652413811abb94198b HTTP/1.1" 200 - "Mozilla/4.0" 0
14.116.133.168 - - [18/Jul/2018:08:42:00 +0800] "POST /servicesmng/jsauth/jsapi_sign.form HTTP/1.1" 200 437 "Mozilla/5.0 (Linux; Android 8.1; MI 8 SE Build/OPM1.171019.019; wv) AppleWebKit/537.36 (KHTML, like Gecko) Version/4.0 Chrome/57.0.2987.132 MQQBrowser/6.2 TBS/044109 Mobile Safari/537.36 MicroMessenger/6.7.1321(0x26070030) NetType/WIFI Language/zh_CN" 0
140.207.54.80 - - [18/Jul/2018:08:42:03 +0800] "POST /servicesmng/weixinmessage/wx2a2bf351945bc937/message.form?signature=4e407cd25970585c74171254dc25c392d2180e24&timestamp=1531874523&nonce=643695979&openid=oJr4nwH_kelO7ZsEDz0MyVRSo_DQ&encrypt_type=aes&msg_signature=e5df906e693d6cba5cada0427e0f9f2a32f48d27 HTTP/1.1" 200 - "Mozilla/4.0" 0
140.207.54.79 - - [18/Jul/2018:08:42:06 +0800] "POST /servicesmng/weixinmessage/wx2a2bf351945bc937/message.form?signature=95d3f739e096da20ac0bc8ae47ae3be71474bcd8&timestamp=1531874526&nonce=1380651546&openid=oJr4nwH_kelO7ZsEDz0MyVRSo_DQ&encrypt_type=aes&msg_signature=46b8c1a366bec0534f52b826435cd4c616bb757f HTTP/1.1" 200 - "Mozilla/4.0" 16
14.116.133.168 - - [18/Jul/2018:08:42:11 +0800] "POST /servicesmng/jsauth/jsapi_sign.form HTTP/1.1" 200 437 "Mozilla/5.0 (Linux; Android 8.1; MI 8 SE Build/OPM1.171019.019; wv) AppleWebKit/537.36 (KHTML, like Gecko) Version/4.0 Chrome/57.0.2987.132 MQQBrowser/6.2 TBS/044109 Mobile Safari/537.36 MicroMessenger/6.7.1321(0x26070030) NetType/WIFI Language/zh_CN" 0
14.116.133.168 - - [18/Jul/2018:08:42:13 +0800] "POST /servicesmng/jsauth/jsapi_sign.form HTTP/1.1" 200 543 "Mozilla/5.0 (Linux; Android 8.1; MI 8 SE Build/OPM1.171019.019; wv) AppleWebKit/537.36 (KHTML, like Gecko) Version/4.0 Chrome/57.0.2987.132 MQQBrowser/6.2 TBS/044109 Mobile Safari/537.36 MicroMessenger/6.7.1321(0x26070030) NetType/WIFI Language/zh_CN" 31
14.116.133.168 - - [18/Jul/2018:08:42:19 +0800] "POST /servicesmng/jsauth/jsapi_sign.form HTTP/1.1" 200 437 "Mozilla/5.0 (Linux; Android 8.1; MI 8 SE Build/OPM1.171019.019; wv) AppleWebKit/537.36 (KHTML, like Gecko) Version/4.0 Chrome/57.0.2987.132 MQQBrowser/6.2 TBS/044109 Mobile Safari/537.36 MicroMessenger/6.7.1321(0x26070030) NetType/WIFI Language/zh_CN" 640
14.116.133.168 - - [18/Jul/2018:08:42:19 +0800] "POST /servicesmng/jsauth/jsapi_sign.form HTTP/1.1" 200 543 "Mozilla/5.0 (Linux; Android 8.1; MI 8 SE Build/OPM1.171019.019; wv) AppleWebKit/537.36 (KHTML, like Gecko) Version/4.0 Chrome/57.0.2987.132 MQQBrowser/6.2 TBS/044109 Mobile Safari/537.36 MicroMessenger/6.7.1321(0x26070030) NetType/WIFI Language/zh_CN" 203
140.207.54.79 - - [18/Jul/2018:08:42:23 +0800] "POST /servicesmng/weixinmessage/wx2a2bf351945bc937/message.form?signature=8278c4999afcbaa9525bd25eb370ef2d527e48ba&timestamp=1531874544&nonce=252747858&openid=oJr4nwEe-TjDclp0EnYJsln_07-k&encrypt_type=aes&msg_signature=9683a7f2a158d2eddb56b046749bd5b383e20a96 HTTP/1.1" 200 - "Mozilla/4.0" 0
140.207.54.79 - - [18/Jul/2018:08:42:28 +0800] "POST /servicesmng/weixinmessage/wx2a2bf351945bc937/message.form?signature=14492b3796deb7af89255567092f18f4dcf263e3&timestamp=1531874549&nonce=1081383681&openid=oJr4nwH_kelO7ZsEDz0MyVRSo_DQ&encrypt_type=aes&msg_signature=70082fa9aa63a1d6b08b801f54c24b72a4a466ea HTTP/1.1" 200 - "Mozilla/4.0" 0
14.116.133.168 - - [18/Jul/2018:08:42:53 +0800] "POST /servicesmng/jsauth/jsapi_sign.form HTTP/1.1" 200 437 "Mozilla/5.0 (Linux; Android 8.1; MI 8 SE Build/OPM1.171019.019; wv) AppleWebKit/537.36 (KHTML, like Gecko) Version/4.0 Chrome/57.0.2987.132 MQQBrowser/6.2 TBS/044109 Mobile Safari/537.36 MicroMessenger/6.7.1321(0x26070030) NetType/WIFI Language/zh_CN" 0
14.116.133.168 - - [18/Jul/2018:08:42:55 +0800] "POST /servicesmng/jsauth/jsapi_sign.form HTTP/1.1" 200 543 "Mozilla/5.0 (Linux; Android 8.1; MI 8 SE Build/OPM1.171019.019; wv) AppleWebKit/537.36 (KHTML, like Gecko) Version/4.0 Chrome/57.0.2987.132 MQQBrowser/6.2 TBS/044109 Mobile Safari/537.36 MicroMessenger/6.7.1321(0x26070030) NetType/WIFI Language/zh_CN" 0
14.116.133.168 - - [18/Jul/2018:08:43:02 +0800] "POST /servicesmng/jsauth/jsapi_sign.form HTTP/1.1" 200 437 "Mozilla/5.0 (Linux; Android 8.1; MI 8 SE Build/OPM1.171019.019; wv) AppleWebKit/537.36 (KHTML, like Gecko) Version/4.0 Chrome/57.0.2987.132 MQQBrowser/6.2 TBS/044109 Mobile Safari/537.36 MicroMessenger/6.7.1321(0x26070030) NetType/WIFI Language/zh_CN" 0
14.116.133.168 - - [18/Jul/2018:08:43:04 +0800] "POST /servicesmng/jsauth/jsapi_sign.form HTTP/1.1" 200 543 "Mozilla/5.0 (Linux; Android 8.1; MI 8 SE Build/OPM1.171019.019; wv) AppleWebKit/537.36 (KHTML, like Gecko) Version/4.0 Chrome/57.0.2987.132 MQQBrowser/6.2 TBS/044109 Mobile Safari/537.36 MicroMessenger/6.7.1321(0x26070030) NetType/WIFI Language/zh_CN" 0
14.116.133.168 - - [18/Jul/2018:08:43:09 +0800] "POST /servicesmng/jsauth/jsapi_sign.form HTTP/1.1" 200 437 "Mozilla/5.0 (Linux; Android 8.1; MI 8 SE Build/OPM1.171019.019; wv) AppleWebKit/537.36 (KHTML, like Gecko) Version/4.0 Chrome/57.0.2987.132 MQQBrowser/6.2 TBS/044109 Mobile Safari/537.36 MicroMessenger/6.7.1321(0x26070030) NetType/WIFI Language/zh_CN" 0
14.116.133.168 - - [18/Jul/2018:08:43:11 +0800] "POST /servicesmng/jsauth/jsapi_sign.form HTTP/1.1" 200 543 "Mozilla/5.0 (Linux; Android 8.1; MI 8 SE Build/OPM1.171019.019; wv) AppleWebKit/537.36 (KHTML, like Gecko) Version/4.0 Chrome/57.0.2987.132 MQQBrowser/6.2 TBS/044109 Mobile Safari/537.36 MicroMessenger/6.7.1321(0x26070030) NetType/WIFI Language/zh_CN" 0
140.205.205.23 - - [18/Jul/2018:08:43:51 +0800] "GET / HTTP/1.1" 200 11540 "Scrapy/1.5.0 (+https://scrapy.org)" 0
222.244.254.168 - - [18/Jul/2018:08:43:56 +0800] "POST /servicesmng/jsauth/jsapi_sign.form HTTP/1.1" 200 448 "Mozilla/5.0 (Linux; Android 8.1; MI 8 SE Build/OPM1.171019.019; wv) AppleWebKit/537.36 (KHTML, like Gecko) Version/4.0 Chrome/57.0.2987.132 MQQBrowser/6.2 TBS/044109 Mobile Safari/537.36 MicroMessenger/6.7.1321(0x26070030) NetType/WIFI Language/zh_CN" 0
140.207.54.76 - - [18/Jul/2018:08:43:56 +0800] "POST /servicesmng/weixinmessage/wx4d67ae4842c1b4f8/message.form?signature=b36e9cb6592ca2085e8b5f4f04dcb4909ccab3a7&timestamp=1531874636&nonce=1374697561&openid=oIlEEj9fRq1dHe6P2EH430BgwIYY&encrypt_type=aes&msg_signature=6bc1df4fa4d87171425e4d10eccc1ea55e27dc4c HTTP/1.1" 200 - "Mozilla/4.0" 0
14.116.133.168 - - [18/Jul/2018:08:44:02 +0800] "POST /servicesmng/jsauth/jsapi_sign.form HTTP/1.1" 200 437 "Mozilla/5.0 (Linux; Android 8.1; MI 8 SE Build/OPM1.171019.019; wv) AppleWebKit/537.36 (KHTML, like Gecko) Version/4.0 Chrome/57.0.2987.132 MQQBrowser/6.2 TBS/044109 Mobile Safari/537.36 MicroMessenger/6.7.1321(0x26070030) NetType/WIFI Language/zh_CN" 0
14.116.133.168 - - [18/Jul/2018:08:44:04 +0800] "POST /servicesmng/jsauth/jsapi_sign.form HTTP/1.1" 200 437 "Mozilla/5.0 (Linux; Android 8.1; MI 8 SE Build/OPM1.171019.019; wv) AppleWebKit/537.36 (KHTML, like Gecko) Version/4.0 Chrome/57.0.2987.132 MQQBrowser/6.2 TBS/044109 Mobile Safari/537.36 MicroMessenger/6.7.1321(0x26070030) NetType/WIFI Language/zh_CN" 0
140.207.54.75 - - [18/Jul/2018:08:44:13 +0800] "POST /servicesmng/weixinmessage/wx560c5b9be9bbff1c/message.form?signature=34ccaf4dcab6320636002df3e011d5b1beb693e8&timestamp=1531874654&nonce=734116784&openid=oYogkwRk0rh-EuYl_5HMS2u8xu6g&encrypt_type=aes&msg_signature=a7038d4d8bd57202087e991562d3c50f5edf324d HTTP/1.1" 200 - "Mozilla/4.0" 0
140.207.54.79 - - [18/Jul/2018:08:44:14 +0800] "POST /servicesmng/weixinmessage/wx6d3ba5f845b25ed6/message.form?signature=9118cbad9d7137abc513fc6cb975a2242a6944aa&timestamp=1531874654&nonce=426069557&openid=ovayHw_2hpIw38gjxV7vyyM_YjbI&encrypt_type=aes&msg_signature=d0bd755e3d3b162631cfdcafe54eb9f89760cdc4 HTTP/1.1" 200 - "Mozilla/4.0" 0
14.116.133.168 - - [18/Jul/2018:08:44:16 +0800] "POST /servicesmng/jsauth/jsapi_sign.form HTTP/1.1" 200 437 "Mozilla/5.0 (Linux; Android 8.1; MI 8 SE Build/OPM1.171019.019; wv) AppleWebKit/537.36 (KHTML, like Gecko) Version/4.0 Chrome/57.0.2987.132 MQQBrowser/6.2 TBS/044109 Mobile Safari/537.36 MicroMessenger/6.7.1321(0x26070030) NetType/WIFI Language/zh_CN" 0
140.207.54.75 - - [18/Jul/2018:08:44:36 +0800] "POST /servicesmng/weixinmessage/wxbc41e0d0725cc8e8/message.form?signature=369e0959e35dfa6301b926755aa5d28ffb4239a4&timestamp=1531874676&nonce=1801179374&openid=oUpJ3t-YlYkKcyx1Gcdp2mBNtvHE&encrypt_type=aes&msg_signature=9f718fd420f5294bf6d6017527b912cf8a5d1c6c HTTP/1.1" 200 - "Mozilla/4.0" 0
14.116.133.168 - - [18/Jul/2018:08:44:54 +0800] "POST /servicesmng/jsauth/jsapi_sign.form HTTP/1.1" 200 437 "Mozilla/5.0 (Linux; Android 8.1; MI 8 SE Build/OPM1.171019.019; wv) AppleWebKit/537.36 (KHTML, like Gecko) Version/4.0 Chrome/57.0.2987.132 MQQBrowser/6.2 TBS/044109 Mobile Safari/537.36 MicroMessenger/6.7.1321(0x26070030) NetType/WIFI Language/zh_CN" 0
140.207.54.76 - - [18/Jul/2018:08:45:39 +0800] "POST /servicesmng/weixinmessage/wx136bbba674ea9fbb/message.form?signature=6c674e9f4fb2188fe6a260b2ce1820267f0af92b&timestamp=1531874739&nonce=1133212634&openid=odrZbwhtKNj0PDqpcPv--IZLlwIY&encrypt_type=aes&msg_signature=330019c6e6333fde9bf9f89075b7c7625420e233 HTTP/1.1" 200 - "Mozilla/4.0" 0
222.244.254.168 - - [18/Jul/2018:08:45:40 +0800] "GET /servicesmng/oauth/wx136bbba674ea9fbb/snsapi_base.form?code=081Kz8f00zQoRF1WfYg00UoWe00Kz8fa&state=http%3A%2F%2Fweixin.hnzaojia.org.cn%2Fweixin%2Floginnew%3Fouri%3DtoDirectories&appid=wx136bbba674ea9fbb HTTP/1.1" 302 - "Mozilla/5.0 (Linux; Android 8.1; MI 8 SE Build/OPM1.171019.019; wv) AppleWebKit/537.36 (KHTML, like Gecko) Version/4.0 Chrome/57.0.2987.132 MQQBrowser/6.2 TBS/044109 Mobile Safari/537.36 MicroMessenger/6.7.1321(0x26070030) NetType/WIFI Language/zh_CN" 203
14.116.133.168 - - [18/Jul/2018:08:45:42 +0800] "POST /servicesmng/jsauth/jsapi_sign.form HTTP/1.1" 200 485 "Mozilla/5.0 (Linux; Android 8.1; MI 8 SE Build/OPM1.171019.019; wv) AppleWebKit/537.36 (KHTML, like Gecko) Version/4.0 Chrome/57.0.2987.132 MQQBrowser/6.2 TBS/044109 Mobile Safari/537.36 MicroMessenger/6.7.1321(0x26070030) NetType/WIFI Language/zh_CN" 0
140.207.54.75 - - [18/Jul/2018:08:45:57 +0800] "POST /servicesmng/weixinmessage/wx136bbba674ea9fbb/message.form?signature=ad449c02859b16e09488de3b56af51a3bd92a2cd&timestamp=1531874757&nonce=878813790&openid=odrZbwhtKNj0PDqpcPv--IZLlwIY&encrypt_type=aes&msg_signature=4f107862b3b4ed783c93ada6f5b6d985a0fd5cb0 HTTP/1.1" 200 - "Mozilla/4.0" 0
222.244.254.168 - - [18/Jul/2018:08:45:58 +0800] "GET /servicesmng/oauth/wx136bbba674ea9fbb/snsapi_base.form?code=061sBtTE1hBT320zRuQE1usjTE1sBtTn&state=http%3A%2F%2Fweixin.hnzaojia.org.cn%2Fweixin%2Floginnew%3Fouri%3DtoDirectories&appid=wx136bbba674ea9fbb HTTP/1.1" 302 - "Mozilla/5.0 (Linux; Android 8.1; MI 8 SE Build/OPM1.171019.019; wv) AppleWebKit/537.36 (KHTML, like Gecko) Version/4.0 Chrome/57.0.2987.132 MQQBrowser/6.2 TBS/044109 Mobile Safari/537.36 MicroMessenger/6.7.1321(0x26070030) NetType/WIFI Language/zh_CN" 188
140.207.54.79 - - [18/Jul/2018:08:45:59 +0800] "POST /servicesmng/weixinmessage/wx2a2bf351945bc937/message.form?signature=6006a8d34f5045f013a649678a9fd02538cad640&timestamp=1531874759&nonce=1272303383&openid=oJr4nwNPRZh18PSIaE54oTmZQaUs&encrypt_type=aes&msg_signature=787351117899d4ea6e7bd2736d749ede95e3b4af HTTP/1.1" 200 - "Mozilla/4.0" 0
14.116.133.168 - - [18/Jul/2018:08:46:00 +0800] "POST /servicesmng/jsauth/jsapi_sign.form HTTP/1.1" 200 485 "Mozilla/5.0 (Linux; Android 8.1; MI 8 SE Build/OPM1.171019.019; wv) AppleWebKit/537.36 (KHTML, like Gecko) Version/4.0 Chrome/57.0.2987.132 MQQBrowser/6.2 TBS/044109 Mobile Safari/537.36 MicroMessenger/6.7.1321(0x26070030) NetType/WIFI Language/zh_CN" 0
14.116.133.168 - - [18/Jul/2018:08:46:04 +0800] "POST /servicesmng/jsauth/jsapi_sign.form HTTP/1.1" 200 437 "Mozilla/5.0 (Linux; Android 8.1; MI 8 SE Build/OPM1.171019.019; wv) AppleWebKit/537.36 (KHTML, like Gecko) Version/4.0 Chrome/57.0.2987.132 MQQBrowser/6.2 TBS/044109 Mobile Safari/537.36 MicroMessenger/6.7.1321(0x26070030) NetType/WIFI Language/zh_CN" 0
140.207.54.79 - - [18/Jul/2018:08:46:07 +0800] "POST /servicesmng/weixinmessage/wx2a2bf351945bc937/message.form?signature=1e2555fbf84aa0bcb7e43fc19a9cd35278377c0f&timestamp=1531874767&nonce=1930335353&openid=oJr4nwNPRZh18PSIaE54oTmZQaUs&encrypt_type=aes&msg_signature=682d5eaec92f8fccc3b89263d9475ffaf4e3599e HTTP/1.1" 200 - "Mozilla/4.0" 0
14.116.133.168 - - [18/Jul/2018:08:46:28 +0800] "POST /servicesmng/jsauth/jsapi_sign.form HTTP/1.1" 200 437 "Mozilla/5.0 (Linux; Android 8.1; MI 8 SE Build/OPM1.171019.019; wv) AppleWebKit/537.36 (KHTML, like Gecko) Version/4.0 Chrome/57.0.2987.132 MQQBrowser/6.2 TBS/044109 Mobile Safari/537.36 MicroMessenger/6.7.1321(0x26070030) NetType/WIFI Language/zh_CN" 0
140.207.54.76 - - [18/Jul/2018:08:47:18 +0800] "POST /servicesmng/weixinmessage/wx136bbba674ea9fbb/message.form?signature=66cf491de254999a3b34677c906b7efc162287f6&timestamp=1531874838&nonce=1969590457&openid=odrZbwhtKNj0PDqpcPv--IZLlwIY&encrypt_type=aes&msg_signature=287f6beadfd4458371de5cf399b3eec0150abb26 HTTP/1.1" 200 - "Mozilla/4.0" 0
222.244.254.168 - - [18/Jul/2018:08:47:19 +0800] "GET /servicesmng/oauth/wx136bbba674ea9fbb/snsapi_base.form?code=0713jJAI07qrPg2VZRCI0sD2BI03jJAn&state=http%3A%2F%2Fweixin.hnzaojia.org.cn%2Fweixin%2Floginnew%3Fouri%3DtoDirectories&appid=wx136bbba674ea9fbb HTTP/1.1" 302 - "Mozilla/5.0 (Linux; Android 8.1; MI 8 SE Build/OPM1.171019.019; wv) AppleWebKit/537.36 (KHTML, like Gecko) Version/4.0 Chrome/57.0.2987.132 MQQBrowser/6.2 TBS/044109 Mobile Safari/537.36 MicroMessenger/6.7.1321(0x26070030) NetType/WIFI Language/zh_CN" 187
14.116.133.168 - - [18/Jul/2018:08:47:21 +0800] "POST /servicesmng/jsauth/jsapi_sign.form HTTP/1.1" 200 485 "Mozilla/5.0 (Linux; Android 8.1; MI 8 SE Build/OPM1.171019.019; wv) AppleWebKit/537.36 (KHTML, like Gecko) Version/4.0 Chrome/57.0.2987.132 MQQBrowser/6.2 TBS/044109 Mobile Safari/537.36 MicroMessenger/6.7.1321(0x26070030) NetType/WIFI Language/zh_CN" 0
223.166.222.109 - - [18/Jul/2018:08:47:39 +0800] "POST /servicesmng/weixinmessage/wx4d67ae4842c1b4f8/message.form?signature=44e16cd20ce26af914ce12b6ca7d25989b5d5641&timestamp=1531874859&nonce=398036321&openid=oIlEEj1O40ngSv8xqlrafPGwj92Y&encrypt_type=aes&msg_signature=c8414ee123174c29e2929e76089c3a7eb8f53620 HTTP/1.1" 200 - "Mozilla/4.0" 15
106.17.27.160 - - [18/Jul/2018:08:47:40 +0800] "GET /servicesmng/oauth/wx4d67ae4842c1b4f8/snsapi_base.form?code=011wmMcS1Ndim71xG2cS1Ai1dS1wmMcz&state=https%3A%2F%2Fwechat.zhdsbang.com%2Fweixin%2Floginnew%3Fouri%3DtoBussoffice&appid=wx4d67ae4842c1b4f8 HTTP/1.1" 302 - "Mozilla/5.0 (Linux; Android 6.0; NCE-AL10 Build/HUAWEINCE-AL10; wv) AppleWebKit/537.36 (KHTML, like Gecko) Version/4.0 Chrome/57.0.2987.132 MQQBrowser/6.2 TBS/044112 Mobile Safari/537.36 MicroMessenger/6.6.7.1321(0x26060739) NetType/4G Language/zh_CN" 157
118.178.139.59 - - [18/Jul/2018:08:47:41 +0800] "POST /httpServices/users/organization/getOrgIdByAppId.form HTTP/1.1" 200 1577 "Apache-HttpClient/4.3.5 (java 1.5)" 16
118.178.139.59 - - [18/Jul/2018:08:47:41 +0800] "POST /httpServices/users/accounts/loginByOpenid.form HTTP/1.1" 200 674 "Apache-HttpClient/4.3.5 (java 1.5)" 406
157.55.39.150 - - [18/Jul/2018:08:47:41 +0800] "GET /robots.txt HTTP/1.1" 404 971 "Mozilla/5.0 (compatible; bingbot/2.0; +http://www.bing.com/bingbot.htm)" 0
106.17.27.160 - - [18/Jul/2018:08:47:43 +0800] "OPTIONS /httpServices/httpmenu/httpmenuController/getMenuByOrgId.form HTTP/1.1" 200 - "Mozilla/5.0 (Linux; Android 6.0; NCE-AL10 Build/HUAWEINCE-AL10; wv) AppleWebKit/537.36 (KHTML, like Gecko) Version/4.0 Chrome/57.0.2987.132 MQQBrowser/6.2 TBS/044112 Mobile Safari/537.36 MicroMessenger/6.6.7.1321(0x26060739) NetType/4G Language/zh_CN" 0
106.17.27.160 - - [18/Jul/2018:08:47:43 +0800] "POST /httpServices/httpmenu/httpmenuController/getMenuByOrgId.form HTTP/1.1" 200 1638 "Mozilla/5.0 (Linux; Android 6.0; NCE-AL10 Build/HUAWEINCE-AL10; wv) AppleWebKit/537.36 (KHTML, like Gecko) Version/4.0 Chrome/57.0.2987.132 MQQBrowser/6.2 TBS/044112 Mobile Safari/537.36 MicroMessenger/6.6.7.1321(0x26060739) NetType/4G Language/zh_CN" 15
157.55.39.150 - - [18/Jul/2018:08:47:43 +0800] "GET /robots.txt HTTP/1.1" 404 971 "Mozilla/5.0 (compatible; bingbot/2.0; +http://www.bing.com/bingbot.htm)" 0
106.17.27.160 - - [18/Jul/2018:08:47:43 +0800] "OPTIONS /httpServices/office/notice/getUnreadNoticesCounts.form HTTP/1.1" 200 - "Mozilla/5.0 (Linux; Android 6.0; NCE-AL10 Build/HUAWEINCE-AL10; wv) AppleWebKit/537.36 (KHTML, like Gecko) Version/4.0 Chrome/57.0.2987.132 MQQBrowser/6.2 TBS/044112 Mobile Safari/537.36 MicroMessenger/6.6.7.1321(0x26060739) NetType/4G Language/zh_CN" 0
106.17.27.160 - - [18/Jul/2018:08:47:43 +0800] "POST /httpServices/office/notice/getUnreadNoticesCounts.form HTTP/1.1" 200 103 "Mozilla/5.0 (Linux; Android 6.0; NCE-AL10 Build/HUAWEINCE-AL10; wv) AppleWebKit/537.36 (KHTML, like Gecko) Version/4.0 Chrome/57.0.2987.132 MQQBrowser/6.2 TBS/044112 Mobile Safari/537.36 MicroMessenger/6.6.7.1321(0x26060739) NetType/4G Language/zh_CN" 16
106.17.27.160 - - [18/Jul/2018:08:47:43 +0800] "OPTIONS /httpServices/office/activitys/getUnreadActivitysCounts.form HTTP/1.1" 200 - "Mozilla/5.0 (Linux; Android 6.0; NCE-AL10 Build/HUAWEINCE-AL10; wv) AppleWebKit/537.36 (KHTML, like Gecko) Version/4.0 Chrome/57.0.2987.132 MQQBrowser/6.2 TBS/044112 Mobile Safari/537.36 MicroMessenger/6.6.7.1321(0x26060739) NetType/4G Language/zh_CN" 0
106.17.27.160 - - [18/Jul/2018:08:47:43 +0800] "POST /httpServices/office/activitys/getUnreadActivitysCounts.form HTTP/1.1" 200 103 "Mozilla/5.0 (Linux; Android 6.0; NCE-AL10 Build/HUAWEINCE-AL10; wv) AppleWebKit/537.36 (KHTML, like Gecko) Version/4.0 Chrome/57.0.2987.132 MQQBrowser/6.2 TBS/044112 Mobile Safari/537.36 MicroMessenger/6.6.7.1321(0x26060739) NetType/4G Language/zh_CN" 15
106.17.27.160 - - [18/Jul/2018:08:47:44 +0800] "OPTIONS /httpServices/office/activitys/getActivityslist.form HTTP/1.1" 200 - "Mozilla/5.0 (Linux; Android 6.0; NCE-AL10 Build/HUAWEINCE-AL10; wv) AppleWebKit/537.36 (KHTML, like Gecko) Version/4.0 Chrome/57.0.2987.132 MQQBrowser/6.2 TBS/044112 Mobile Safari/537.36 MicroMessenger/6.6.7.1321(0x26060739) NetType/4G Language/zh_CN" 0
106.17.27.160 - - [18/Jul/2018:08:47:44 +0800] "POST /httpServices/office/activitys/getActivityslist.form HTTP/1.1" 200 839 "Mozilla/5.0 (Linux; Android 6.0; NCE-AL10 Build/HUAWEINCE-AL10; wv) AppleWebKit/537.36 (KHTML, like Gecko) Version/4.0 Chrome/57.0.2987.132 MQQBrowser/6.2 TBS/044112 Mobile Safari/537.36 MicroMessenger/6.6.7.1321(0x26060739) NetType/4G Language/zh_CN" 15
106.17.27.160 - - [18/Jul/2018:08:47:44 +0800] "OPTIONS /httpServices/office/announcement/getheadline.form HTTP/1.1" 200 - "Mozilla/5.0 (Linux; Android 6.0; NCE-AL10 Build/HUAWEINCE-AL10; wv) AppleWebKit/537.36 (KHTML, like Gecko) Version/4.0 Chrome/57.0.2987.132 MQQBrowser/6.2 TBS/044112 Mobile Safari/537.36 MicroMessenger/6.6.7.1321(0x26060739) NetType/4G Language/zh_CN" 0
106.17.27.160 - - [18/Jul/2018:08:47:44 +0800] "POST /httpServices/office/announcement/getheadline.form HTTP/1.1" 200 609 "Mozilla/5.0 (Linux; Android 6.0; NCE-AL10 Build/HUAWEINCE-AL10; wv) AppleWebKit/537.36 (KHTML, like Gecko) Version/4.0 Chrome/57.0.2987.132 MQQBrowser/6.2 TBS/044112 Mobile Safari/537.36 MicroMessenger/6.6.7.1321(0x26060739) NetType/4G Language/zh_CN" 16
106.17.27.160 - - [18/Jul/2018:08:47:46 +0800] "OPTIONS /httpServices/office/activePerson/getActivityManagemenAuthority.form HTTP/1.1" 200 - "Mozilla/5.0 (Linux; Android 6.0; NCE-AL10 Build/HUAWEINCE-AL10; wv) AppleWebKit/537.36 (KHTML, like Gecko) Version/4.0 Chrome/57.0.2987.132 MQQBrowser/6.2 TBS/044112 Mobile Safari/537.36 MicroMessenger/6.6.7.1321(0x26060739) NetType/4G Language/zh_CN" 0
106.17.27.160 - - [18/Jul/2018:08:47:46 +0800] "POST /httpServices/office/activePerson/getActivityManagemenAuthority.form HTTP/1.1" 200 112 "Mozilla/5.0 (Linux; Android 6.0; NCE-AL10 Build/HUAWEINCE-AL10; wv) AppleWebKit/537.36 (KHTML, like Gecko) Version/4.0 Chrome/57.0.2987.132 MQQBrowser/6.2 TBS/044112 Mobile Safari/537.36 MicroMessenger/6.6.7.1321(0x26060739) NetType/4G Language/zh_CN" 16
106.17.27.160 - - [18/Jul/2018:08:47:47 +0800] "OPTIONS /httpServices/office/activitys/getNewActivitys.form HTTP/1.1" 200 - "Mozilla/5.0 (Linux; Android 6.0; NCE-AL10 Build/HUAWEINCE-AL10; wv) AppleWebKit/537.36 (KHTML, like Gecko) Version/4.0 Chrome/57.0.2987.132 MQQBrowser/6.2 TBS/044112 Mobile Safari/537.36 MicroMessenger/6.6.7.1321(0x26060739) NetType/4G Language/zh_CN" 0
106.17.27.160 - - [18/Jul/2018:08:47:47 +0800] "POST /httpServices/office/activitys/getNewActivitys.form HTTP/1.1" 200 3435 "Mozilla/5.0 (Linux; Android 6.0; NCE-AL10 Build/HUAWEINCE-AL10; wv) AppleWebKit/537.36 (KHTML, like Gecko) Version/4.0 Chrome/57.0.2987.132 MQQBrowser/6.2 TBS/044112 Mobile Safari/537.36 MicroMessenger/6.6.7.1321(0x26060739) NetType/4G Language/zh_CN" 15
40.77.167.163 - - [18/Jul/2018:08:47:47 +0800] "GET / HTTP/1.1" 200 11624 "Mozilla/5.0 (compatible; bingbot/2.0; +http://www.bing.com/bingbot.htm)" 0
106.17.27.160 - - [18/Jul/2018:08:47:47 +0800] "OPTIONS /httpServices/office/activitys/getActivityState.form HTTP/1.1" 200 - "Mozilla/5.0 (Linux; Android 6.0; NCE-AL10 Build/HUAWEINCE-AL10; wv) AppleWebKit/537.36 (KHTML, like Gecko) Version/4.0 Chrome/57.0.2987.132 MQQBrowser/6.2 TBS/044112 Mobile Safari/537.36 MicroMessenger/6.6.7.1321(0x26060739) NetType/4G Language/zh_CN" 0
106.17.27.160 - - [18/Jul/2018:08:47:47 +0800] "POST /httpServices/office/activitys/getActivityState.form HTTP/1.1" 200 2252 "Mozilla/5.0 (Linux; Android 6.0; NCE-AL10 Build/HUAWEINCE-AL10; wv) AppleWebKit/537.36 (KHTML, like Gecko) Version/4.0 Chrome/57.0.2987.132 MQQBrowser/6.2 TBS/044112 Mobile Safari/537.36 MicroMessenger/6.6.7.1321(0x26060739) NetType/4G Language/zh_CN" 16
106.17.27.160 - - [18/Jul/2018:08:47:48 +0800] "OPTIONS /servicesmng/jsauth/jsapi_sign.form HTTP/1.1" 200 - "Mozilla/5.0 (Linux; Android 6.0; NCE-AL10 Build/HUAWEINCE-AL10; wv) AppleWebKit/537.36 (KHTML, like Gecko) Version/4.0 Chrome/57.0.2987.132 MQQBrowser/6.2 TBS/044112 Mobile Safari/537.36 MicroMessenger/6.6.7.1321(0x26060739) NetType/4G Language/zh_CN" 0
106.17.27.160 - - [18/Jul/2018:08:47:48 +0800] "OPTIONS /httpServices/office/activitys/activitysRead.form HTTP/1.1" 200 - "Mozilla/5.0 (Linux; Android 6.0; NCE-AL10 Build/HUAWEINCE-AL10; wv) AppleWebKit/537.36 (KHTML, like Gecko) Version/4.0 Chrome/57.0.2987.132 MQQBrowser/6.2 TBS/044112 Mobile Safari/537.36 MicroMessenger/6.6.7.1321(0x26060739) NetType/4G Language/zh_CN" 0
106.17.27.160 - - [18/Jul/2018:08:47:49 +0800] "POST /httpServices/office/activitys/activitysRead.form HTTP/1.1" 200 95 "Mozilla/5.0 (Linux; Android 6.0; NCE-AL10 Build/HUAWEINCE-AL10; wv) AppleWebKit/537.36 (KHTML, like Gecko) Version/4.0 Chrome/57.0.2987.132 MQQBrowser/6.2 TBS/044112 Mobile Safari/537.36 MicroMessenger/6.6.7.1321(0x26060739) NetType/4G Language/zh_CN" 15
106.17.27.160 - - [18/Jul/2018:08:47:49 +0800] "OPTIONS /httpServices/office/activitys/getActivitysDetails.form HTTP/1.1" 200 - "Mozilla/5.0 (Linux; Android 6.0; NCE-AL10 Build/HUAWEINCE-AL10; wv) AppleWebKit/537.36 (KHTML, like Gecko) Version/4.0 Chrome/57.0.2987.132 MQQBrowser/6.2 TBS/044112 Mobile Safari/537.36 MicroMessenger/6.6.7.1321(0x26060739) NetType/4G Language/zh_CN" 0
106.17.27.160 - - [18/Jul/2018:08:47:49 +0800] "POST /httpServices/office/activitys/getActivitysDetails.form HTTP/1.1" 200 6081 "Mozilla/5.0 (Linux; Android 6.0; NCE-AL10 Build/HUAWEINCE-AL10; wv) AppleWebKit/537.36 (KHTML, like Gecko) Version/4.0 Chrome/57.0.2987.132 MQQBrowser/6.2 TBS/044112 Mobile Safari/537.36 MicroMessenger/6.6.7.1321(0x26060739) NetType/4G Language/zh_CN" 31
106.17.27.160 - - [18/Jul/2018:08:47:49 +0800] "OPTIONS /httpServices/office/activitys/getAllHandinByBoaId.form HTTP/1.1" 200 - "Mozilla/5.0 (Linux; Android 6.0; NCE-AL10 Build/HUAWEINCE-AL10; wv) AppleWebKit/537.36 (KHTML, like Gecko) Version/4.0 Chrome/57.0.2987.132 MQQBrowser/6.2 TBS/044112 Mobile Safari/537.36 MicroMessenger/6.6.7.1321(0x26060739) NetType/4G Language/zh_CN" 0
106.17.27.160 - - [18/Jul/2018:08:47:49 +0800] "POST /httpServices/office/activitys/getAllHandinByBoaId.form HTTP/1.1" 200 555 "Mozilla/5.0 (Linux; Android 6.0; NCE-AL10 Build/HUAWEINCE-AL10; wv) AppleWebKit/537.36 (KHTML, like Gecko) Version/4.0 Chrome/57.0.2987.132 MQQBrowser/6.2 TBS/044112 Mobile Safari/537.36 MicroMessenger/6.6.7.1321(0x26060739) NetType/4G Language/zh_CN" 359
106.17.27.160 - - [18/Jul/2018:08:47:50 +0800] "OPTIONS /httpServices/office/activitys/activitysSingupCheck.form HTTP/1.1" 200 - "Mozilla/5.0 (Linux; Android 6.0; NCE-AL10 Build/HUAWEINCE-AL10; wv) AppleWebKit/537.36 (KHTML, like Gecko) Version/4.0 Chrome/57.0.2987.132 MQQBrowser/6.2 TBS/044112 Mobile Safari/537.36 MicroMessenger/6.6.7.1321(0x26060739) NetType/4G Language/zh_CN" 0
106.17.27.160 - - [18/Jul/2018:08:47:50 +0800] "POST /httpServices/office/activitys/activitysSingupCheck.form HTTP/1.1" 200 107 "Mozilla/5.0 (Linux; Android 6.0; NCE-AL10 Build/HUAWEINCE-AL10; wv) AppleWebKit/537.36 (KHTML, like Gecko) Version/4.0 Chrome/57.0.2987.132 MQQBrowser/6.2 TBS/044112 Mobile Safari/537.36 MicroMessenger/6.6.7.1321(0x26060739) NetType/4G Language/zh_CN" 0
106.17.27.160 - - [18/Jul/2018:08:47:50 +0800] "POST /servicesmng/jsauth/jsapi_sign.form HTTP/1.1" 200 497 "Mozilla/5.0 (Linux; Android 6.0; NCE-AL10 Build/HUAWEINCE-AL10; wv) AppleWebKit/537.36 (KHTML, like Gecko) Version/4.0 Chrome/57.0.2987.132 MQQBrowser/6.2 TBS/044112 Mobile Safari/537.36 MicroMessenger/6.6.7.1321(0x26060739) NetType/4G Language/zh_CN" 0
222.244.254.168 - - [18/Jul/2018:08:48:35 +0800] "OPTIONS /servicesmng/jsauth/jsapi_sign.form HTTP/1.1" 200 - "Mozilla/5.0 (Linux; Android 8.1; MI 8 SE Build/OPM1.171019.019; wv) AppleWebKit/537.36 (KHTML, like Gecko) Version/4.0 Chrome/57.0.2987.132 MQQBrowser/6.2 TBS/044109 Mobile Safari/537.36 MicroMessenger/6.7.1321(0x26070030) NetType/WIFI Language/zh_CN" 0
14.116.133.168 - - [18/Jul/2018:08:48:36 +0800] "POST /servicesmng/jsauth/jsapi_sign.form HTTP/1.1" 200 439 "Mozilla/5.0 (Linux; Android 8.1; MI 8 SE Build/OPM1.171019.019; wv) AppleWebKit/537.36 (KHTML, like Gecko) Version/4.0 Chrome/57.0.2987.132 MQQBrowser/6.2 TBS/044109 Mobile Safari/537.36 MicroMessenger/6.7.1321(0x26070030) NetType/WIFI Language/zh_CN" 0
183.214.94.100 - - [18/Jul/2018:08:48:39 +0800] "GET /servicesmng/oauth/wx07bf81a51358a68f/snsapi_base.form?code=001Dwrok0845Qm1AGmok0SnGok0Dwro2&state=https%3A%2F%2Fwechat.zhdsbang.com%2Fweixin%2Findex.html%3Fouri%3D9ab7489f-0e61-4b6e-8fa2-2e6c9261e2bd%40supplydemand&appid=wx07bf81a51358a68f HTTP/1.1" 302 - "Mozilla/5.0 (Linux; Android 5.0.2; vivo X6Plus A Build/LRX22G; wv) AppleWebKit/537.36 (KHTML, like Gecko) Version/4.0 Chrome/57.0.2987.132 MQQBrowser/6.2 TBS/044112 Mobile Safari/537.36 MicroMessenger/6.6.6.1300(0x26060638) NetType/WIFI Language/zh_CN" 203
183.214.94.100 - - [18/Jul/2018:08:48:40 +0800] "OPTIONS /httpServices/users/organization/getOrgIdByAppId.form HTTP/1.1" 200 - "Mozilla/5.0 (Linux; Android 5.0.2; vivo X6Plus A Build/LRX22G; wv) AppleWebKit/537.36 (KHTML, like Gecko) Version/4.0 Chrome/57.0.2987.132 MQQBrowser/6.2 TBS/044112 Mobile Safari/537.36 MicroMessenger/6.6.6.1300(0x26060638) NetType/WIFI Language/zh_CN" 0
183.214.94.100 - - [18/Jul/2018:08:48:40 +0800] "POST /httpServices/users/organization/getOrgIdByAppId.form HTTP/1.1" 200 634 "Mozilla/5.0 (Linux; Android 5.0.2; vivo X6Plus A Build/LRX22G; wv) AppleWebKit/537.36 (KHTML, like Gecko) Version/4.0 Chrome/57.0.2987.132 MQQBrowser/6.2 TBS/044112 Mobile Safari/537.36 MicroMessenger/6.6.6.1300(0x26060638) NetType/WIFI Language/zh_CN" 15
183.214.94.100 - - [18/Jul/2018:08:48:40 +0800] "OPTIONS /httpServices/users/accounts/loginByOpenid.form HTTP/1.1" 200 - "Mozilla/5.0 (Linux; Android 5.0.2; vivo X6Plus A Build/LRX22G; wv) AppleWebKit/537.36 (KHTML, like Gecko) Version/4.0 Chrome/57.0.2987.132 MQQBrowser/6.2 TBS/044112 Mobile Safari/537.36 MicroMessenger/6.6.6.1300(0x26060638) NetType/WIFI Language/zh_CN" 0
183.214.94.100 - - [18/Jul/2018:08:48:40 +0800] "POST /httpServices/users/accounts/loginByOpenid.form HTTP/1.1" 200 118 "Mozilla/5.0 (Linux; Android 5.0.2; vivo X6Plus A Build/LRX22G; wv) AppleWebKit/537.36 (KHTML, like Gecko) Version/4.0 Chrome/57.0.2987.132 MQQBrowser/6.2 TBS/044112 Mobile Safari/537.36 MicroMessenger/6.6.6.1300(0x26060638) NetType/WIFI Language/zh_CN" 15
183.214.94.100 - - [18/Jul/2018:08:48:42 +0800] "OPTIONS /httpServices/suplydemands/suplydemandType/saveViewRecordsOpen.form HTTP/1.1" 200 - "Mozilla/5.0 (Linux; Android 5.0.2; vivo X6Plus A Build/LRX22G; wv) AppleWebKit/537.36 (KHTML, like Gecko) Version/4.0 Chrome/57.0.2987.132 MQQBrowser/6.2 TBS/044112 Mobile Safari/537.36 MicroMessenger/6.6.6.1300(0x26060638) NetType/WIFI Language/zh_CN" 0
183.214.94.100 - - [18/Jul/2018:08:48:42 +0800] "POST /httpServices/suplydemands/suplydemandType/saveViewRecordsOpen.form HTTP/1.1" 200 110 "Mozilla/5.0 (Linux; Android 5.0.2; vivo X6Plus A Build/LRX22G; wv) AppleWebKit/537.36 (KHTML, like Gecko) Version/4.0 Chrome/57.0.2987.132 MQQBrowser/6.2 TBS/044112 Mobile Safari/537.36 MicroMessenger/6.6.6.1300(0x26060638) NetType/WIFI Language/zh_CN" 15
183.214.94.100 - - [18/Jul/2018:08:48:42 +0800] "OPTIONS /httpServices/suplydemands/suplydemandType/getSuplydemandDetailsOpen.form HTTP/1.1" 200 - "Mozilla/5.0 (Linux; Android 5.0.2; vivo X6Plus A Build/LRX22G; wv) AppleWebKit/537.36 (KHTML, like Gecko) Version/4.0 Chrome/57.0.2987.132 MQQBrowser/6.2 TBS/044112 Mobile Safari/537.36 MicroMessenger/6.6.6.1300(0x26060638) NetType/WIFI Language/zh_CN" 0
183.214.94.100 - - [18/Jul/2018:08:48:43 +0800] "POST /httpServices/suplydemands/suplydemandType/getSuplydemandDetailsOpen.form HTTP/1.1" 200 1721 "Mozilla/5.0 (Linux; Android 5.0.2; vivo X6Plus A Build/LRX22G; wv) AppleWebKit/537.36 (KHTML, like Gecko) Version/4.0 Chrome/57.0.2987.132 MQQBrowser/6.2 TBS/044112 Mobile Safari/537.36 MicroMessenger/6.6.6.1300(0x26060638) NetType/WIFI Language/zh_CN" 1094
183.214.94.100 - - [18/Jul/2018:08:48:43 +0800] "OPTIONS /httpServices/suplydemands/SuplydemandRI/getQickSupplyReply.form HTTP/1.1" 200 - "Mozilla/5.0 (Linux; Android 5.0.2; vivo X6Plus A Build/LRX22G; wv) AppleWebKit/537.36 (KHTML, like Gecko) Version/4.0 Chrome/57.0.2987.132 MQQBrowser/6.2 TBS/044112 Mobile Safari/537.36 MicroMessenger/6.6.6.1300(0x26060638) NetType/WIFI Language/zh_CN" 0
183.214.94.100 - - [18/Jul/2018:08:48:43 +0800] "POST /httpServices/suplydemands/SuplydemandRI/getQickSupplyReply.form HTTP/1.1" 200 908 "Mozilla/5.0 (Linux; Android 5.0.2; vivo X6Plus A Build/LRX22G; wv) AppleWebKit/537.36 (KHTML, like Gecko) Version/4.0 Chrome/57.0.2987.132 MQQBrowser/6.2 TBS/044112 Mobile Safari/537.36 MicroMessenger/6.6.6.1300(0x26060638) NetType/WIFI Language/zh_CN" 0
183.214.94.100 - - [18/Jul/2018:08:48:43 +0800] "OPTIONS /httpServices/suplydemands/SuplydemandRI/getSupplyReply.form HTTP/1.1" 200 - "Mozilla/5.0 (Linux; Android 5.0.2; vivo X6Plus A Build/LRX22G; wv) AppleWebKit/537.36 (KHTML, like Gecko) Version/4.0 Chrome/57.0.2987.132 MQQBrowser/6.2 TBS/044112 Mobile Safari/537.36 MicroMessenger/6.6.6.1300(0x26060638) NetType/WIFI Language/zh_CN" 0
183.214.94.100 - - [18/Jul/2018:08:48:44 +0800] "POST /httpServices/suplydemands/SuplydemandRI/getSupplyReply.form HTTP/1.1" 200 692 "Mozilla/5.0 (Linux; Android 5.0.2; vivo X6Plus A Build/LRX22G; wv) AppleWebKit/537.36 (KHTML, like Gecko) Version/4.0 Chrome/57.0.2987.132 MQQBrowser/6.2 TBS/044112 Mobile Safari/537.36 MicroMessenger/6.6.6.1300(0x26060638) NetType/WIFI Language/zh_CN" 797
183.214.94.100 - - [18/Jul/2018:08:48:45 +0800] "OPTIONS /servicesmng/jsauth/jsapi_sign.form HTTP/1.1" 200 - "Mozilla/5.0 (Linux; Android 5.0.2; vivo X6Plus A Build/LRX22G; wv) AppleWebKit/537.36 (KHTML, like Gecko) Version/4.0 Chrome/57.0.2987.132 MQQBrowser/6.2 TBS/044112 Mobile Safari/537.36 MicroMessenger/6.6.6.1300(0x26060638) NetType/WIFI Language/zh_CN" 0
183.214.94.100 - - [18/Jul/2018:08:48:45 +0800] "POST /servicesmng/jsauth/jsapi_sign.form HTTP/1.1" 200 481 "Mozilla/5.0 (Linux; Android 5.0.2; vivo X6Plus A Build/LRX22G; wv) AppleWebKit/537.36 (KHTML, like Gecko) Version/4.0 Chrome/57.0.2987.132 MQQBrowser/6.2 TBS/044112 Mobile Safari/537.36 MicroMessenger/6.6.6.1300(0x26060638) NetType/WIFI Language/zh_CN" 0
223.166.222.109 - - [18/Jul/2018:08:48:46 +0800] "POST /servicesmng/weixinmessage/wx4d67ae4842c1b4f8/message.form?signature=0284c90a4c684467f1a7d0592d7eb5b900890bb1&timestamp=1531874926&nonce=155489673&openid=oIlEEj1O40ngSv8xqlrafPGwj92Y&encrypt_type=aes&msg_signature=2cdec8728b8b8b49a99464974d4d154b30fb5ad2 HTTP/1.1" 200 - "Mozilla/4.0" 0
106.17.27.160 - - [18/Jul/2018:08:48:47 +0800] "GET /servicesmng/oauth/wx4d67ae4842c1b4f8/snsapi_base.form?code=001lMBrB0y6esg2bjarB0F0prB0lMBrr&state=https%3A%2F%2Fwechat.zhdsbang.com%2Fweixin%2Floginnew%3Fouri%3DtoSupplyDemand&appid=wx4d67ae4842c1b4f8 HTTP/1.1" 302 - "Mozilla/5.0 (Linux; Android 6.0; NCE-AL10 Build/HUAWEINCE-AL10; wv) AppleWebKit/537.36 (KHTML, like Gecko) Version/4.0 Chrome/57.0.2987.132 MQQBrowser/6.2 TBS/044112 Mobile Safari/537.36 MicroMessenger/6.6.7.1321(0x26060739) NetType/4G Language/zh_CN" 156
118.178.139.59 - - [18/Jul/2018:08:48:48 +0800] "POST /httpServices/users/organization/getOrgIdByAppId.form HTTP/1.1" 200 1577 "Apache-HttpClient/4.3.5 (java 1.5)" 16
118.178.139.59 - - [18/Jul/2018:08:48:48 +0800] "POST /httpServices/users/accounts/loginByOpenid.form HTTP/1.1" 200 674 "Apache-HttpClient/4.3.5 (java 1.5)" 391
106.17.27.160 - - [18/Jul/2018:08:48:50 +0800] "POST /httpServices/httpmenu/httpmenuController/getMenuByOrgId.form HTTP/1.1" 200 1638 "Mozilla/5.0 (Linux; Android 6.0; NCE-AL10 Build/HUAWEINCE-AL10; wv) AppleWebKit/537.36 (KHTML, like Gecko) Version/4.0 Chrome/57.0.2987.132 MQQBrowser/6.2 TBS/044112 Mobile Safari/537.36 MicroMessenger/6.6.7.1321(0x26060739) NetType/4G Language/zh_CN" 15
106.17.27.160 - - [18/Jul/2018:08:48:50 +0800] "POST /servicesmng/jsauth/jsapi_sign.form HTTP/1.1" 200 438 "Mozilla/5.0 (Linux; Android 6.0; NCE-AL10 Build/HUAWEINCE-AL10; wv) AppleWebKit/537.36 (KHTML, like Gecko) Version/4.0 Chrome/57.0.2987.132 MQQBrowser/6.2 TBS/044112 Mobile Safari/537.36 MicroMessenger/6.6.7.1321(0x26060739) NetType/4G Language/zh_CN" 0
106.17.27.160 - - [18/Jul/2018:08:48:50 +0800] "OPTIONS /httpServices/suplydemands/suplydemandType/getSuplydemandInfosOpen.form HTTP/1.1" 200 - "Mozilla/5.0 (Linux; Android 6.0; NCE-AL10 Build/HUAWEINCE-AL10; wv) AppleWebKit/537.36 (KHTML, like Gecko) Version/4.0 Chrome/57.0.2987.132 MQQBrowser/6.2 TBS/044112 Mobile Safari/537.36 MicroMessenger/6.6.7.1321(0x26060739) NetType/4G Language/zh_CN" 0
106.17.27.160 - - [18/Jul/2018:08:48:51 +0800] "OPTIONS /httpServices/suplydemands/suplydemandType/getSuplydemandSelfType.form HTTP/1.1" 200 - "Mozilla/5.0 (Linux; Android 6.0; NCE-AL10 Build/HUAWEINCE-AL10; wv) AppleWebKit/537.36 (KHTML, like Gecko) Version/4.0 Chrome/57.0.2987.132 MQQBrowser/6.2 TBS/044112 Mobile Safari/537.36 MicroMessenger/6.6.7.1321(0x26060739) NetType/4G Language/zh_CN" 0
106.17.27.160 - - [18/Jul/2018:08:48:52 +0800] "POST /httpServices/suplydemands/suplydemandType/getSuplydemandInfosOpen.form HTTP/1.1" 200 18425 "Mozilla/5.0 (Linux; Android 6.0; NCE-AL10 Build/HUAWEINCE-AL10; wv) AppleWebKit/537.36 (KHTML, like Gecko) Version/4.0 Chrome/57.0.2987.132 MQQBrowser/6.2 TBS/044112 Mobile Safari/537.36 MicroMessenger/6.6.7.1321(0x26060739) NetType/4G Language/zh_CN" 1171
